tm_stm32f4_ili9341.c:105:6:TM_ILI9341_Init	8	static
tm_stm32f4_ili9341.c:126:6:TM_ILI9341_InitLCD	8	static
tm_stm32f4_ili9341.c:237:6:TM_ILI9341_DisplayOn	8	static
tm_stm32f4_ili9341.c:241:6:TM_ILI9341_DisplayOff	8	static
tm_stm32f4_ili9341.c:245:6:TM_ILI9341_SendCommand	16	static
tm_stm32f4_ili9341.c:253:6:TM_ILI9341_SendData	16	static
tm_stm32f4_ili9341.c:261:6:TM_ILI9341_DrawPixel	16	static
tm_stm32f4_ili9341.c:270:6:TM_ILI9341_SetCursorPosition	24	static
tm_stm32f4_ili9341.c:284:6:TM_ILI9341_Fill	24	static
tm_stm32f4_ili9341.c:289:6:TM_ILI9341_INT_Fill	40	static
tm_stm32f4_ili9341.c:346:6:TM_ILI9341_Delay	16	static
tm_stm32f4_ili9341.c:350:6:TM_ILI9341_Rotate	16	static
tm_stm32f4_ili9341.c:373:6:TM_ILI9341_Puts	40	static
tm_stm32f4_ili9341.c:403:6:TM_ILI9341_GetStringSize	32	static
tm_stm32f4_ili9341.c:412:6:TM_ILI9341_Putc	56	static
tm_stm32f4_ili9341.c:442:6:TM_ILI9341_DrawLine	48	static
tm_stm32f4_ili9341.c:504:6:TM_ILI9341_DrawRectangle	32	static
tm_stm32f4_ili9341.c:511:6:TM_ILI9341_DrawFilledRectangle	40	static
tm_stm32f4_ili9341.c:533:6:TM_ILI9341_DrawCircle	40	static
tm_stm32f4_ili9341.c:567:6:TM_ILI9341_DrawFilledCircle	56	static
tm_stm32f4_ili9341.c:598:6:TM_ILI9341_DrawImage	32	static
