tm_stm32f4_ili9341.c:99:6:TM_ILI9341_Init	8	static
tm_stm32f4_ili9341.c:120:6:TM_ILI9341_InitLCD	8	static
tm_stm32f4_ili9341.c:231:6:TM_ILI9341_DisplayOn	8	static
tm_stm32f4_ili9341.c:235:6:TM_ILI9341_DisplayOff	8	static
tm_stm32f4_ili9341.c:239:6:TM_ILI9341_SendCommand	16	static
tm_stm32f4_ili9341.c:246:6:TM_ILI9341_SendData	16	static
tm_stm32f4_ili9341.c:253:6:TM_ILI9341_DrawPixel	16	static
tm_stm32f4_ili9341.c:262:6:TM_ILI9341_SetCursorPosition	24	static
tm_stm32f4_ili9341.c:276:6:TM_ILI9341_Fill	24	static
tm_stm32f4_ili9341.c:281:6:TM_ILI9341_INT_Fill	40	static
tm_stm32f4_ili9341.c:339:6:TM_ILI9341_Delay	16	static
tm_stm32f4_ili9341.c:343:6:TM_ILI9341_Rotate	16	static
tm_stm32f4_ili9341.c:366:6:TM_ILI9341_Puts	40	static
tm_stm32f4_ili9341.c:396:6:TM_ILI9341_GetStringSize	32	static
tm_stm32f4_ili9341.c:405:6:TM_ILI9341_Putc	56	static
tm_stm32f4_ili9341.c:435:6:TM_ILI9341_DrawLine	48	static
tm_stm32f4_ili9341.c:497:6:TM_ILI9341_DrawRectangle	32	static
tm_stm32f4_ili9341.c:504:6:TM_ILI9341_DrawFilledRectangle	40	static
tm_stm32f4_ili9341.c:526:6:TM_ILI9341_DrawCircle	40	static
tm_stm32f4_ili9341.c:560:6:TM_ILI9341_DrawFilledCircle	56	static
tm_stm32f4_ili9341.c:591:6:TM_ILI9341_DrawImage	24	static
