ds18b20.c:18:6:Ds18b20_ManualConvert	8	static
ds18b20.c:60:6:Task_Ds18b20	32	static
ds18b20.c:127:9:DS18B20_Start	16	static
ds18b20.c:144:6:DS18B20_StartAll	16	static
ds18b20.c:154:6:DS18B20_Read	56	static
ds18b20.c:259:9:DS18B20_GetResolution	24	static
ds18b20.c:286:9:DS18B20_SetResolution	32	static
ds18b20.c:351:9:DS18B20_Is	16	static
ds18b20.c:360:9:DS18B20_SetAlarmLowTemperature	32	static
ds18b20.c:411:9:DS18B20_SetAlarmHighTemperature	32	static
ds18b20.c:462:9:DS18B20_DisableAlarmTemperature	24	static
ds18b20.c:508:9:DS18B20_AlarmSearch	16	static
ds18b20.c:514:9:DS18B20_AllDone	16	static
