Archive member included to satisfy reference by file (symbol)

/opt/st/stm32cubeide_1.6.1/plugins/com.st.stm32cube.ide.mcu.externaltools.gnu-tools-for-stm32.9-2020-q2-update.linux64_1.5.0.202011040924/tools/bin/../lib/gcc/arm-none-eabi/9.3.1/../../../../arm-none-eabi/lib/thumb/v7e-m+fp/hard/libc_nano.a(lib_a-errno.o)
                              Core/Src/syscalls.o (__errno)
/opt/st/stm32cubeide_1.6.1/plugins/com.st.stm32cube.ide.mcu.externaltools.gnu-tools-for-stm32.9-2020-q2-update.linux64_1.5.0.202011040924/tools/bin/../lib/gcc/arm-none-eabi/9.3.1/../../../../arm-none-eabi/lib/thumb/v7e-m+fp/hard/libc_nano.a(lib_a-exit.o)
                              /opt/st/stm32cubeide_1.6.1/plugins/com.st.stm32cube.ide.mcu.externaltools.gnu-tools-for-stm32.9-2020-q2-update.linux64_1.5.0.202011040924/tools/bin/../lib/gcc/arm-none-eabi/9.3.1/../../../../arm-none-eabi/lib/thumb/v7e-m+fp/hard/crt0.o (exit)
/opt/st/stm32cubeide_1.6.1/plugins/com.st.stm32cube.ide.mcu.externaltools.gnu-tools-for-stm32.9-2020-q2-update.linux64_1.5.0.202011040924/tools/bin/../lib/gcc/arm-none-eabi/9.3.1/../../../../arm-none-eabi/lib/thumb/v7e-m+fp/hard/libc_nano.a(lib_a-impure.o)
                              /opt/st/stm32cubeide_1.6.1/plugins/com.st.stm32cube.ide.mcu.externaltools.gnu-tools-for-stm32.9-2020-q2-update.linux64_1.5.0.202011040924/tools/bin/../lib/gcc/arm-none-eabi/9.3.1/../../../../arm-none-eabi/lib/thumb/v7e-m+fp/hard/libc_nano.a(lib_a-exit.o) (_global_impure_ptr)
/opt/st/stm32cubeide_1.6.1/plugins/com.st.stm32cube.ide.mcu.externaltools.gnu-tools-for-stm32.9-2020-q2-update.linux64_1.5.0.202011040924/tools/bin/../lib/gcc/arm-none-eabi/9.3.1/../../../../arm-none-eabi/lib/thumb/v7e-m+fp/hard/libc_nano.a(lib_a-init.o)
                              /opt/st/stm32cubeide_1.6.1/plugins/com.st.stm32cube.ide.mcu.externaltools.gnu-tools-for-stm32.9-2020-q2-update.linux64_1.5.0.202011040924/tools/bin/../lib/gcc/arm-none-eabi/9.3.1/../../../../arm-none-eabi/lib/thumb/v7e-m+fp/hard/crt0.o (__libc_init_array)
/opt/st/stm32cubeide_1.6.1/plugins/com.st.stm32cube.ide.mcu.externaltools.gnu-tools-for-stm32.9-2020-q2-update.linux64_1.5.0.202011040924/tools/bin/../lib/gcc/arm-none-eabi/9.3.1/../../../../arm-none-eabi/lib/thumb/v7e-m+fp/hard/libc_nano.a(lib_a-malloc.o)
                              Drivers/DISPLAY/tm_stm32f4_ili9341.o (malloc)
/opt/st/stm32cubeide_1.6.1/plugins/com.st.stm32cube.ide.mcu.externaltools.gnu-tools-for-stm32.9-2020-q2-update.linux64_1.5.0.202011040924/tools/bin/../lib/gcc/arm-none-eabi/9.3.1/../../../../arm-none-eabi/lib/thumb/v7e-m+fp/hard/libc_nano.a(lib_a-memcpy-stub.o)
                              Middlewares/Third_Party/FreeRTOS/Source/CMSIS_RTOS_V2/cmsis_os2.o (memcpy)
/opt/st/stm32cubeide_1.6.1/plugins/com.st.stm32cube.ide.mcu.externaltools.gnu-tools-for-stm32.9-2020-q2-update.linux64_1.5.0.202011040924/tools/bin/../lib/gcc/arm-none-eabi/9.3.1/../../../../arm-none-eabi/lib/thumb/v7e-m+fp/hard/libc_nano.a(lib_a-memset.o)
                              /opt/st/stm32cubeide_1.6.1/plugins/com.st.stm32cube.ide.mcu.externaltools.gnu-tools-for-stm32.9-2020-q2-update.linux64_1.5.0.202011040924/tools/bin/../lib/gcc/arm-none-eabi/9.3.1/../../../../arm-none-eabi/lib/thumb/v7e-m+fp/hard/crt0.o (memset)
/opt/st/stm32cubeide_1.6.1/plugins/com.st.stm32cube.ide.mcu.externaltools.gnu-tools-for-stm32.9-2020-q2-update.linux64_1.5.0.202011040924/tools/bin/../lib/gcc/arm-none-eabi/9.3.1/../../../../arm-none-eabi/lib/thumb/v7e-m+fp/hard/libc_nano.a(lib_a-nano-freer.o)
                              /opt/st/stm32cubeide_1.6.1/plugins/com.st.stm32cube.ide.mcu.externaltools.gnu-tools-for-stm32.9-2020-q2-update.linux64_1.5.0.202011040924/tools/bin/../lib/gcc/arm-none-eabi/9.3.1/../../../../arm-none-eabi/lib/thumb/v7e-m+fp/hard/libc_nano.a(lib_a-malloc.o) (_free_r)
/opt/st/stm32cubeide_1.6.1/plugins/com.st.stm32cube.ide.mcu.externaltools.gnu-tools-for-stm32.9-2020-q2-update.linux64_1.5.0.202011040924/tools/bin/../lib/gcc/arm-none-eabi/9.3.1/../../../../arm-none-eabi/lib/thumb/v7e-m+fp/hard/libc_nano.a(lib_a-nano-mallocr.o)
                              /opt/st/stm32cubeide_1.6.1/plugins/com.st.stm32cube.ide.mcu.externaltools.gnu-tools-for-stm32.9-2020-q2-update.linux64_1.5.0.202011040924/tools/bin/../lib/gcc/arm-none-eabi/9.3.1/../../../../arm-none-eabi/lib/thumb/v7e-m+fp/hard/libc_nano.a(lib_a-malloc.o) (_malloc_r)
/opt/st/stm32cubeide_1.6.1/plugins/com.st.stm32cube.ide.mcu.externaltools.gnu-tools-for-stm32.9-2020-q2-update.linux64_1.5.0.202011040924/tools/bin/../lib/gcc/arm-none-eabi/9.3.1/../../../../arm-none-eabi/lib/thumb/v7e-m+fp/hard/libc_nano.a(lib_a-sbrkr.o)
                              /opt/st/stm32cubeide_1.6.1/plugins/com.st.stm32cube.ide.mcu.externaltools.gnu-tools-for-stm32.9-2020-q2-update.linux64_1.5.0.202011040924/tools/bin/../lib/gcc/arm-none-eabi/9.3.1/../../../../arm-none-eabi/lib/thumb/v7e-m+fp/hard/libc_nano.a(lib_a-nano-mallocr.o) (_sbrk_r)
[...]
Memory Configuration

Name             Origin             Length             Attributes
CCMRAM           0x0000000010000000 0x0000000000010000 xrw
RAM              0x0000000020000000 0x0000000000020000 xrw
FLASH            0x0000000008000000 0x0000000000080000 xr
*default*        0x0000000000000000 0xffffffffffffffff

Linker script and memory map

LOAD /opt/st/stm32cubeide_1.6.1/plugins/com.st.stm32cube.ide.mcu.externaltools.gnu-tools-for-stm32.9-2020-q2-update.linux64_1.5.0.202011040924/tools/bin/../lib/gcc/arm-none-eabi/9.3.1/thumb/v7e-m+fp/hard/crti.o
LOAD /opt/st/stm32cubeide_1.6.1/plugins/com.st.stm32cube.ide.mcu.externaltools.gnu-tools-for-stm32.9-2020-q2-update.linux64_1.5.0.202011040924/tools/bin/../lib/gcc/arm-none-eabi/9.3.1/thumb/v7e-m+fp/hard/crtbegin.o
LOAD /opt/st/stm32cubeide_1.6.1/plugins/com.st.stm32cube.ide.mcu.externaltools.gnu-tools-for-stm32.9-2020-q2-update.linux64_1.5.0.202011040924/tools/bin/../lib/gcc/arm-none-eabi/9.3.1/../../../../arm-none-eabi/lib/thumb/v7e-m+fp/hard/crt0.o
LOAD Core/Src/freertos.o
LOAD Core/Src/main.o
LOAD Core/Src/stm32f4xx_hal_msp.o
LOAD Core/Src/stm32f4xx_hal_timebase_tim.o
LOAD Core/Src/stm32f4xx_it.o
LOAD Core/Src/syscalls.o
LOAD Core/Src/sysmem.o
LOAD Core/Src/system_stm32f4xx.o
LOAD Core/Startup/startup_stm32f407vetx.o
LOAD Drivers/DISPLAY/display.o
LOAD Drivers/DISPLAY/tm_stm32f4_fonts.o
LOAD Drivers/DISPLAY/tm_stm32f4_ili9341.o
LOAD Drivers/DISPLAY/touch.o
LOAD Drivers/DISPLAY/images/bat.o
LOAD Drivers/DS18B20/ds18b20.o
LOAD Drivers/DS18B20/onewire.o
LOAD Drivers/STM32F4xx_HAL_Driver/Src/stm32f4xx_hal.o
LOAD Drivers/STM32F4xx_HAL_Driver/Src/stm32f4xx_hal_cortex.o
LOAD Drivers/STM32F4xx_HAL_Driver/Src/stm32f4xx_hal_dma.o
LOAD Drivers/STM32F4xx_HAL_Driver/Src/stm32f4xx_hal_dma_ex.o
LOAD Drivers/STM32F4xx_HAL_Driver/Src/stm32f4xx_hal_exti.o
LOAD Drivers/STM32F4xx_HAL_Driver/Src/stm32f4xx_hal_flash.o
LOAD Drivers/STM32F4xx_HAL_Driver/Src/stm32f4xx_hal_flash_ex.o
LOAD Drivers/STM32F4xx_HAL_Driver/Src/stm32f4xx_hal_flash_ramfunc.o
LOAD Drivers/STM32F4xx_HAL_Driver/Src/stm32f4xx_hal_gpio.o
LOAD Drivers/STM32F4xx_HAL_Driver/Src/stm32f4xx_hal_i2c.o
LOAD Drivers/STM32F4xx_HAL_Driver/Src/stm32f4xx_hal_i2c_ex.o
LOAD Drivers/STM32F4xx_HAL_Driver/Src/stm32f4xx_hal_pwr.o
LOAD Drivers/STM32F4xx_HAL_Driver/Src/stm32f4xx_hal_pwr_ex.o
LOAD Drivers/STM32F4xx_HAL_Driver/Src/stm32f4xx_hal_rcc.o
LOAD Drivers/STM32F4xx_HAL_Driver/Src/stm32f4xx_hal_rcc_ex.o
LOAD Drivers/STM32F4xx_HAL_Driver/Src/stm32f4xx_hal_rtc.o
LOAD Drivers/STM32F4xx_HAL_Driver/Src/stm32f4xx_hal_rtc_ex.o
LOAD Drivers/STM32F4xx_HAL_Driver/Src/stm32f4xx_hal_spi.o
LOAD Drivers/STM32F4xx_HAL_Driver/Src/stm32f4xx_hal_tim.o
LOAD Drivers/STM32F4xx_HAL_Driver/Src/stm32f4xx_hal_tim_ex.o
LOAD Middlewares/Third_Party/FreeRTOS/Source/CMSIS_RTOS_V2/cmsis_os2.o
LOAD Middlewares/Third_Party/FreeRTOS/Source/croutine.o
LOAD Middlewares/Third_Party/FreeRTOS/Source/event_groups.o
LOAD Middlewares/Third_Party/FreeRTOS/Source/list.o
LOAD Middlewares/Third_Party/FreeRTOS/Source/queue.o
LOAD Middlewares/Third_Party/FreeRTOS/Source/stream_buffer.o
LOAD Middlewares/Third_Party/FreeRTOS/Source/tasks.o
LOAD Middlewares/Third_Party/FreeRTOS/Source/timers.o
LOAD Middlewares/Third_Party/FreeRTOS/Source/portable/GCC/ARM_CM4F/port.o
LOAD Middlewares/Third_Party/FreeRTOS/Source/portable/MemMang/heap_4.o
START GROUP
LOAD /opt/st/stm32cubeide_1.6.1/plugins/com.st.stm32cube.ide.mcu.externaltools.gnu-tools-for-stm32.9-2020-q2-update.linux64_1.5.0.202011040924/tools/bin/../lib/gcc/arm-none-eabi/9.3.1/../../../../arm-none-eabi/lib/thumb/v7e-m+fp/hard/libc_nano.a
LOAD /opt/st/stm32cubeide_1.6.1/plugins/com.st.stm32cube.ide.mcu.externaltools.gnu-tools-for-stm32.9-2020-q2-update.linux64_1.5.0.202011040924/tools/bin/../lib/gcc/arm-none-eabi/9.3.1/../../../../arm-none-eabi/lib/thumb/v7e-m+fp/hard/libm.a
END GROUP
START GROUP
LOAD /opt/st/stm32cubeide_1.6.1/plugins/com.st.stm32cube.ide.mcu.externaltools.gnu-tools-for-stm32.9-2020-q2-update.linux64_1.5.0.202011040924/tools/bin/../lib/gcc/arm-none-eabi/9.3.1/thumb/v7e-m+fp/hard/libgcc.a
LOAD /opt/st/stm32cubeide_1.6.1/plugins/com.st.stm32cube.ide.mcu.externaltools.gnu-tools-for-stm32.9-2020-q2-update.linux64_1.5.0.202011040924/tools/bin/../lib/gcc/arm-none-eabi/9.3.1/../../../../arm-none-eabi/lib/thumb/v7e-m+fp/hard/libc_nano.a
END GROUP
START GROUP
LOAD /opt/st/stm32cubeide_1.6.1/plugins/com.st.stm32cube.ide.mcu.externaltools.gnu-tools-for-stm32.9-2020-q2-update.linux64_1.5.0.202011040924/tools/bin/../lib/gcc/arm-none-eabi/9.3.1/thumb/v7e-m+fp/hard/libgcc.a
LOAD /opt/st/stm32cubeide_1.6.1/plugins/com.st.stm32cube.ide.mcu.externaltools.gnu-tools-for-stm32.9-2020-q2-update.linux64_1.5.0.202011040924/tools/bin/../lib/gcc/arm-none-eabi/9.3.1/../../../../arm-none-eabi/lib/thumb/v7e-m+fp/hard/libc_nano.a
LOAD /opt/st/stm32cubeide_1.6.1/plugins/com.st.stm32cube.ide.mcu.externaltools.gnu-tools-for-stm32.9-2020-q2-update.linux64_1.5.0.202011040924/tools/bin/../lib/gcc/arm-none-eabi/9.3.1/../../../../arm-none-eabi/lib/thumb/v7e-m+fp/hard/libnosys.a
END GROUP
START GROUP
LOAD /opt/st/stm32cubeide_1.6.1/plugins/com.st.stm32cube.ide.mcu.externaltools.gnu-tools-for-stm32.9-2020-q2-update.linux64_1.5.0.202011040924/tools/bin/../lib/gcc/arm-none-eabi/9.3.1/thumb/v7e-m+fp/hard/libgcc.a
LOAD /opt/st/stm32cubeide_1.6.1/plugins/com.st.stm32cube.ide.mcu.externaltools.gnu-tools-for-stm32.9-2020-q2-update.linux64_1.5.0.202011040924/tools/bin/../lib/gcc/arm-none-eabi/9.3.1/../../../../arm-none-eabi/lib/thumb/v7e-m+fp/hard/libc_nano.a
LOAD /opt/st/stm32cubeide_1.6.1/plugins/com.st.stm32cube.ide.mcu.externaltools.gnu-tools-for-stm32.9-2020-q2-update.linux64_1.5.0.202011040924/tools/bin/../lib/gcc/arm-none-eabi/9.3.1/../../../../arm-none-eabi/lib/thumb/v7e-m+fp/hard/libnosys.a
END GROUP
LOAD /opt/st/stm32cubeide_1.6.1/plugins/com.st.stm32cube.ide.mcu.externaltools.gnu-tools-for-stm32.9-2020-q2-update.linux64_1.5.0.202011040924/tools/bin/../lib/gcc/arm-none-eabi/9.3.1/thumb/v7e-m+fp/hard/crtend.o
LOAD /opt/st/stm32cubeide_1.6.1/plugins/com.st.stm32cube.ide.mcu.externaltools.gnu-tools-for-stm32.9-2020-q2-update.linux64_1.5.0.202011040924/tools/bin/../lib/gcc/arm-none-eabi/9.3.1/thumb/v7e-m+fp/hard/crtn.o
                0x0000000020020000                _estack = (ORIGIN (RAM) + LENGTH (RAM))
                0x0000000000000200                _Min_Heap_Size = 0x200
                0x0000000000000400                _Min_Stack_Size = 0x400

.isr_vector     0x0000000008000000      0x188
                0x0000000008000000                . = ALIGN (0x4)
 *(.isr_vector)
 .isr_vector    0x0000000008000000      0x188 Core/Startup/startup_stm32f407vetx.o
                0x0000000008000000                g_pfnVectors
                0x0000000008000188                . = ALIGN (0x4)

.text           0x0000000008000190     0x9bc4
                0x0000000008000190                . = ALIGN (0x4)
 *(.text)
 .text          0x0000000008000190       0x40 /opt/st/stm32cubeide_1.6.1/plugins/com.st.stm32cube.ide.mcu.externaltools.gnu-tools-for-stm32.9-2020-q2-update.linux64_1.5.0.202011040924/tools/bin/../lib/gcc/arm-none-eabi/9.3.1/thumb/v7e-m+fp/hard/crtbegin.o
 .text          0x00000000080001d0       0x30 /opt/st/stm32cubeide_1.6.1/plugins/com.st.stm32cube.ide.mcu.externaltools.gnu-tools-for-stm32.9-2020-q2-update.linux64_1.5.0.202011040924/tools/bin/../lib/gcc/arm-none-eabi/9.3.1/thumb/v7e-m+fp/hard/libgcc.a(_aeabi_uldivmod.o)
                0x00000000080001d0                __aeabi_uldivmod
 .text          0x0000000008000200      0x2c4 /opt/st/stm32cubeide_1.6.1/plugins/com.st.stm32cube.ide.mcu.externaltools.gnu-tools-for-stm32.9-2020-q2-update.linux64_1.5.0.202011040924/tools/bin/../lib/gcc/arm-none-eabi/9.3.1/thumb/v7e-m+fp/hard/libgcc.a(_udivmoddi4.o)
                0x0000000008000200                __udivmoddi4
 .text          0x00000000080004c4        0x4 /opt/st/stm32cubeide_1.6.1/plugins/com.st.stm32cube.ide.mcu.externaltools.gnu-tools-for-stm32.9-2020-q2-update.linux64_1.5.0.202011040924/tools/bin/../lib/gcc/arm-none-eabi/9.3.1/thumb/v7e-m+fp/hard/libgcc.a(_dvmd_tls.o)
                0x00000000080004c4                __aeabi_ldiv0
                0x00000000080004c4                __aeabi_idiv0
 *(.text*)
 .text.main     0x00000000080004c8      0x120 Core/Src/main.o
                0x00000000080004c8                main
 .text.SystemClock_Config
                0x00000000080005e8      0x104 Core/Src/main.o
                0x00000000080005e8                SystemClock_Config
 .text.MX_I2C1_Init
                0x00000000080006ec       0x5c Core/Src/main.o
 .text.MX_I2C2_Init
                0x0000000008000748       0x5c Core/Src/main.o
 .text.MX_RTC_Init
                0x00000000080007a4       0x4c Core/Src/main.o
 .text.MX_SPI1_Init
                0x00000000080007f0       0x6c Core/Src/main.o
 .text.MX_SPI3_Init
                0x000000000800085c       0x6c Core/Src/main.o
 .text.MX_TIM1_Init
                0x00000000080008c8      0x15c Core/Src/main.o
 .text.MX_TIM3_Init
                0x0000000008000a24       0xc8 Core/Src/main.o
 .text.MX_TIM4_Init
                0x0000000008000aec       0xf4 Core/Src/main.o
 .text.MX_TIM5_Init
                0x0000000008000be0       0x9c Core/Src/main.o
 .text.MX_DMA_Init
                0x0000000008000c7c       0x40 Core/Src/main.o
 .text.MX_GPIO_Init
                0x0000000008000cbc      0x220 Core/Src/main.o
 .text.idleTaskEntry
                0x0000000008000edc       0x30 Core/Src/main.o
                0x0000000008000edc                idleTaskEntry
 .text.buttonTaskEntry
                0x0000000008000f0c      0x2b0 Core/Src/main.o
                0x0000000008000f0c                buttonTaskEntry
 .text.fanTaskEntry
                0x00000000080011bc       0x7c Core/Src/main.o
                0x00000000080011bc                fanTaskEntry
 .text.displayTaskEntry
                0x0000000008001238       0x18 Core/Src/main.o
                0x0000000008001238                displayTaskEntry
 .text.touchTaskEntry
                0x0000000008001250       0x12 Core/Src/main.o
                0x0000000008001250                touchTaskEntry
 .text.dspTaskEntry
                0x0000000008001262       0x12 Core/Src/main.o
                0x0000000008001262                dspTaskEntry
 .text.sensorATaskEntry
                0x0000000008001274       0x16 Core/Src/main.o
                0x0000000008001274                sensorATaskEntry
 *fill*         0x000000000800128a        0x2 
 .text.HAL_TIM_PeriodElapsedCallback
                0x000000000800128c       0x24 Core/Src/main.o
                0x000000000800128c                HAL_TIM_PeriodElapsedCallback
 .text.Error_Handler
                0x00000000080012b0        0xa Core/Src/main.o
                0x00000000080012b0                Error_Handler
 *fill*         0x00000000080012ba        0x2 
 .text.HAL_MspInit
                0x00000000080012bc       0x58 Core/Src/stm32f4xx_hal_msp.o
                0x00000000080012bc                HAL_MspInit
 .text.HAL_I2C_MspInit
                0x0000000008001314       0xf8 Core/Src/stm32f4xx_hal_msp.o
                0x0000000008001314                HAL_I2C_MspInit
 .text.HAL_RTC_MspInit
                0x000000000800140c       0x2c Core/Src/stm32f4xx_hal_msp.o
                0x000000000800140c                HAL_RTC_MspInit
 .text.HAL_SPI_MspInit
                0x0000000008001438      0x1a4 Core/Src/stm32f4xx_hal_msp.o
                0x0000000008001438                HAL_SPI_MspInit
 .text.HAL_TIM_Base_MspInit
                0x00000000080015dc       0x8c Core/Src/stm32f4xx_hal_msp.o
                0x00000000080015dc                HAL_TIM_Base_MspInit
 .text.HAL_TIM_PWM_MspInit
                0x0000000008001668       0x44 Core/Src/stm32f4xx_hal_msp.o
                0x0000000008001668                HAL_TIM_PWM_MspInit
 .text.HAL_TIM_IC_MspInit
                0x00000000080016ac       0x90 Core/Src/stm32f4xx_hal_msp.o
                0x00000000080016ac                HAL_TIM_IC_MspInit
 .text.HAL_TIM_MspPostInit
                0x000000000800173c       0xc4 Core/Src/stm32f4xx_hal_msp.o
                0x000000000800173c                HAL_TIM_MspPostInit
 .text.HAL_InitTick
                0x0000000008001800       0xb4 Core/Src/stm32f4xx_hal_timebase_tim.o
                0x0000000008001800                HAL_InitTick
 .text.NMI_Handler
                0x00000000080018b4        0x6 Core/Src/stm32f4xx_it.o
                0x00000000080018b4                NMI_Handler
 .text.HardFault_Handler
                0x00000000080018ba        0x6 Core/Src/stm32f4xx_it.o
                0x00000000080018ba                HardFault_Handler
 .text.MemManage_Handler
                0x00000000080018c0        0x6 Core/Src/stm32f4xx_it.o
                0x00000000080018c0                MemManage_Handler
 .text.BusFault_Handler
                0x00000000080018c6        0x6 Core/Src/stm32f4xx_it.o
                0x00000000080018c6                BusFault_Handler
 .text.UsageFault_Handler
                0x00000000080018cc        0x6 Core/Src/stm32f4xx_it.o
                0x00000000080018cc                UsageFault_Handler
 .text.DebugMon_Handler
                0x00000000080018d2        0xe Core/Src/stm32f4xx_it.o
                0x00000000080018d2                DebugMon_Handler
 .text.TIM1_BRK_TIM9_IRQHandler
                0x00000000080018e0       0x14 Core/Src/stm32f4xx_it.o
                0x00000000080018e0                TIM1_BRK_TIM9_IRQHandler
 .text.TIM1_UP_TIM10_IRQHandler
                0x00000000080018f4       0x1c Core/Src/stm32f4xx_it.o
                0x00000000080018f4                TIM1_UP_TIM10_IRQHandler
 .text.DMA2_Stream5_IRQHandler
                0x0000000008001910       0x14 Core/Src/stm32f4xx_it.o
                0x0000000008001910                DMA2_Stream5_IRQHandler
 .text._sbrk    0x0000000008001924       0x6c Core/Src/sysmem.o
                0x0000000008001924                _sbrk
 .text.SystemInit
                0x0000000008001990       0x24 Core/Src/system_stm32f4xx.o
                0x0000000008001990                SystemInit
 .text.Reset_Handler
                0x00000000080019b4       0x50 Core/Startup/startup_stm32f407vetx.o
                0x00000000080019b4                Reset_Handler
 .text.Default_Handler
                0x0000000008001a04        0x2 Core/Startup/startup_stm32f407vetx.o
                0x0000000008001a04                RTC_Alarm_IRQHandler
                0x0000000008001a04                HASH_RNG_IRQHandler
                0x0000000008001a04                EXTI2_IRQHandler
                0x0000000008001a04                TIM8_CC_IRQHandler
                0x0000000008001a04                TIM1_CC_IRQHandler
                0x0000000008001a04                DMA1_Stream5_IRQHandler
                0x0000000008001a04                PVD_IRQHandler
                0x0000000008001a04                SDIO_IRQHandler
                0x0000000008001a04                TAMP_STAMP_IRQHandler
                0x0000000008001a04                CAN2_RX1_IRQHandler
                0x0000000008001a04                EXTI3_IRQHandler
                0x0000000008001a04                TIM8_TRG_COM_TIM14_IRQHandler
                0x0000000008001a04                TIM8_UP_TIM13_IRQHandler
                0x0000000008001a04                I2C3_ER_IRQHandler
                0x0000000008001a04                EXTI0_IRQHandler
                0x0000000008001a04                I2C2_EV_IRQHandler
                0x0000000008001a04                DMA1_Stream2_IRQHandler
                0x0000000008001a04                CAN1_RX0_IRQHandler
                0x0000000008001a04                FPU_IRQHandler
                0x0000000008001a04                OTG_HS_WKUP_IRQHandler
                0x0000000008001a04                CAN2_SCE_IRQHandler
                0x0000000008001a04                DMA2_Stream2_IRQHandler
                0x0000000008001a04                SPI1_IRQHandler
                0x0000000008001a04                TIM6_DAC_IRQHandler
                0x0000000008001a04                DCMI_IRQHandler
                0x0000000008001a04                CAN2_RX0_IRQHandler
                0x0000000008001a04                DMA2_Stream3_IRQHandler
                0x0000000008001a04                USART6_IRQHandler
                0x0000000008001a04                USART3_IRQHandler
                0x0000000008001a04                CAN1_RX1_IRQHandler
                0x0000000008001a04                UART5_IRQHandler
                0x0000000008001a04                DMA2_Stream0_IRQHandler
                0x0000000008001a04                TIM4_IRQHandler
                0x0000000008001a04                I2C1_EV_IRQHandler
                0x0000000008001a04                DMA1_Stream6_IRQHandler
                0x0000000008001a04                DMA1_Stream1_IRQHandler
                0x0000000008001a04                UART4_IRQHandler
                0x0000000008001a04                TIM3_IRQHandler
                0x0000000008001a04                RCC_IRQHandler
                0x0000000008001a04                TIM8_BRK_TIM12_IRQHandler
                0x0000000008001a04                Default_Handler
                0x0000000008001a04                EXTI15_10_IRQHandler
                0x0000000008001a04                ADC_IRQHandler
                0x0000000008001a04                DMA1_Stream7_IRQHandler
                0x0000000008001a04                TIM7_IRQHandler
                0x0000000008001a04                CAN2_TX_IRQHandler
                0x0000000008001a04                TIM5_IRQHandler
                0x0000000008001a04                DMA2_Stream7_IRQHandler
                0x0000000008001a04                I2C3_EV_IRQHandler
                0x0000000008001a04                EXTI9_5_IRQHandler
                0x0000000008001a04                RTC_WKUP_IRQHandler
                0x0000000008001a04                ETH_WKUP_IRQHandler
                0x0000000008001a04                SPI2_IRQHandler
                0x0000000008001a04                OTG_HS_EP1_IN_IRQHandler
                0x0000000008001a04                DMA1_Stream0_IRQHandler
                0x0000000008001a04                CAN1_TX_IRQHandler
                0x0000000008001a04                EXTI4_IRQHandler
                0x0000000008001a04                FSMC_IRQHandler
                0x0000000008001a04                ETH_IRQHandler
                0x0000000008001a04                OTG_HS_EP1_OUT_IRQHandler
                0x0000000008001a04                WWDG_IRQHandler
                0x0000000008001a04                TIM2_IRQHandler
                0x0000000008001a04                OTG_FS_WKUP_IRQHandler
                0x0000000008001a04                TIM1_TRG_COM_TIM11_IRQHandler
                0x0000000008001a04                OTG_HS_IRQHandler
                0x0000000008001a04                EXTI1_IRQHandler
                0x0000000008001a04                USART2_IRQHandler
                0x0000000008001a04                I2C2_ER_IRQHandler
                0x0000000008001a04                DMA2_Stream1_IRQHandler
                0x0000000008001a04                CAN1_SCE_IRQHandler
                0x0000000008001a04                FLASH_IRQHandler
                0x0000000008001a04                DMA2_Stream4_IRQHandler
                0x0000000008001a04                USART1_IRQHandler
                0x0000000008001a04                OTG_FS_IRQHandler
                0x0000000008001a04                SPI3_IRQHandler
                0x0000000008001a04                DMA1_Stream4_IRQHandler
                0x0000000008001a04                I2C1_ER_IRQHandler
                0x0000000008001a04                DMA2_Stream6_IRQHandler
                0x0000000008001a04                DMA1_Stream3_IRQHandler
 .text.drawPoint
                0x0000000008001a06       0x1c Drivers/DISPLAY/display.o
                0x0000000008001a06                drawPoint
 *fill*         0x0000000008001a22        0x2 
 .text.StartDisplayTask
                0x0000000008001a24      0x19c Drivers/DISPLAY/display.o
                0x0000000008001a24                StartDisplayTask
 .text.TM_ILI9341_Init
                0x0000000008001bc0       0x48 Drivers/DISPLAY/tm_stm32f4_ili9341.o
                0x0000000008001bc0                TM_ILI9341_Init
 .text.TM_ILI9341_InitLCD
                0x0000000008001c08      0x278 Drivers/DISPLAY/tm_stm32f4_ili9341.o
                0x0000000008001c08                TM_ILI9341_InitLCD
 .text.TM_ILI9341_SendCommand
                0x0000000008001e80       0x48 Drivers/DISPLAY/tm_stm32f4_ili9341.o
                0x0000000008001e80                TM_ILI9341_SendCommand
 .text.TM_ILI9341_SendData
                0x0000000008001ec8       0x48 Drivers/DISPLAY/tm_stm32f4_ili9341.o
                0x0000000008001ec8                TM_ILI9341_SendData
 .text.TM_ILI9341_DrawPixel
                0x0000000008001f10       0x40 Drivers/DISPLAY/tm_stm32f4_ili9341.o
                0x0000000008001f10                TM_ILI9341_DrawPixel
 .text.TM_ILI9341_SetCursorPosition
                0x0000000008001f50       0x92 Drivers/DISPLAY/tm_stm32f4_ili9341.o
                0x0000000008001f50                TM_ILI9341_SetCursorPosition
 *fill*         0x0000000008001fe2        0x2 
 .text.TM_ILI9341_Fill
                0x0000000008001fe4       0x2c Drivers/DISPLAY/tm_stm32f4_ili9341.o
                0x0000000008001fe4                TM_ILI9341_Fill
 .text.TM_ILI9341_INT_Fill
                0x0000000008002010      0x154 Drivers/DISPLAY/tm_stm32f4_ili9341.o
                0x0000000008002010                TM_ILI9341_INT_Fill
 .text.TM_ILI9341_Delay
                0x0000000008002164       0x24 Drivers/DISPLAY/tm_stm32f4_ili9341.o
                0x0000000008002164                TM_ILI9341_Delay
 .text.TM_ILI9341_Rotate
                0x0000000008002188       0x8c Drivers/DISPLAY/tm_stm32f4_ili9341.o
                0x0000000008002188                TM_ILI9341_Rotate
 .text.TM_ILI9341_Puts
                0x0000000008002214       0xb0 Drivers/DISPLAY/tm_stm32f4_ili9341.o
                0x0000000008002214                TM_ILI9341_Puts
 .text.TM_ILI9341_Putc
                0x00000000080022c4      0x124 Drivers/DISPLAY/tm_stm32f4_ili9341.o
                0x00000000080022c4                TM_ILI9341_Putc
 .text.TM_ILI9341_DrawFilledRectangle
                0x00000000080023e8       0x70 Drivers/DISPLAY/tm_stm32f4_ili9341.o
                0x00000000080023e8                TM_ILI9341_DrawFilledRectangle
 .text.TM_ILI9341_DrawImage
                0x0000000008002458      0x158 Drivers/DISPLAY/tm_stm32f4_ili9341.o
                0x0000000008002458                TM_ILI9341_DrawImage
 .text.Task_Ds18b20
                0x00000000080025b0      0x1d8 Drivers/DS18B20/ds18b20.o
                0x00000000080025b0                Task_Ds18b20
 .text.DS18B20_StartAll
                0x0000000008002788       0x26 Drivers/DS18B20/ds18b20.o
                0x0000000008002788                DS18B20_StartAll
 *fill*         0x00000000080027ae        0x2 
 .text.DS18B20_Read
                0x00000000080027b0      0x200 Drivers/DS18B20/ds18b20.o
                0x00000000080027b0                DS18B20_Read
 .text.DS18B20_SetResolution
                0x00000000080029b0      0x110 Drivers/DS18B20/ds18b20.o
                0x00000000080029b0                DS18B20_SetResolution
 .text.DS18B20_Is
                0x0000000008002ac0       0x22 Drivers/DS18B20/ds18b20.o
                0x0000000008002ac0                DS18B20_Is
 .text.DS18B20_DisableAlarmTemperature
                0x0000000008002ae2       0xb6 Drivers/DS18B20/ds18b20.o
                0x0000000008002ae2                DS18B20_DisableAlarmTemperature
 .text.DS18B20_AllDone
                0x0000000008002b98       0x18 Drivers/DS18B20/ds18b20.o
                0x0000000008002b98                DS18B20_AllDone
 .text.ONEWIRE_DELAY
                0x0000000008002bb0       0x34 Drivers/DS18B20/onewire.o
                0x0000000008002bb0                ONEWIRE_DELAY
 .text.ONEWIRE_LOW
                0x0000000008002be4       0x20 Drivers/DS18B20/onewire.o
                0x0000000008002be4                ONEWIRE_LOW
 .text.ONEWIRE_HIGH
                0x0000000008002c04       0x1e Drivers/DS18B20/onewire.o
                0x0000000008002c04                ONEWIRE_HIGH
 .text.ONEWIRE_INPUT
                0x0000000008002c22       0x32 Drivers/DS18B20/onewire.o
                0x0000000008002c22                ONEWIRE_INPUT
 .text.ONEWIRE_OUTPUT
                0x0000000008002c54       0x32 Drivers/DS18B20/onewire.o
                0x0000000008002c54                ONEWIRE_OUTPUT
 *fill*         0x0000000008002c86        0x2 
 .text.OneWire_Init
                0x0000000008002c88       0x5c Drivers/DS18B20/onewire.o
                0x0000000008002c88                OneWire_Init
 .text.OneWire_Reset
                0x0000000008002ce4       0x54 Drivers/DS18B20/onewire.o
                0x0000000008002ce4                OneWire_Reset
 .text.OneWire_WriteBit
                0x0000000008002d38       0x64 Drivers/DS18B20/onewire.o
                0x0000000008002d38                OneWire_WriteBit
 .text.OneWire_ReadBit
                0x0000000008002d9c       0x54 Drivers/DS18B20/onewire.o
                0x0000000008002d9c                OneWire_ReadBit
 .text.OneWire_WriteByte
                0x0000000008002df0       0x3c Drivers/DS18B20/onewire.o
                0x0000000008002df0                OneWire_WriteByte
 .text.OneWire_ReadByte
                0x0000000008002e2c       0x42 Drivers/DS18B20/onewire.o
                0x0000000008002e2c                OneWire_ReadByte
 .text.OneWire_First
                0x0000000008002e6e       0x20 Drivers/DS18B20/onewire.o
                0x0000000008002e6e                OneWire_First
 .text.OneWire_Next
                0x0000000008002e8e       0x1a Drivers/DS18B20/onewire.o
                0x0000000008002e8e                OneWire_Next
 .text.OneWire_ResetSearch
                0x0000000008002ea8       0x26 Drivers/DS18B20/onewire.o
                0x0000000008002ea8                OneWire_ResetSearch
 .text.OneWire_Search
                0x0000000008002ece      0x18c Drivers/DS18B20/onewire.o
                0x0000000008002ece                OneWire_Search
 .text.OneWire_SelectWithPointer
                0x000000000800305a       0x3e Drivers/DS18B20/onewire.o
                0x000000000800305a                OneWire_SelectWithPointer
 .text.OneWire_GetFullROM
                0x0000000008003098       0x3a Drivers/DS18B20/onewire.o
                0x0000000008003098                OneWire_GetFullROM
 .text.OneWire_CRC8
                0x00000000080030d2       0x70 Drivers/DS18B20/onewire.o
                0x00000000080030d2                OneWire_CRC8
 *fill*         0x0000000008003142        0x2 
 .text.HAL_Init
                0x0000000008003144       0x44 Drivers/STM32F4xx_HAL_Driver/Src/stm32f4xx_hal.o
                0x0000000008003144                HAL_Init
 .text.HAL_IncTick
                0x0000000008003188       0x28 Drivers/STM32F4xx_HAL_Driver/Src/stm32f4xx_hal.o
                0x0000000008003188                HAL_IncTick
 .text.HAL_GetTick
                0x00000000080031b0       0x18 Drivers/STM32F4xx_HAL_Driver/Src/stm32f4xx_hal.o
                0x00000000080031b0                HAL_GetTick
 .text.HAL_Delay
                0x00000000080031c8       0x48 Drivers/STM32F4xx_HAL_Driver/Src/stm32f4xx_hal.o
                0x00000000080031c8                HAL_Delay
 .text.__NVIC_SetPriorityGrouping
                0x0000000008003210       0x48 Drivers/STM32F4xx_HAL_Driver/Src/stm32f4xx_hal_cortex.o
 .text.__NVIC_GetPriorityGrouping
                0x0000000008003258       0x1c Drivers/STM32F4xx_HAL_Driver/Src/stm32f4xx_hal_cortex.o
 .text.__NVIC_EnableIRQ
                0x0000000008003274       0x3c Drivers/STM32F4xx_HAL_Driver/Src/stm32f4xx_hal_cortex.o
 .text.__NVIC_SetPriority
                0x00000000080032b0       0x54 Drivers/STM32F4xx_HAL_Driver/Src/stm32f4xx_hal_cortex.o
 .text.NVIC_EncodePriority
                0x0000000008003304       0x66 Drivers/STM32F4xx_HAL_Driver/Src/stm32f4xx_hal_cortex.o
 .text.HAL_NVIC_SetPriorityGrouping
                0x000000000800336a       0x16 Drivers/STM32F4xx_HAL_Driver/Src/stm32f4xx_hal_cortex.o
                0x000000000800336a                HAL_NVIC_SetPriorityGrouping
 .text.HAL_NVIC_SetPriority
                0x0000000008003380       0x38 Drivers/STM32F4xx_HAL_Driver/Src/stm32f4xx_hal_cortex.o
                0x0000000008003380                HAL_NVIC_SetPriority
 .text.HAL_NVIC_EnableIRQ
                0x00000000080033b8       0x1c Drivers/STM32F4xx_HAL_Driver/Src/stm32f4xx_hal_cortex.o
                0x00000000080033b8                HAL_NVIC_EnableIRQ
 .text.HAL_DMA_Init
                0x00000000080033d4      0x15c Drivers/STM32F4xx_HAL_Driver/Src/stm32f4xx_hal_dma.o
                0x00000000080033d4                HAL_DMA_Init
 .text.HAL_DMA_Start_IT
                0x0000000008003530       0xb0 Drivers/STM32F4xx_HAL_Driver/Src/stm32f4xx_hal_dma.o
                0x0000000008003530                HAL_DMA_Start_IT
 .text.HAL_DMA_IRQHandler
                0x00000000080035e0      0x314 Drivers/STM32F4xx_HAL_Driver/Src/stm32f4xx_hal_dma.o
                0x00000000080035e0                HAL_DMA_IRQHandler
 .text.DMA_SetConfig
                0x00000000080038f4       0x5c Drivers/STM32F4xx_HAL_Driver/Src/stm32f4xx_hal_dma.o
 .text.DMA_CalcBaseAndBitshift
                0x0000000008003950       0x6c Drivers/STM32F4xx_HAL_Driver/Src/stm32f4xx_hal_dma.o
 .text.DMA_CheckFifoParam
                0x00000000080039bc       0xf8 Drivers/STM32F4xx_HAL_Driver/Src/stm32f4xx_hal_dma.o
 .text.HAL_GPIO_Init
                0x0000000008003ab4      0x338 Drivers/STM32F4xx_HAL_Driver/Src/stm32f4xx_hal_gpio.o
                0x0000000008003ab4                HAL_GPIO_Init
 .text.HAL_GPIO_ReadPin
                0x0000000008003dec       0x30 Drivers/STM32F4xx_HAL_Driver/Src/stm32f4xx_hal_gpio.o
                0x0000000008003dec                HAL_GPIO_ReadPin
 .text.HAL_GPIO_WritePin
                0x0000000008003e1c       0x32 Drivers/STM32F4xx_HAL_Driver/Src/stm32f4xx_hal_gpio.o
                0x0000000008003e1c                HAL_GPIO_WritePin
 *fill*         0x0000000008003e4e        0x2 
 .text.HAL_I2C_Init
                0x0000000008003e50      0x288 Drivers/STM32F4xx_HAL_Driver/Src/stm32f4xx_hal_i2c.o
                0x0000000008003e50                HAL_I2C_Init
 .text.HAL_RCC_OscConfig
                0x00000000080040d8      0x4f0 Drivers/STM32F4xx_HAL_Driver/Src/stm32f4xx_hal_rcc.o
                0x00000000080040d8                HAL_RCC_OscConfig
 .text.HAL_RCC_ClockConfig
                0x00000000080045c8      0x1cc Drivers/STM32F4xx_HAL_Driver/Src/stm32f4xx_hal_rcc.o
                0x00000000080045c8                HAL_RCC_ClockConfig
 .text.HAL_RCC_GetSysClockFreq
                0x0000000008004794      0x16c Drivers/STM32F4xx_HAL_Driver/Src/stm32f4xx_hal_rcc.o
                0x0000000008004794                HAL_RCC_GetSysClockFreq
 .text.HAL_RCC_GetHCLKFreq
                0x0000000008004900       0x18 Drivers/STM32F4xx_HAL_Driver/Src/stm32f4xx_hal_rcc.o
                0x0000000008004900                HAL_RCC_GetHCLKFreq
 .text.HAL_RCC_GetPCLK1Freq
                0x0000000008004918       0x28 Drivers/STM32F4xx_HAL_Driver/Src/stm32f4xx_hal_rcc.o
                0x0000000008004918                HAL_RCC_GetPCLK1Freq
 .text.HAL_RCC_GetPCLK2Freq
                0x0000000008004940       0x28 Drivers/STM32F4xx_HAL_Driver/Src/stm32f4xx_hal_rcc.o
                0x0000000008004940                HAL_RCC_GetPCLK2Freq
 .text.HAL_RCC_GetClockConfig
                0x0000000008004968       0x64 Drivers/STM32F4xx_HAL_Driver/Src/stm32f4xx_hal_rcc.o
                0x0000000008004968                HAL_RCC_GetClockConfig
 .text.HAL_RCCEx_PeriphCLKConfig
                0x00000000080049cc      0x1c4 Drivers/STM32F4xx_HAL_Driver/Src/stm32f4xx_hal_rcc_ex.o
                0x00000000080049cc                HAL_RCCEx_PeriphCLKConfig
 .text.HAL_RTC_Init
                0x0000000008004b90      0x122 Drivers/STM32F4xx_HAL_Driver/Src/stm32f4xx_hal_rtc.o
                0x0000000008004b90                HAL_RTC_Init
 .text.HAL_RTC_WaitForSynchro
                0x0000000008004cb2       0x50 Drivers/STM32F4xx_HAL_Driver/Src/stm32f4xx_hal_rtc.o
                0x0000000008004cb2                HAL_RTC_WaitForSynchro
 .text.RTC_EnterInitMode
                0x0000000008004d02       0x58 Drivers/STM32F4xx_HAL_Driver/Src/stm32f4xx_hal_rtc.o
                0x0000000008004d02                RTC_EnterInitMode
 .text.HAL_SPI_Init
                0x0000000008004d5a      0x112 Drivers/STM32F4xx_HAL_Driver/Src/stm32f4xx_hal_spi.o
                0x0000000008004d5a                HAL_SPI_Init
 .text.HAL_SPI_Transmit
                0x0000000008004e6c      0x278 Drivers/STM32F4xx_HAL_Driver/Src/stm32f4xx_hal_spi.o
                0x0000000008004e6c                HAL_SPI_Transmit
 .text.HAL_SPI_Transmit_DMA
                0x00000000080050e4      0x16c Drivers/STM32F4xx_HAL_Driver/Src/stm32f4xx_hal_spi.o
                0x00000000080050e4                HAL_SPI_Transmit_DMA
 .text.HAL_SPI_TxCpltCallback
                0x0000000008005250       0x14 Drivers/STM32F4xx_HAL_Driver/Src/stm32f4xx_hal_spi.o
                0x0000000008005250                HAL_SPI_TxCpltCallback
 .text.HAL_SPI_TxHalfCpltCallback
                0x0000000008005264       0x14 Drivers/STM32F4xx_HAL_Driver/Src/stm32f4xx_hal_spi.o
                0x0000000008005264                HAL_SPI_TxHalfCpltCallback
 .text.HAL_SPI_ErrorCallback
                0x0000000008005278       0x14 Drivers/STM32F4xx_HAL_Driver/Src/stm32f4xx_hal_spi.o
                0x0000000008005278                HAL_SPI_ErrorCallback
 .text.SPI_DMATransmitCplt
                0x000000000800528c       0xa8 Drivers/STM32F4xx_HAL_Driver/Src/stm32f4xx_hal_spi.o
 .text.SPI_DMAHalfTransmitCplt
                0x0000000008005334       0x1c Drivers/STM32F4xx_HAL_Driver/Src/stm32f4xx_hal_spi.o
 .text.SPI_DMAError
                0x0000000008005350       0x40 Drivers/STM32F4xx_HAL_Driver/Src/stm32f4xx_hal_spi.o
 .text.SPI_WaitFlagStateUntilTimeout
                0x0000000008005390      0x110 Drivers/STM32F4xx_HAL_Driver/Src/stm32f4xx_hal_spi.o
 .text.SPI_EndRxTxTransaction
                0x00000000080054a0       0x84 Drivers/STM32F4xx_HAL_Driver/Src/stm32f4xx_hal_spi.o
 .text.HAL_TIM_Base_Init
                0x0000000008005524       0x9e Drivers/STM32F4xx_HAL_Driver/Src/stm32f4xx_hal_tim.o
                0x0000000008005524                HAL_TIM_Base_Init
 *fill*         0x00000000080055c2        0x2 
 .text.HAL_TIM_Base_Start
                0x00000000080055c4       0xd0 Drivers/STM32F4xx_HAL_Driver/Src/stm32f4xx_hal_tim.o
                0x00000000080055c4                HAL_TIM_Base_Start
 .text.HAL_TIM_Base_Start_IT
                0x0000000008005694       0xe0 Drivers/STM32F4xx_HAL_Driver/Src/stm32f4xx_hal_tim.o
                0x0000000008005694                HAL_TIM_Base_Start_IT
 .text.HAL_TIM_PWM_Init
                0x0000000008005774       0x9e Drivers/STM32F4xx_HAL_Driver/Src/stm32f4xx_hal_tim.o
                0x0000000008005774                HAL_TIM_PWM_Init
 *fill*         0x0000000008005812        0x2 
 .text.HAL_TIM_PWM_Start
                0x0000000008005814      0x190 Drivers/STM32F4xx_HAL_Driver/Src/stm32f4xx_hal_tim.o
                0x0000000008005814                HAL_TIM_PWM_Start
 .text.HAL_TIM_PWM_Stop
                0x00000000080059a4       0xe0 Drivers/STM32F4xx_HAL_Driver/Src/stm32f4xx_hal_tim.o
                0x00000000080059a4                HAL_TIM_PWM_Stop
 .text.HAL_TIM_IC_Init
                0x0000000008005a84       0x9e Drivers/STM32F4xx_HAL_Driver/Src/stm32f4xx_hal_tim.o
                0x0000000008005a84                HAL_TIM_IC_Init
 .text.HAL_TIM_IRQHandler
                0x0000000008005b22      0x210 Drivers/STM32F4xx_HAL_Driver/Src/stm32f4xx_hal_tim.o
                0x0000000008005b22                HAL_TIM_IRQHandler
 .text.HAL_TIM_IC_ConfigChannel
                0x0000000008005d32      0x128 Drivers/STM32F4xx_HAL_Driver/Src/stm32f4xx_hal_tim.o
                0x0000000008005d32                HAL_TIM_IC_ConfigChannel
 *fill*         0x0000000008005e5a        0x2 
 .text.HAL_TIM_PWM_ConfigChannel
                0x0000000008005e5c      0x17c Drivers/STM32F4xx_HAL_Driver/Src/stm32f4xx_hal_tim.o
                0x0000000008005e5c                HAL_TIM_PWM_ConfigChannel
 .text.HAL_TIM_ConfigClockSource
                0x0000000008005fd8      0x188 Drivers/STM32F4xx_HAL_Driver/Src/stm32f4xx_hal_tim.o
                0x0000000008005fd8                HAL_TIM_ConfigClockSource
 .text.HAL_TIM_OC_DelayElapsedCallback
                0x0000000008006160       0x14 Drivers/STM32F4xx_HAL_Driver/Src/stm32f4xx_hal_tim.o
                0x0000000008006160                HAL_TIM_OC_DelayElapsedCallback
 .text.HAL_TIM_IC_CaptureCallback
                0x0000000008006174       0x14 Drivers/STM32F4xx_HAL_Driver/Src/stm32f4xx_hal_tim.o
                0x0000000008006174                HAL_TIM_IC_CaptureCallback
 .text.HAL_TIM_PWM_PulseFinishedCallback
                0x0000000008006188       0x14 Drivers/STM32F4xx_HAL_Driver/Src/stm32f4xx_hal_tim.o
                0x0000000008006188                HAL_TIM_PWM_PulseFinishedCallback
 .text.HAL_TIM_TriggerCallback
                0x000000000800619c       0x14 Drivers/STM32F4xx_HAL_Driver/Src/stm32f4xx_hal_tim.o
                0x000000000800619c                HAL_TIM_TriggerCallback
 .text.TIM_Base_SetConfig
                0x00000000080061b0      0x140 Drivers/STM32F4xx_HAL_Driver/Src/stm32f4xx_hal_tim.o
                0x00000000080061b0                TIM_Base_SetConfig
 .text.TIM_OC1_SetConfig
                0x00000000080062f0       0xe0 Drivers/STM32F4xx_HAL_Driver/Src/stm32f4xx_hal_tim.o
 .text.TIM_OC2_SetConfig
                0x00000000080063d0       0xec Drivers/STM32F4xx_HAL_Driver/Src/stm32f4xx_hal_tim.o
                0x00000000080063d0                TIM_OC2_SetConfig
 .text.TIM_OC3_SetConfig
                0x00000000080064bc       0xe8 Drivers/STM32F4xx_HAL_Driver/Src/stm32f4xx_hal_tim.o
 .text.TIM_OC4_SetConfig
                0x00000000080065a4       0xac Drivers/STM32F4xx_HAL_Driver/Src/stm32f4xx_hal_tim.o
 .text.TIM_TI1_SetConfig
                0x0000000008006650       0xe8 Drivers/STM32F4xx_HAL_Driver/Src/stm32f4xx_hal_tim.o
                0x0000000008006650                TIM_TI1_SetConfig
 .text.TIM_TI1_ConfigInputStage
                0x0000000008006738       0x5e Drivers/STM32F4xx_HAL_Driver/Src/stm32f4xx_hal_tim.o
 .text.TIM_TI2_SetConfig
                0x0000000008006796       0x7a Drivers/STM32F4xx_HAL_Driver/Src/stm32f4xx_hal_tim.o
 .text.TIM_TI2_ConfigInputStage
                0x0000000008006810       0x60 Drivers/STM32F4xx_HAL_Driver/Src/stm32f4xx_hal_tim.o
 .text.TIM_TI3_SetConfig
                0x0000000008006870       0x78 Drivers/STM32F4xx_HAL_Driver/Src/stm32f4xx_hal_tim.o
 .text.TIM_TI4_SetConfig
                0x00000000080068e8       0x7a Drivers/STM32F4xx_HAL_Driver/Src/stm32f4xx_hal_tim.o
 .text.TIM_ITRx_SetConfig
                0x0000000008006962       0x36 Drivers/STM32F4xx_HAL_Driver/Src/stm32f4xx_hal_tim.o
 .text.TIM_ETR_SetConfig
                0x0000000008006998       0x40 Drivers/STM32F4xx_HAL_Driver/Src/stm32f4xx_hal_tim.o
                0x0000000008006998                TIM_ETR_SetConfig
 .text.TIM_CCxChannelCmd
                0x00000000080069d8       0x4a Drivers/STM32F4xx_HAL_Driver/Src/stm32f4xx_hal_tim.o
                0x00000000080069d8                TIM_CCxChannelCmd
 *fill*         0x0000000008006a22        0x2 
 .text.HAL_TIMEx_MasterConfigSynchronization
                0x0000000008006a24       0xf8 Drivers/STM32F4xx_HAL_Driver/Src/stm32f4xx_hal_tim_ex.o
                0x0000000008006a24                HAL_TIMEx_MasterConfigSynchronization
 .text.HAL_TIMEx_ConfigBreakDeadTime
                0x0000000008006b1c       0xa4 Drivers/STM32F4xx_HAL_Driver/Src/stm32f4xx_hal_tim_ex.o
                0x0000000008006b1c                HAL_TIMEx_ConfigBreakDeadTime
 .text.HAL_TIMEx_CommutCallback
                0x0000000008006bc0       0x14 Drivers/STM32F4xx_HAL_Driver/Src/stm32f4xx_hal_tim_ex.o
                0x0000000008006bc0                HAL_TIMEx_CommutCallback
 .text.HAL_TIMEx_BreakCallback
                0x0000000008006bd4       0x14 Drivers/STM32F4xx_HAL_Driver/Src/stm32f4xx_hal_tim_ex.o
                0x0000000008006bd4                HAL_TIMEx_BreakCallback
 .text.__NVIC_SetPriority
                0x0000000008006be8       0x54 Middlewares/Third_Party/FreeRTOS/Source/CMSIS_RTOS_V2/cmsis_os2.o
 .text.SysTick_Handler
                0x0000000008006c3c       0x20 Middlewares/Third_Party/FreeRTOS/Source/CMSIS_RTOS_V2/cmsis_os2.o
                0x0000000008006c3c                SysTick_Handler
 .text.SVC_Setup
                0x0000000008006c5c       0x12 Middlewares/Third_Party/FreeRTOS/Source/CMSIS_RTOS_V2/cmsis_os2.o
 *fill*         0x0000000008006c6e        0x2 
 .text.osKernelInitialize
                0x0000000008006c70       0x48 Middlewares/Third_Party/FreeRTOS/Source/CMSIS_RTOS_V2/cmsis_os2.o
                0x0000000008006c70                osKernelInitialize
 .text.osKernelStart
                0x0000000008006cb8       0x4c Middlewares/Third_Party/FreeRTOS/Source/CMSIS_RTOS_V2/cmsis_os2.o
                0x0000000008006cb8                osKernelStart
 .text.osThreadNew
                0x0000000008006d04      0x124 Middlewares/Third_Party/FreeRTOS/Source/CMSIS_RTOS_V2/cmsis_os2.o
                0x0000000008006d04                osThreadNew
 .text.osDelay  0x0000000008006e28       0x36 Middlewares/Third_Party/FreeRTOS/Source/CMSIS_RTOS_V2/cmsis_os2.o
                0x0000000008006e28                osDelay
 .text.osMessageQueueNew
                0x0000000008006e5e       0xe6 Middlewares/Third_Party/FreeRTOS/Source/CMSIS_RTOS_V2/cmsis_os2.o
                0x0000000008006e5e                osMessageQueueNew
 .text.osMessageQueueGet
                0x0000000008006f44       0xbc Middlewares/Third_Party/FreeRTOS/Source/CMSIS_RTOS_V2/cmsis_os2.o
                0x0000000008006f44                osMessageQueueGet
 .text.vApplicationGetIdleTaskMemory
                0x0000000008007000       0x34 Middlewares/Third_Party/FreeRTOS/Source/CMSIS_RTOS_V2/cmsis_os2.o
                0x0000000008007000                vApplicationGetIdleTaskMemory
 .text.vApplicationGetTimerTaskMemory
                0x0000000008007034       0x34 Middlewares/Third_Party/FreeRTOS/Source/CMSIS_RTOS_V2/cmsis_os2.o
                0x0000000008007034                vApplicationGetTimerTaskMemory
 .text.vListInitialise
                0x0000000008007068       0x40 Middlewares/Third_Party/FreeRTOS/Source/list.o
                0x0000000008007068                vListInitialise
 .text.vListInitialiseItem
                0x00000000080070a8       0x1a Middlewares/Third_Party/FreeRTOS/Source/list.o
                0x00000000080070a8                vListInitialiseItem
 .text.vListInsertEnd
                0x00000000080070c2       0x48 Middlewares/Third_Party/FreeRTOS/Source/list.o
                0x00000000080070c2                vListInsertEnd
 .text.vListInsert
                0x000000000800710a       0x72 Middlewares/Third_Party/FreeRTOS/Source/list.o
                0x000000000800710a                vListInsert
 .text.uxListRemove
                0x000000000800717c       0x54 Middlewares/Third_Party/FreeRTOS/Source/list.o
                0x000000000800717c                uxListRemove
 .text.xQueueGenericReset
                0x00000000080071d0       0xd0 Middlewares/Third_Party/FreeRTOS/Source/queue.o
                0x00000000080071d0                xQueueGenericReset
 .text.xQueueGenericCreateStatic
                0x00000000080072a0       0xf0 Middlewares/Third_Party/FreeRTOS/Source/queue.o
                0x00000000080072a0                xQueueGenericCreateStatic
 .text.xQueueGenericCreate
                0x0000000008007390       0x74 Middlewares/Third_Party/FreeRTOS/Source/queue.o
                0x0000000008007390                xQueueGenericCreate
 .text.prvInitialiseNewQueue
                0x0000000008007404       0x46 Middlewares/Third_Party/FreeRTOS/Source/queue.o
 *fill*         0x000000000800744a        0x2 
 .text.xQueueGenericSend
                0x000000000800744c      0x1fc Middlewares/Third_Party/FreeRTOS/Source/queue.o
                0x000000000800744c                xQueueGenericSend
 .text.xQueueGenericSendFromISR
                0x0000000008007648      0x136 Middlewares/Third_Party/FreeRTOS/Source/queue.o
                0x0000000008007648                xQueueGenericSendFromISR
 *fill*         0x000000000800777e        0x2 
 .text.xQueueReceive
                0x0000000008007780      0x1c0 Middlewares/Third_Party/FreeRTOS/Source/queue.o
                0x0000000008007780                xQueueReceive
 .text.xQueueReceiveFromISR
                0x0000000008007940      0x100 Middlewares/Third_Party/FreeRTOS/Source/queue.o
                0x0000000008007940                xQueueReceiveFromISR
 .text.prvCopyDataToQueue
                0x0000000008007a40       0xd4 Middlewares/Third_Party/FreeRTOS/Source/queue.o
 .text.prvCopyDataFromQueue
                0x0000000008007b14       0x4c Middlewares/Third_Party/FreeRTOS/Source/queue.o
 .text.prvUnlockQueue
                0x0000000008007b60       0xa4 Middlewares/Third_Party/FreeRTOS/Source/queue.o
 .text.prvIsQueueEmpty
                0x0000000008007c04       0x2c Middlewares/Third_Party/FreeRTOS/Source/queue.o
 .text.prvIsQueueFull
                0x0000000008007c30       0x30 Middlewares/Third_Party/FreeRTOS/Source/queue.o
 .text.vQueueAddToRegistry
                0x0000000008007c60       0x54 Middlewares/Third_Party/FreeRTOS/Source/queue.o
                0x0000000008007c60                vQueueAddToRegistry
 .text.vQueueWaitForMessageRestricted
                0x0000000008007cb4       0x68 Middlewares/Third_Party/FreeRTOS/Source/queue.o
                0x0000000008007cb4                vQueueWaitForMessageRestricted
 .text.xTaskCreateStatic
                0x0000000008007d1c       0xba Middlewares/Third_Party/FreeRTOS/Source/tasks.o
                0x0000000008007d1c                xTaskCreateStatic
 .text.xTaskCreate
                0x0000000008007dd6       0x8a Middlewares/Third_Party/FreeRTOS/Source/tasks.o
                0x0000000008007dd6                xTaskCreate
 .text.prvInitialiseNewTask
                0x0000000008007e60      0x11e Middlewares/Third_Party/FreeRTOS/Source/tasks.o
 *fill*         0x0000000008007f7e        0x2 
 .text.prvAddNewTaskToReadyList
                0x0000000008007f80       0xe0 Middlewares/Third_Party/FreeRTOS/Source/tasks.o
 .text.vTaskDelete
                0x0000000008008060       0xe4 Middlewares/Third_Party/FreeRTOS/Source/tasks.o
                0x0000000008008060                vTaskDelete
 .text.vTaskDelay
                0x0000000008008144       0x68 Middlewares/Third_Party/FreeRTOS/Source/tasks.o
                0x0000000008008144                vTaskDelay
 .text.vTaskStartScheduler
                0x00000000080081ac       0xcc Middlewares/Third_Party/FreeRTOS/Source/tasks.o
                0x00000000080081ac                vTaskStartScheduler
 .text.vTaskSuspendAll
                0x0000000008008278       0x1c Middlewares/Third_Party/FreeRTOS/Source/tasks.o
                0x0000000008008278                vTaskSuspendAll
 .text.xTaskResumeAll
                0x0000000008008294      0x13c Middlewares/Third_Party/FreeRTOS/Source/tasks.o
                0x0000000008008294                xTaskResumeAll
 .text.xTaskGetTickCount
                0x00000000080083d0       0x20 Middlewares/Third_Party/FreeRTOS/Source/tasks.o
                0x00000000080083d0                xTaskGetTickCount
 .text.xTaskIncrementTick
                0x00000000080083f0      0x174 Middlewares/Third_Party/FreeRTOS/Source/tasks.o
                0x00000000080083f0                xTaskIncrementTick
 .text.vTaskSwitchContext
                0x0000000008008564       0xbc Middlewares/Third_Party/FreeRTOS/Source/tasks.o
                0x0000000008008564                vTaskSwitchContext
 .text.vTaskPlaceOnEventList
                0x0000000008008620       0x48 Middlewares/Third_Party/FreeRTOS/Source/tasks.o
                0x0000000008008620                vTaskPlaceOnEventList
 .text.vTaskPlaceOnEventListRestricted
                0x0000000008008668       0x58 Middlewares/Third_Party/FreeRTOS/Source/tasks.o
                0x0000000008008668                vTaskPlaceOnEventListRestricted
 .text.xTaskRemoveFromEventList
                0x00000000080086c0       0xc8 Middlewares/Third_Party/FreeRTOS/Source/tasks.o
                0x00000000080086c0                xTaskRemoveFromEventList
 .text.vTaskInternalSetTimeOutState
                0x0000000008008788       0x2c Middlewares/Third_Party/FreeRTOS/Source/tasks.o
                0x0000000008008788                vTaskInternalSetTimeOutState
 .text.xTaskCheckForTimeOut
                0x00000000080087b4       0xc4 Middlewares/Third_Party/FreeRTOS/Source/tasks.o
                0x00000000080087b4                xTaskCheckForTimeOut
 .text.vTaskMissedYield
                0x0000000008008878       0x18 Middlewares/Third_Party/FreeRTOS/Source/tasks.o
                0x0000000008008878                vTaskMissedYield
 .text.prvIdleTask
                0x0000000008008890       0x30 Middlewares/Third_Party/FreeRTOS/Source/tasks.o
 .text.prvInitialiseTaskLists
                0x00000000080088c0       0x80 Middlewares/Third_Party/FreeRTOS/Source/tasks.o
 .text.prvCheckTasksWaitingTermination
                0x0000000008008940       0x5c Middlewares/Third_Party/FreeRTOS/Source/tasks.o
 .text.prvDeleteTCB
                0x000000000800899c       0x5e Middlewares/Third_Party/FreeRTOS/Source/tasks.o
 *fill*         0x00000000080089fa        0x2 
 .text.prvResetNextTaskUnblockTime
                0x00000000080089fc       0x40 Middlewares/Third_Party/FreeRTOS/Source/tasks.o
 .text.xTaskGetSchedulerState
                0x0000000008008a3c       0x3c Middlewares/Third_Party/FreeRTOS/Source/tasks.o
                0x0000000008008a3c                xTaskGetSchedulerState
 .text.xTaskPriorityDisinherit
                0x0000000008008a78       0xdc Middlewares/Third_Party/FreeRTOS/Source/tasks.o
                0x0000000008008a78                xTaskPriorityDisinherit
 .text.prvAddCurrentTaskToDelayedList
                0x0000000008008b54       0xa8 Middlewares/Third_Party/FreeRTOS/Source/tasks.o
 .text.xTimerCreateTimerTask
                0x0000000008008bfc       0x90 Middlewares/Third_Party/FreeRTOS/Source/timers.o
                0x0000000008008bfc                xTimerCreateTimerTask
 .text.xTimerGenericCommand
                0x0000000008008c8c       0x9c Middlewares/Third_Party/FreeRTOS/Source/timers.o
                0x0000000008008c8c                xTimerGenericCommand
 .text.prvProcessExpiredTimer
                0x0000000008008d28       0x98 Middlewares/Third_Party/FreeRTOS/Source/timers.o
 .text.prvTimerTask
                0x0000000008008dc0       0x24 Middlewares/Third_Party/FreeRTOS/Source/timers.o
 .text.prvProcessTimerOrBlockTask
                0x0000000008008de4       0x9c Middlewares/Third_Party/FreeRTOS/Source/timers.o
 .text.prvGetNextExpireTime
                0x0000000008008e80       0x48 Middlewares/Third_Party/FreeRTOS/Source/timers.o
 .text.prvSampleTimeNow
                0x0000000008008ec8       0x40 Middlewares/Third_Party/FreeRTOS/Source/timers.o
 .text.prvInsertTimerInActiveList
                0x0000000008008f08       0x84 Middlewares/Third_Party/FreeRTOS/Source/timers.o
 .text.prvProcessReceivedCommands
                0x0000000008008f8c      0x1c4 Middlewares/Third_Party/FreeRTOS/Source/timers.o
 .text.prvSwitchTimerLists
                0x0000000008009150       0xc8 Middlewares/Third_Party/FreeRTOS/Source/timers.o
 .text.prvCheckForValidListAndQueue
                0x0000000008009218       0x80 Middlewares/Third_Party/FreeRTOS/Source/timers.o
 .text.pxPortInitialiseStack
                0x0000000008009298       0x68 Middlewares/Third_Party/FreeRTOS/Source/portable/GCC/ARM_CM4F/port.o
                0x0000000008009298                pxPortInitialiseStack
 .text.prvTaskExitError
                0x0000000008009300       0x58 Middlewares/Third_Party/FreeRTOS/Source/portable/GCC/ARM_CM4F/port.o
 *fill*         0x0000000008009358        0x8 
 .text.SVC_Handler
                0x0000000008009360       0x28 Middlewares/Third_Party/FreeRTOS/Source/portable/GCC/ARM_CM4F/port.o
                0x0000000008009360                SVC_Handler
 .text.prvPortStartFirstTask
                0x0000000008009388       0x28 Middlewares/Third_Party/FreeRTOS/Source/portable/GCC/ARM_CM4F/port.o
 .text.xPortStartScheduler
                0x00000000080093b0      0x144 Middlewares/Third_Party/FreeRTOS/Source/portable/GCC/ARM_CM4F/port.o
                0x00000000080093b0                xPortStartScheduler
 .text.vPortEnterCritical
                0x00000000080094f4       0x60 Middlewares/Third_Party/FreeRTOS/Source/portable/GCC/ARM_CM4F/port.o
                0x00000000080094f4                vPortEnterCritical
 .text.vPortExitCritical
                0x0000000008009554       0x54 Middlewares/Third_Party/FreeRTOS/Source/portable/GCC/ARM_CM4F/port.o
                0x0000000008009554                vPortExitCritical
 *fill*         0x00000000080095a8        0x8 
 .text.PendSV_Handler
                0x00000000080095b0       0x68 Middlewares/Third_Party/FreeRTOS/Source/portable/GCC/ARM_CM4F/port.o
                0x00000000080095b0                PendSV_Handler
 .text.xPortSysTickHandler
                0x0000000008009618       0x44 Middlewares/Third_Party/FreeRTOS/Source/portable/GCC/ARM_CM4F/port.o
                0x0000000008009618                xPortSysTickHandler
 .text.vPortSetupTimerInterrupt
                0x000000000800965c       0x48 Middlewares/Third_Party/FreeRTOS/Source/portable/GCC/ARM_CM4F/port.o
                0x000000000800965c                vPortSetupTimerInterrupt
 .text.vPortEnableVFP
                0x00000000080096a4       0x14 Middlewares/Third_Party/FreeRTOS/Source/portable/GCC/ARM_CM4F/port.o
 .text.vPortValidateInterruptPriority
                0x00000000080096b8       0x80 Middlewares/Third_Party/FreeRTOS/Source/portable/GCC/ARM_CM4F/port.o
                0x00000000080096b8                vPortValidateInterruptPriority
 .text.pvPortMalloc
                0x0000000008009738      0x198 Middlewares/Third_Party/FreeRTOS/Source/portable/MemMang/heap_4.o
                0x0000000008009738                pvPortMalloc
 .text.vPortFree
                0x00000000080098d0       0xc4 Middlewares/Third_Party/FreeRTOS/Source/portable/MemMang/heap_4.o
                0x00000000080098d0                vPortFree
 .text.prvHeapInit
                0x0000000008009994       0xc4 Middlewares/Third_Party/FreeRTOS/Source/portable/MemMang/heap_4.o
 .text.prvInsertBlockIntoFreeList
                0x0000000008009a58       0xb4 Middlewares/Third_Party/FreeRTOS/Source/portable/MemMang/heap_4.o
 .text.__errno  0x0000000008009b0c        0xc /opt/st/stm32cubeide_1.6.1/plugins/com.st.stm32cube.ide.mcu.externaltools.gnu-tools-for-stm32.9-2020-q2-update.linux64_1.5.0.202011040924/tools/bin/../lib/gcc/arm-none-eabi/9.3.1/../../../../arm-none-eabi/lib/thumb/v7e-m+fp/hard/libc_nano.a(lib_a-errno.o)
                0x0000000008009b0c                __errno
 .text.__libc_init_array
                0x0000000008009b18       0x48 /opt/st/stm32cubeide_1.6.1/plugins/com.st.stm32cube.ide.mcu.externaltools.gnu-tools-for-stm32.9-2020-q2-update.linux64_1.5.0.202011040924/tools/bin/../lib/gcc/arm-none-eabi/9.3.1/../../../../arm-none-eabi/lib/thumb/v7e-m+fp/hard/libc_nano.a(lib_a-init.o)
                0x0000000008009b18                __libc_init_array
 .text.malloc   0x0000000008009b60       0x10 /opt/st/stm32cubeide_1.6.1/plugins/com.st.stm32cube.ide.mcu.externaltools.gnu-tools-for-stm32.9-2020-q2-update.linux64_1.5.0.202011040924/tools/bin/../lib/gcc/arm-none-eabi/9.3.1/../../../../arm-none-eabi/lib/thumb/v7e-m+fp/hard/libc_nano.a(lib_a-malloc.o)
                0x0000000008009b60                malloc
 .text.free     0x0000000008009b70       0x10 /opt/st/stm32cubeide_1.6.1/plugins/com.st.stm32cube.ide.mcu.externaltools.gnu-tools-for-stm32.9-2020-q2-update.linux64_1.5.0.202011040924/tools/bin/../lib/gcc/arm-none-eabi/9.3.1/../../../../arm-none-eabi/lib/thumb/v7e-m+fp/hard/libc_nano.a(lib_a-malloc.o)
                0x0000000008009b70                free
 .text.memcpy   0x0000000008009b80       0x1c /opt/st/stm32cubeide_1.6.1/plugins/com.st.stm32cube.ide.mcu.externaltools.gnu-tools-for-stm32.9-2020-q2-update.linux64_1.5.0.202011040924/tools/bin/../lib/gcc/arm-none-eabi/9.3.1/../../../../arm-none-eabi/lib/thumb/v7e-m+fp/hard/libc_nano.a(lib_a-memcpy-stub.o)
                0x0000000008009b80                memcpy
 .text.memset   0x0000000008009b9c       0x10 /opt/st/stm32cubeide_1.6.1/plugins/com.st.stm32cube.ide.mcu.externaltools.gnu-tools-for-stm32.9-2020-q2-update.linux64_1.5.0.202011040924/tools/bin/../lib/gcc/arm-none-eabi/9.3.1/../../../../arm-none-eabi/lib/thumb/v7e-m+fp/hard/libc_nano.a(lib_a-memset.o)
                0x0000000008009b9c                memset
 .text._free_r  0x0000000008009bac       0xa0 /opt/st/stm32cubeide_1.6.1/plugins/com.st.stm32cube.ide.mcu.externaltools.gnu-tools-for-stm32.9-2020-q2-update.linux64_1.5.0.202011040924/tools/bin/../lib/gcc/arm-none-eabi/9.3.1/../../../../arm-none-eabi/lib/thumb/v7e-m+fp/hard/libc_nano.a(lib_a-nano-freer.o)
                0x0000000008009bac                _free_r
 .text._malloc_r
                0x0000000008009c4c       0xb4 /opt/st/stm32cubeide_1.6.1/plugins/com.st.stm32cube.ide.mcu.externaltools.gnu-tools-for-stm32.9-2020-q2-update.linux64_1.5.0.202011040924/tools/bin/../lib/gcc/arm-none-eabi/9.3.1/../../../../arm-none-eabi/lib/thumb/v7e-m+fp/hard/libc_nano.a(lib_a-nano-mallocr.o)
                0x0000000008009c4c                _malloc_r
 .text._sbrk_r  0x0000000008009d00       0x20 /opt/st/stm32cubeide_1.6.1/plugins/com.st.stm32cube.ide.mcu.externaltools.gnu-tools-for-stm32.9-2020-q2-update.linux64_1.5.0.202011040924/tools/bin/../lib/gcc/arm-none-eabi/9.3.1/../../../../arm-none-eabi/lib/thumb/v7e-m+fp/hard/libc_nano.a(lib_a-sbrkr.o)
                0x0000000008009d00                _sbrk_r
 .text.__malloc_lock
                0x0000000008009d20        0xc /opt/st/stm32cubeide_1.6.1/plugins/com.st.stm32cube.ide.mcu.externaltools.gnu-tools-for-stm32.9-2020-q2-update.linux64_1.5.0.202011040924/tools/bin/../lib/gcc/arm-none-eabi/9.3.1/../../../../arm-none-eabi/lib/thumb/v7e-m+fp/hard/libc_nano.a(lib_a-mlock.o)
                0x0000000008009d20                __malloc_lock
 .text.__malloc_unlock
                0x0000000008009d2c        0xc /opt/st/stm32cubeide_1.6.1/plugins/com.st.stm32cube.ide.mcu.externaltools.gnu-tools-for-stm32.9-2020-q2-update.linux64_1.5.0.202011040924/tools/bin/../lib/gcc/arm-none-eabi/9.3.1/../../../../arm-none-eabi/lib/thumb/v7e-m+fp/hard/libc_nano.a(lib_a-mlock.o)
                0x0000000008009d2c                __malloc_unlock
 .text.__retarget_lock_acquire_recursive
                0x0000000008009d38        0x2 /opt/st/stm32cubeide_1.6.1/plugins/com.st.stm32cube.ide.mcu.externaltools.gnu-tools-for-stm32.9-2020-q2-update.linux64_1.5.0.202011040924/tools/bin/../lib/gcc/arm-none-eabi/9.3.1/../../../../arm-none-eabi/lib/thumb/v7e-m+fp/hard/libc_nano.a(lib_a-lock.o)
                0x0000000008009d38                __retarget_lock_acquire_recursive
 .text.__retarget_lock_release_recursive
                0x0000000008009d3a        0x2 /opt/st/stm32cubeide_1.6.1/plugins/com.st.stm32cube.ide.mcu.externaltools.gnu-tools-for-stm32.9-2020-q2-update.linux64_1.5.0.202011040924/tools/bin/../lib/gcc/arm-none-eabi/9.3.1/../../../../arm-none-eabi/lib/thumb/v7e-m+fp/hard/libc_nano.a(lib_a-lock.o)
                0x0000000008009d3a                __retarget_lock_release_recursive
 *(.glue_7)
 .glue_7        0x0000000008009d3c        0x0 linker stubs
 *(.glue_7t)
 .glue_7t       0x0000000008009d3c        0x0 linker stubs
 *(.eh_frame)
 .eh_frame      0x0000000008009d3c        0x0 /opt/st/stm32cubeide_1.6.1/plugins/com.st.stm32cube.ide.mcu.externaltools.gnu-tools-for-stm32.9-2020-q2-update.linux64_1.5.0.202011040924/tools/bin/../lib/gcc/arm-none-eabi/9.3.1/thumb/v7e-m+fp/hard/crtbegin.o
 *(.init)
 .init          0x0000000008009d3c        0x4 /opt/st/stm32cubeide_1.6.1/plugins/com.st.stm32cube.ide.mcu.externaltools.gnu-tools-for-stm32.9-2020-q2-update.linux64_1.5.0.202011040924/tools/bin/../lib/gcc/arm-none-eabi/9.3.1/thumb/v7e-m+fp/hard/crti.o
                0x0000000008009d3c                _init
 .init          0x0000000008009d40        0x8 /opt/st/stm32cubeide_1.6.1/plugins/com.st.stm32cube.ide.mcu.externaltools.gnu-tools-for-stm32.9-2020-q2-update.linux64_1.5.0.202011040924/tools/bin/../lib/gcc/arm-none-eabi/9.3.1/thumb/v7e-m+fp/hard/crtn.o
 *(.fini)
 .fini          0x0000000008009d48        0x4 /opt/st/stm32cubeide_1.6.1/plugins/com.st.stm32cube.ide.mcu.externaltools.gnu-tools-for-stm32.9-2020-q2-update.linux64_1.5.0.202011040924/tools/bin/../lib/gcc/arm-none-eabi/9.3.1/thumb/v7e-m+fp/hard/crti.o
                0x0000000008009d48                _fini
 .fini          0x0000000008009d4c        0x8 /opt/st/stm32cubeide_1.6.1/plugins/com.st.stm32cube.ide.mcu.externaltools.gnu-tools-for-stm32.9-2020-q2-update.linux64_1.5.0.202011040924/tools/bin/../lib/gcc/arm-none-eabi/9.3.1/thumb/v7e-m+fp/hard/crtn.o
                0x0000000008009d54                . = ALIGN (0x4)
                0x0000000008009d54                _etext = .

.vfp11_veneer   0x0000000008009d54        0x0
 .vfp11_veneer  0x0000000008009d54        0x0 linker stubs

.v4_bx          0x0000000008009d54        0x0
 .v4_bx         0x0000000008009d54        0x0 linker stubs

.iplt           0x0000000008009d54        0x0
 .iplt          0x0000000008009d54        0x0 /opt/st/stm32cubeide_1.6.1/plugins/com.st.stm32cube.ide.mcu.externaltools.gnu-tools-for-stm32.9-2020-q2-update.linux64_1.5.0.202011040924/tools/bin/../lib/gcc/arm-none-eabi/9.3.1/thumb/v7e-m+fp/hard/crtbegin.o

.rodata         0x0000000008009d54     0x5b3c
                0x0000000008009d54                . = ALIGN (0x4)
 *(.rodata)
 .rodata        0x0000000008009d54       0x59 Core/Src/main.o
 *fill*         0x0000000008009dad        0x3 
 .rodata        0x0000000008009db0       0x3c Drivers/DISPLAY/display.o
 .rodata        0x0000000008009dec        0x5 Middlewares/Third_Party/FreeRTOS/Source/tasks.o
 *fill*         0x0000000008009df1        0x3 
 .rodata        0x0000000008009df4        0xd Middlewares/Third_Party/FreeRTOS/Source/timers.o
 *(.rodata*)
 *fill*         0x0000000008009e01        0x3 
 .rodata.idleTask_attributes
                0x0000000008009e04       0x24 Core/Src/main.o
                0x0000000008009e04                idleTask_attributes
 .rodata.buttonTask_attributes
                0x0000000008009e28       0x24 Core/Src/main.o
                0x0000000008009e28                buttonTask_attributes
 .rodata.fanTask_attributes
                0x0000000008009e4c       0x24 Core/Src/main.o
                0x0000000008009e4c                fanTask_attributes
 .rodata.displayTask_attributes
                0x0000000008009e70       0x24 Core/Src/main.o
                0x0000000008009e70                displayTask_attributes
 .rodata.touchTask_attributes
                0x0000000008009e94       0x24 Core/Src/main.o
                0x0000000008009e94                touchTask_attributes
 .rodata.dspTask_attributes
                0x0000000008009eb8       0x24 Core/Src/main.o
                0x0000000008009eb8                dspTask_attributes
 .rodata.sensorATask_attributes
                0x0000000008009edc       0x24 Core/Src/main.o
                0x0000000008009edc                sensorATask_attributes
 .rodata.displayQueue_attributes
                0x0000000008009f00       0x18 Core/Src/main.o
                0x0000000008009f00                displayQueue_attributes
 .rodata.AHBPrescTable
                0x0000000008009f18       0x10 Core/Src/system_stm32f4xx.o
                0x0000000008009f18                AHBPrescTable
 .rodata.APBPrescTable
                0x0000000008009f28        0x8 Core/Src/system_stm32f4xx.o
                0x0000000008009f28                APBPrescTable
 .rodata.TM_Font7x10
                0x0000000008009f30      0x76c Drivers/DISPLAY/tm_stm32f4_fonts.o
                0x0000000008009f30                TM_Font7x10
 .rodata.TM_Font11x18
                0x000000000800a69c      0xd5c Drivers/DISPLAY/tm_stm32f4_fonts.o
                0x000000000800a69c                TM_Font11x18
 .rodata.bat    0x000000000800b3f8     0x1644 Drivers/DISPLAY/images/bat.o
                0x000000000800b3f8                bat
 .rodata.bat_red
                0x000000000800ca3c      0x16c Drivers/DISPLAY/images/bat.o
                0x000000000800ca3c                bat_red
 .rodata.bat_orange
                0x000000000800cba8      0x16c Drivers/DISPLAY/images/bat.o
                0x000000000800cba8                bat_orange
 .rodata.bat_green
                0x000000000800cd14      0x16c Drivers/DISPLAY/images/bat.o
                0x000000000800cd14                bat_green
 .rodata.therm  0x000000000800ce80     0x1518 Drivers/DISPLAY/images/bat.o
                0x000000000800ce80                therm
 .rodata.bon    0x000000000800e398      0x640 Drivers/DISPLAY/images/bat.o
                0x000000000800e398                bon
 .rodata.boff   0x000000000800e9d8      0x640 Drivers/DISPLAY/images/bat.o
                0x000000000800e9d8                boff
 .rodata.error  0x000000000800f018      0x870 Drivers/DISPLAY/images/bat.o
                0x000000000800f018                error
 .rodata.flagBitshiftOffset.8748
                0x000000000800f888        0x8 Drivers/STM32F4xx_HAL_Driver/Src/stm32f4xx_hal_dma.o
                0x000000000800f890                . = ALIGN (0x4)

.ARM.extab      0x000000000800f890        0x0
                0x000000000800f890                . = ALIGN (0x4)
 *(.ARM.extab* .gnu.linkonce.armextab.*)
                0x000000000800f890                . = ALIGN (0x4)

.ARM            0x000000000800f890        0x8
                0x000000000800f890                . = ALIGN (0x4)
                0x000000000800f890                __exidx_start = .
 *(.ARM.exidx*)
 .ARM.exidx     0x000000000800f890        0x8 /opt/st/stm32cubeide_1.6.1/plugins/com.st.stm32cube.ide.mcu.externaltools.gnu-tools-for-stm32.9-2020-q2-update.linux64_1.5.0.202011040924/tools/bin/../lib/gcc/arm-none-eabi/9.3.1/thumb/v7e-m+fp/hard/libgcc.a(_udivmoddi4.o)
                0x000000000800f898                __exidx_end = .
                0x000000000800f898                . = ALIGN (0x4)

.rel.dyn        0x000000000800f898        0x0
 .rel.iplt      0x000000000800f898        0x0 /opt/st/stm32cubeide_1.6.1/plugins/com.st.stm32cube.ide.mcu.externaltools.gnu-tools-for-stm32.9-2020-q2-update.linux64_1.5.0.202011040924/tools/bin/../lib/gcc/arm-none-eabi/9.3.1/thumb/v7e-m+fp/hard/crtbegin.o

.preinit_array  0x000000000800f898        0x0
                0x000000000800f898                . = ALIGN (0x4)
                0x000000000800f898                PROVIDE (__preinit_array_start = .)
 *(.preinit_array*)
                0x000000000800f898                PROVIDE (__preinit_array_end = .)
                0x000000000800f898                . = ALIGN (0x4)

.init_array     0x000000000800f898        0x4
                0x000000000800f898                . = ALIGN (0x4)
                0x000000000800f898                PROVIDE (__init_array_start = .)
 *(SORT_BY_NAME(.init_array.*))
 *(.init_array*)
 .init_array    0x000000000800f898        0x4 /opt/st/stm32cubeide_1.6.1/plugins/com.st.stm32cube.ide.mcu.externaltools.gnu-tools-for-stm32.9-2020-q2-update.linux64_1.5.0.202011040924/tools/bin/../lib/gcc/arm-none-eabi/9.3.1/thumb/v7e-m+fp/hard/crtbegin.o
                0x000000000800f89c                PROVIDE (__init_array_end = .)
                0x000000000800f89c                . = ALIGN (0x4)

.fini_array     0x000000000800f89c        0x4
                0x000000000800f89c                . = ALIGN (0x4)
                [!provide]                        PROVIDE (__fini_array_start = .)
 *(SORT_BY_NAME(.fini_array.*))
 *(.fini_array*)
 .fini_array    0x000000000800f89c        0x4 /opt/st/stm32cubeide_1.6.1/plugins/com.st.stm32cube.ide.mcu.externaltools.gnu-tools-for-stm32.9-2020-q2-update.linux64_1.5.0.202011040924/tools/bin/../lib/gcc/arm-none-eabi/9.3.1/thumb/v7e-m+fp/hard/crtbegin.o
                [!provide]                        PROVIDE (__fini_array_end = .)
                0x000000000800f8a0                . = ALIGN (0x4)
                0x000000000800f8a0                _sidata = LOADADDR (.data)

.data           0x0000000020000000       0x84 load address 0x000000000800f8a0
                0x0000000020000000                . = ALIGN (0x4)
                0x0000000020000000                _sdata = .
 *(.data)
 *(.data*)
 .data.SystemCoreClock
                0x0000000020000000        0x4 Core/Src/system_stm32f4xx.o
                0x0000000020000000                SystemCoreClock
 .data.TM_Font_7x10
                0x0000000020000004        0x8 Drivers/DISPLAY/tm_stm32f4_fonts.o
                0x0000000020000004                TM_Font_7x10
 .data.TM_Font_11x18
                0x000000002000000c        0x8 Drivers/DISPLAY/tm_stm32f4_fonts.o
                0x000000002000000c                TM_Font_11x18
 .data.uwTickPrio
                0x0000000020000014        0x4 Drivers/STM32F4xx_HAL_Driver/Src/stm32f4xx_hal.o
                0x0000000020000014                uwTickPrio
 .data.uwTickFreq
                0x0000000020000018        0x1 Drivers/STM32F4xx_HAL_Driver/Src/stm32f4xx_hal.o
                0x0000000020000018                uwTickFreq
 *fill*         0x0000000020000019        0x3 
 .data.uxCriticalNesting
                0x000000002000001c        0x4 Middlewares/Third_Party/FreeRTOS/Source/portable/GCC/ARM_CM4F/port.o
 .data._impure_ptr
                0x0000000020000020        0x4 /opt/st/stm32cubeide_1.6.1/plugins/com.st.stm32cube.ide.mcu.externaltools.gnu-tools-for-stm32.9-2020-q2-update.linux64_1.5.0.202011040924/tools/bin/../lib/gcc/arm-none-eabi/9.3.1/../../../../arm-none-eabi/lib/thumb/v7e-m+fp/hard/libc_nano.a(lib_a-impure.o)
                0x0000000020000020                _impure_ptr
 .data.impure_data
                0x0000000020000024       0x60 /opt/st/stm32cubeide_1.6.1/plugins/com.st.stm32cube.ide.mcu.externaltools.gnu-tools-for-stm32.9-2020-q2-update.linux64_1.5.0.202011040924/tools/bin/../lib/gcc/arm-none-eabi/9.3.1/../../../../arm-none-eabi/lib/thumb/v7e-m+fp/hard/libc_nano.a(lib_a-impure.o)
 *(.RamFunc)
 *(.RamFunc*)
                0x0000000020000084                . = ALIGN (0x4)
                0x0000000020000084                _edata = .

.igot.plt       0x0000000020000084        0x0 load address 0x000000000800f924
 .igot.plt      0x0000000020000084        0x0 /opt/st/stm32cubeide_1.6.1/plugins/com.st.stm32cube.ide.mcu.externaltools.gnu-tools-for-stm32.9-2020-q2-update.linux64_1.5.0.202011040924/tools/bin/../lib/gcc/arm-none-eabi/9.3.1/thumb/v7e-m+fp/hard/crtbegin.o
                0x0000000020000084                . = ALIGN (0x4)

.bss            0x0000000020000084     0x4d28 load address 0x000000000800f924
                0x0000000020000084                _sbss = .
                0x0000000020000084                __bss_start__ = _sbss
 *(.bss)
 .bss           0x0000000020000084       0x1c /opt/st/stm32cubeide_1.6.1/plugins/com.st.stm32cube.ide.mcu.externaltools.gnu-tools-for-stm32.9-2020-q2-update.linux64_1.5.0.202011040924/tools/bin/../lib/gcc/arm-none-eabi/9.3.1/thumb/v7e-m+fp/hard/crtbegin.o
 *(.bss*)
 .bss.__sbrk_heap_end
                0x00000000200000a0        0x4 Core/Src/sysmem.o
 .bss.TempSensorCount
                0x00000000200000a4        0x1 Drivers/DS18B20/ds18b20.o
                0x00000000200000a4                TempSensorCount
 .bss.Ds18b20StartConvert
                0x00000000200000a5        0x1 Drivers/DS18B20/ds18b20.o
                0x00000000200000a5                Ds18b20StartConvert
 .bss.Ds18b20Timeout
                0x00000000200000a6        0x2 Drivers/DS18B20/ds18b20.o
                0x00000000200000a6                Ds18b20Timeout
 .bss.KernelState
                0x00000000200000a8        0x4 Middlewares/Third_Party/FreeRTOS/Source/CMSIS_RTOS_V2/cmsis_os2.o
 .bss.Idle_TCB.10546
                0x00000000200000ac       0x5c Middlewares/Third_Party/FreeRTOS/Source/CMSIS_RTOS_V2/cmsis_os2.o
 .bss.Idle_Stack.10547
                0x0000000020000108      0x200 Middlewares/Third_Party/FreeRTOS/Source/CMSIS_RTOS_V2/cmsis_os2.o
 .bss.Timer_TCB.10553
                0x0000000020000308       0x5c Middlewares/Third_Party/FreeRTOS/Source/CMSIS_RTOS_V2/cmsis_os2.o
 .bss.Timer_Stack.10554
                0x0000000020000364      0x400 Middlewares/Third_Party/FreeRTOS/Source/CMSIS_RTOS_V2/cmsis_os2.o
 .bss.pxCurrentTCB
                0x0000000020000764        0x4 Middlewares/Third_Party/FreeRTOS/Source/tasks.o
                0x0000000020000764                pxCurrentTCB
 .bss.pxReadyTasksLists
                0x0000000020000768      0x460 Middlewares/Third_Party/FreeRTOS/Source/tasks.o
 .bss.xDelayedTaskList1
                0x0000000020000bc8       0x14 Middlewares/Third_Party/FreeRTOS/Source/tasks.o
 .bss.xDelayedTaskList2
                0x0000000020000bdc       0x14 Middlewares/Third_Party/FreeRTOS/Source/tasks.o
 .bss.pxDelayedTaskList
                0x0000000020000bf0        0x4 Middlewares/Third_Party/FreeRTOS/Source/tasks.o
 .bss.pxOverflowDelayedTaskList
                0x0000000020000bf4        0x4 Middlewares/Third_Party/FreeRTOS/Source/tasks.o
 .bss.xPendingReadyList
                0x0000000020000bf8       0x14 Middlewares/Third_Party/FreeRTOS/Source/tasks.o
 .bss.xTasksWaitingTermination
                0x0000000020000c0c       0x14 Middlewares/Third_Party/FreeRTOS/Source/tasks.o
 .bss.uxDeletedTasksWaitingCleanUp
                0x0000000020000c20        0x4 Middlewares/Third_Party/FreeRTOS/Source/tasks.o
 .bss.xSuspendedTaskList
                0x0000000020000c24       0x14 Middlewares/Third_Party/FreeRTOS/Source/tasks.o
 .bss.uxCurrentNumberOfTasks
                0x0000000020000c38        0x4 Middlewares/Third_Party/FreeRTOS/Source/tasks.o
 .bss.xTickCount
                0x0000000020000c3c        0x4 Middlewares/Third_Party/FreeRTOS/Source/tasks.o
 .bss.uxTopReadyPriority
                0x0000000020000c40        0x4 Middlewares/Third_Party/FreeRTOS/Source/tasks.o
 .bss.xSchedulerRunning
                0x0000000020000c44        0x4 Middlewares/Third_Party/FreeRTOS/Source/tasks.o
 .bss.xPendedTicks
                0x0000000020000c48        0x4 Middlewares/Third_Party/FreeRTOS/Source/tasks.o
 .bss.xYieldPending
                0x0000000020000c4c        0x4 Middlewares/Third_Party/FreeRTOS/Source/tasks.o
 .bss.xNumOfOverflows
                0x0000000020000c50        0x4 Middlewares/Third_Party/FreeRTOS/Source/tasks.o
 .bss.uxTaskNumber
                0x0000000020000c54        0x4 Middlewares/Third_Party/FreeRTOS/Source/tasks.o
 .bss.xNextTaskUnblockTime
                0x0000000020000c58        0x4 Middlewares/Third_Party/FreeRTOS/Source/tasks.o
 .bss.xIdleTaskHandle
                0x0000000020000c5c        0x4 Middlewares/Third_Party/FreeRTOS/Source/tasks.o
 .bss.uxSchedulerSuspended
                0x0000000020000c60        0x4 Middlewares/Third_Party/FreeRTOS/Source/tasks.o
 .bss.xActiveTimerList1
                0x0000000020000c64       0x14 Middlewares/Third_Party/FreeRTOS/Source/timers.o
 .bss.xActiveTimerList2
                0x0000000020000c78       0x14 Middlewares/Third_Party/FreeRTOS/Source/timers.o
 .bss.pxCurrentTimerList
                0x0000000020000c8c        0x4 Middlewares/Third_Party/FreeRTOS/Source/timers.o
 .bss.pxOverflowTimerList
                0x0000000020000c90        0x4 Middlewares/Third_Party/FreeRTOS/Source/timers.o
 .bss.xTimerQueue
                0x0000000020000c94        0x4 Middlewares/Third_Party/FreeRTOS/Source/timers.o
 .bss.xTimerTaskHandle
                0x0000000020000c98        0x4 Middlewares/Third_Party/FreeRTOS/Source/timers.o
 .bss.xLastTime.6925
                0x0000000020000c9c        0x4 Middlewares/Third_Party/FreeRTOS/Source/timers.o
 .bss.ucStaticTimerQueueStorage.6976
                0x0000000020000ca0       0xa0 Middlewares/Third_Party/FreeRTOS/Source/timers.o
 .bss.xStaticTimerQueue.6975
                0x0000000020000d40       0x50 Middlewares/Third_Party/FreeRTOS/Source/timers.o
 .bss.ucMaxSysCallPriority
                0x0000000020000d90        0x1 Middlewares/Third_Party/FreeRTOS/Source/portable/GCC/ARM_CM4F/port.o
 *fill*         0x0000000020000d91        0x3 
 .bss.ulMaxPRIGROUPValue
                0x0000000020000d94        0x4 Middlewares/Third_Party/FreeRTOS/Source/portable/GCC/ARM_CM4F/port.o
 .bss.ucHeap    0x0000000020000d98     0x3c00 Middlewares/Third_Party/FreeRTOS/Source/portable/MemMang/heap_4.o
 .bss.xStart    0x0000000020004998        0x8 Middlewares/Third_Party/FreeRTOS/Source/portable/MemMang/heap_4.o
 .bss.pxEnd     0x00000000200049a0        0x4 Middlewares/Third_Party/FreeRTOS/Source/portable/MemMang/heap_4.o
 .bss.xFreeBytesRemaining
                0x00000000200049a4        0x4 Middlewares/Third_Party/FreeRTOS/Source/portable/MemMang/heap_4.o
 .bss.xMinimumEverFreeBytesRemaining
                0x00000000200049a8        0x4 Middlewares/Third_Party/FreeRTOS/Source/portable/MemMang/heap_4.o
 .bss.xNumberOfSuccessfulAllocations
                0x00000000200049ac        0x4 Middlewares/Third_Party/FreeRTOS/Source/portable/MemMang/heap_4.o
 .bss.xNumberOfSuccessfulFrees
                0x00000000200049b0        0x4 Middlewares/Third_Party/FreeRTOS/Source/portable/MemMang/heap_4.o
 .bss.xBlockAllocatedBit
                0x00000000200049b4        0x4 Middlewares/Third_Party/FreeRTOS/Source/portable/MemMang/heap_4.o
 .bss.__malloc_free_list
                0x00000000200049b8        0x4 /opt/st/stm32cubeide_1.6.1/plugins/com.st.stm32cube.ide.mcu.externaltools.gnu-tools-for-stm32.9-2020-q2-update.linux64_1.5.0.202011040924/tools/bin/../lib/gcc/arm-none-eabi/9.3.1/../../../../arm-none-eabi/lib/thumb/v7e-m+fp/hard/libc_nano.a(lib_a-nano-mallocr.o)
                0x00000000200049b8                __malloc_free_list
 .bss.__malloc_sbrk_start
                0x00000000200049bc        0x4 /opt/st/stm32cubeide_1.6.1/plugins/com.st.stm32cube.ide.mcu.externaltools.gnu-tools-for-stm32.9-2020-q2-update.linux64_1.5.0.202011040924/tools/bin/../lib/gcc/arm-none-eabi/9.3.1/../../../../arm-none-eabi/lib/thumb/v7e-m+fp/hard/libc_nano.a(lib_a-nano-mallocr.o)
                0x00000000200049bc                __malloc_sbrk_start
 *(COMMON)
 COMMON         0x00000000200049c0      0x318 Core/Src/main.o
                0x00000000200049c0                dspTaskHandle
                0x00000000200049c4                htim4
                0x0000000020004a0c                hi2c1
                0x0000000020004a60                hi2c2
                0x0000000020004ab4                displayTaskHandle
                0x0000000020004ab8                htim5
                0x0000000020004b00                htim3
                0x0000000020004b48                touchTaskHandle
                0x0000000020004b4c                hspi3
                0x0000000020004ba4                fanTaskHandle
                0x0000000020004ba8                hrtc
                0x0000000020004bc8                htim1
                0x0000000020004c10                idleTaskHandle
                0x0000000020004c14                hspi1
                0x0000000020004c6c                buttonTaskHandle
                0x0000000020004c70                displayQueueHandle
                0x0000000020004c74                sensorATaskHandle
                0x0000000020004c78                hdma_spi1_tx
 COMMON         0x0000000020004cd8       0x48 Core/Src/stm32f4xx_hal_timebase_tim.o
                0x0000000020004cd8                htim10
 COMMON         0x0000000020004d20        0xc Drivers/DISPLAY/tm_stm32f4_ili9341.o
                0x0000000020004d20                ILI9341_x
                0x0000000020004d24                ILI9341_Opts
                0x0000000020004d2a                ILI9341_y
 COMMON         0x0000000020004d2c       0x2c Drivers/DS18B20/ds18b20.o
                0x0000000020004d2c                OneWireDevices
                0x0000000020004d30                ds18b20
                0x0000000020004d40                Ds18b20Handle
                0x0000000020004d44                OneWire
 COMMON         0x0000000020004d58        0x4 Drivers/STM32F4xx_HAL_Driver/Src/stm32f4xx_hal.o
                0x0000000020004d58                uwTick
 COMMON         0x0000000020004d5c       0x40 Middlewares/Third_Party/FreeRTOS/Source/queue.o
                0x0000000020004d5c                xQueueRegistry
 COMMON         0x0000000020004d9c        0x4 /opt/st/stm32cubeide_1.6.1/plugins/com.st.stm32cube.ide.mcu.externaltools.gnu-tools-for-stm32.9-2020-q2-update.linux64_1.5.0.202011040924/tools/bin/../lib/gcc/arm-none-eabi/9.3.1/../../../../arm-none-eabi/lib/thumb/v7e-m+fp/hard/libc_nano.a(lib_a-reent.o)
                0x0000000020004d9c                errno
 COMMON         0x0000000020004da0        0x9 /opt/st/stm32cubeide_1.6.1/plugins/com.st.stm32cube.ide.mcu.externaltools.gnu-tools-for-stm32.9-2020-q2-update.linux64_1.5.0.202011040924/tools/bin/../lib/gcc/arm-none-eabi/9.3.1/../../../../arm-none-eabi/lib/thumb/v7e-m+fp/hard/libc_nano.a(lib_a-lock.o)
                0x0000000020004da0                __lock___atexit_recursive_mutex
                0x0000000020004da1                __lock___arc4random_mutex
                0x0000000020004da2                __lock___env_recursive_mutex
                0x0000000020004da3                __lock___sinit_recursive_mutex
                0x0000000020004da4                __lock___malloc_recursive_mutex
                0x0000000020004da5                __lock___at_quick_exit_mutex
                0x0000000020004da6                __lock___dd_hash_mutex
                0x0000000020004da7                __lock___tz_mutex
                0x0000000020004da8                __lock___sfp_recursive_mutex
                0x0000000020004dac                . = ALIGN (0x4)
 *fill*         0x0000000020004da9        0x3 
                0x0000000020004dac                _ebss = .
                0x0000000020004dac                __bss_end__ = _ebss

._user_heap_stack
                0x0000000020004dac      0x604 load address 0x000000000800f924
                0x0000000020004db0                . = ALIGN (0x8)
 *fill*         0x0000000020004dac        0x4 
                [!provide]                        PROVIDE (end = .)
                0x0000000020004db0                PROVIDE (_end = .)
                0x0000000020004fb0                . = (. + _Min_Heap_Size)
 *fill*         0x0000000020004db0      0x200 
                0x00000000200053b0                . = (. + _Min_Stack_Size)
 *fill*         0x0000000020004fb0      0x400 
                0x00000000200053b0                . = ALIGN (0x8)

/DISCARD/
 libc.a(*)
 libm.a(*)
 libgcc.a(*)

.ARM.attributes
                0x0000000000000000       0x30
 *(.ARM.attributes)
 .ARM.attributes
                0x0000000000000000       0x1e /opt/st/stm32cubeide_1.6.1/plugins/com.st.stm32cube.ide.mcu.externaltools.gnu-tools-for-stm32.9-2020-q2-update.linux64_1.5.0.202011040924/tools/bin/../lib/gcc/arm-none-eabi/9.3.1/thumb/v7e-m+fp/hard/crti.o
 .ARM.attributes
                0x000000000000001e       0x34 /opt/st/stm32cubeide_1.6.1/plugins/com.st.stm32cube.ide.mcu.externaltools.gnu-tools-for-stm32.9-2020-q2-update.linux64_1.5.0.202011040924/tools/bin/../lib/gcc/arm-none-eabi/9.3.1/thumb/v7e-m+fp/hard/crtbegin.o
 .ARM.attributes
                0x0000000000000052       0x34 Core/Src/main.o
 .ARM.attributes
                0x0000000000000086       0x34 Core/Src/stm32f4xx_hal_msp.o
 .ARM.attributes
                0x00000000000000ba       0x34 Core/Src/stm32f4xx_hal_timebase_tim.o
 .ARM.attributes
                0x00000000000000ee       0x34 Core/Src/stm32f4xx_it.o
 .ARM.attributes
                0x0000000000000122       0x34 Core/Src/sysmem.o
 .ARM.attributes
                0x0000000000000156       0x34 Core/Src/system_stm32f4xx.o
 .ARM.attributes
                0x000000000000018a       0x21 Core/Startup/startup_stm32f407vetx.o
 .ARM.attributes
                0x00000000000001ab       0x34 Drivers/DISPLAY/display.o
 .ARM.attributes
                0x00000000000001df       0x34 Drivers/DISPLAY/tm_stm32f4_fonts.o
 .ARM.attributes
                0x0000000000000213       0x34 Drivers/DISPLAY/tm_stm32f4_ili9341.o
 .ARM.attributes
                0x0000000000000247       0x39 Drivers/DISPLAY/images/bat.o
 .ARM.attributes
                0x0000000000000280       0x34 Drivers/DS18B20/ds18b20.o
 .ARM.attributes
                0x00000000000002b4       0x34 Drivers/DS18B20/onewire.o
 .ARM.attributes
                0x00000000000002e8       0x34 Drivers/STM32F4xx_HAL_Driver/Src/stm32f4xx_hal.o
 .ARM.attributes
                0x000000000000031c       0x34 Drivers/STM32F4xx_HAL_Driver/Src/stm32f4xx_hal_cortex.o
 .ARM.attributes
                0x0000000000000350       0x34 Drivers/STM32F4xx_HAL_Driver/Src/stm32f4xx_hal_dma.o
 .ARM.attributes
                0x0000000000000384       0x34 Drivers/STM32F4xx_HAL_Driver/Src/stm32f4xx_hal_gpio.o
 .ARM.attributes
                0x00000000000003b8       0x34 Drivers/STM32F4xx_HAL_Driver/Src/stm32f4xx_hal_i2c.o
 .ARM.attributes
                0x00000000000003ec       0x34 Drivers/STM32F4xx_HAL_Driver/Src/stm32f4xx_hal_rcc.o
 .ARM.attributes
                0x0000000000000420       0x34 Drivers/STM32F4xx_HAL_Driver/Src/stm32f4xx_hal_rcc_ex.o
 .ARM.attributes
                0x0000000000000454       0x34 Drivers/STM32F4xx_HAL_Driver/Src/stm32f4xx_hal_rtc.o
 .ARM.attributes
                0x0000000000000488       0x34 Drivers/STM32F4xx_HAL_Driver/Src/stm32f4xx_hal_spi.o
 .ARM.attributes
                0x00000000000004bc       0x34 Drivers/STM32F4xx_HAL_Driver/Src/stm32f4xx_hal_tim.o
 .ARM.attributes
                0x00000000000004f0       0x34 Drivers/STM32F4xx_HAL_Driver/Src/stm32f4xx_hal_tim_ex.o
 .ARM.attributes
                0x0000000000000524       0x34 Middlewares/Third_Party/FreeRTOS/Source/CMSIS_RTOS_V2/cmsis_os2.o
 .ARM.attributes
                0x0000000000000558       0x34 Middlewares/Third_Party/FreeRTOS/Source/list.o
 .ARM.attributes
                0x000000000000058c       0x34 Middlewares/Third_Party/FreeRTOS/Source/queue.o
 .ARM.attributes
                0x00000000000005c0       0x34 Middlewares/Third_Party/FreeRTOS/Source/tasks.o
 .ARM.attributes
                0x00000000000005f4       0x34 Middlewares/Third_Party/FreeRTOS/Source/timers.o
 .ARM.attributes
                0x0000000000000628       0x34 Middlewares/Third_Party/FreeRTOS/Source/portable/GCC/ARM_CM4F/port.o
 .ARM.attributes
                0x000000000000065c       0x34 Middlewares/Third_Party/FreeRTOS/Source/portable/MemMang/heap_4.o
 .ARM.attributes
                0x0000000000000690       0x34 /opt/st/stm32cubeide_1.6.1/plugins/com.st.stm32cube.ide.mcu.externaltools.gnu-tools-for-stm32.9-2020-q2-update.linux64_1.5.0.202011040924/tools/bin/../lib/gcc/arm-none-eabi/9.3.1/../../../../arm-none-eabi/lib/thumb/v7e-m+fp/hard/libc_nano.a(lib_a-errno.o)
 .ARM.attributes
                0x00000000000006c4       0x32 /opt/st/stm32cubeide_1.6.1/plugins/com.st.stm32cube.ide.mcu.externaltools.gnu-tools-for-stm32.9-2020-q2-update.linux64_1.5.0.202011040924/tools/bin/../lib/gcc/arm-none-eabi/9.3.1/../../../../arm-none-eabi/lib/thumb/v7e-m+fp/hard/libc_nano.a(lib_a-impure.o)
 .ARM.attributes
                0x00000000000006f6       0x34 /opt/st/stm32cubeide_1.6.1/plugins/com.st.stm32cube.ide.mcu.externaltools.gnu-tools-for-stm32.9-2020-q2-update.linux64_1.5.0.202011040924/tools/bin/../lib/gcc/arm-none-eabi/9.3.1/../../../../arm-none-eabi/lib/thumb/v7e-m+fp/hard/libc_nano.a(lib_a-init.o)
 .ARM.attributes
                0x000000000000072a       0x34 /opt/st/stm32cubeide_1.6.1/plugins/com.st.stm32cube.ide.mcu.externaltools.gnu-tools-for-stm32.9-2020-q2-update.linux64_1.5.0.202011040924/tools/bin/../lib/gcc/arm-none-eabi/9.3.1/../../../../arm-none-eabi/lib/thumb/v7e-m+fp/hard/libc_nano.a(lib_a-malloc.o)
 .ARM.attributes
                0x000000000000075e       0x34 /opt/st/stm32cubeide_1.6.1/plugins/com.st.stm32cube.ide.mcu.externaltools.gnu-tools-for-stm32.9-2020-q2-update.linux64_1.5.0.202011040924/tools/bin/../lib/gcc/arm-none-eabi/9.3.1/../../../../arm-none-eabi/lib/thumb/v7e-m+fp/hard/libc_nano.a(lib_a-memcpy-stub.o)
 .ARM.attributes
                0x0000000000000792       0x34 /opt/st/stm32cubeide_1.6.1/plugins/com.st.stm32cube.ide.mcu.externaltools.gnu-tools-for-stm32.9-2020-q2-update.linux64_1.5.0.202011040924/tools/bin/../lib/gcc/arm-none-eabi/9.3.1/../../../../arm-none-eabi/lib/thumb/v7e-m+fp/hard/libc_nano.a(lib_a-memset.o)
 .ARM.attributes
                0x00000000000007c6       0x34 /opt/st/stm32cubeide_1.6.1/plugins/com.st.stm32cube.ide.mcu.externaltools.gnu-tools-for-stm32.9-2020-q2-update.linux64_1.5.0.202011040924/tools/bin/../lib/gcc/arm-none-eabi/9.3.1/../../../../arm-none-eabi/lib/thumb/v7e-m+fp/hard/libc_nano.a(lib_a-nano-freer.o)
 .ARM.attributes
                0x00000000000007fa       0x34 /opt/st/stm32cubeide_1.6.1/plugins/com.st.stm32cube.ide.mcu.externaltools.gnu-tools-for-stm32.9-2020-q2-update.linux64_1.5.0.202011040924/tools/bin/../lib/gcc/arm-none-eabi/9.3.1/../../../../arm-none-eabi/lib/thumb/v7e-m+fp/hard/libc_nano.a(lib_a-nano-mallocr.o)
 .ARM.attributes
                0x000000000000082e       0x34 /opt/st/stm32cubeide_1.6.1/plugins/com.st.stm32cube.ide.mcu.externaltools.gnu-tools-for-stm32.9-2020-q2-update.linux64_1.5.0.202011040924/tools/bin/../lib/gcc/arm-none-eabi/9.3.1/../../../../arm-none-eabi/lib/thumb/v7e-m+fp/hard/libc_nano.a(lib_a-sbrkr.o)
 .ARM.attributes
                0x0000000000000862       0x34 /opt/st/stm32cubeide_1.6.1/plugins/com.st.stm32cube.ide.mcu.externaltools.gnu-tools-for-stm32.9-2020-q2-update.linux64_1.5.0.202011040924/tools/bin/../lib/gcc/arm-none-eabi/9.3.1/../../../../arm-none-eabi/lib/thumb/v7e-m+fp/hard/libc_nano.a(lib_a-mlock.o)
 .ARM.attributes
                0x0000000000000896       0x34 /opt/st/stm32cubeide_1.6.1/plugins/com.st.stm32cube.ide.mcu.externaltools.gnu-tools-for-stm32.9-2020-q2-update.linux64_1.5.0.202011040924/tools/bin/../lib/gcc/arm-none-eabi/9.3.1/../../../../arm-none-eabi/lib/thumb/v7e-m+fp/hard/libc_nano.a(lib_a-reent.o)
 .ARM.attributes
                0x00000000000008ca       0x34 /opt/st/stm32cubeide_1.6.1/plugins/com.st.stm32cube.ide.mcu.externaltools.gnu-tools-for-stm32.9-2020-q2-update.linux64_1.5.0.202011040924/tools/bin/../lib/gcc/arm-none-eabi/9.3.1/../../../../arm-none-eabi/lib/thumb/v7e-m+fp/hard/libc_nano.a(lib_a-lock.o)
 .ARM.attributes
                0x00000000000008fe       0x1e /opt/st/stm32cubeide_1.6.1/plugins/com.st.stm32cube.ide.mcu.externaltools.gnu-tools-for-stm32.9-2020-q2-update.linux64_1.5.0.202011040924/tools/bin/../lib/gcc/arm-none-eabi/9.3.1/thumb/v7e-m+fp/hard/libgcc.a(_aeabi_uldivmod.o)
 .ARM.attributes
                0x000000000000091c       0x34 /opt/st/stm32cubeide_1.6.1/plugins/com.st.stm32cube.ide.mcu.externaltools.gnu-tools-for-stm32.9-2020-q2-update.linux64_1.5.0.202011040924/tools/bin/../lib/gcc/arm-none-eabi/9.3.1/thumb/v7e-m+fp/hard/libgcc.a(_udivmoddi4.o)
 .ARM.attributes
                0x0000000000000950       0x1e /opt/st/stm32cubeide_1.6.1/plugins/com.st.stm32cube.ide.mcu.externaltools.gnu-tools-for-stm32.9-2020-q2-update.linux64_1.5.0.202011040924/tools/bin/../lib/gcc/arm-none-eabi/9.3.1/thumb/v7e-m+fp/hard/libgcc.a(_dvmd_tls.o)
 .ARM.attributes
                0x000000000000096e       0x1e /opt/st/stm32cubeide_1.6.1/plugins/com.st.stm32cube.ide.mcu.externaltools.gnu-tools-for-stm32.9-2020-q2-update.linux64_1.5.0.202011040924/tools/bin/../lib/gcc/arm-none-eabi/9.3.1/thumb/v7e-m+fp/hard/crtn.o
OUTPUT(Amplifier.elf elf32-littlearm)
LOAD linker stubs
LOAD /opt/st/stm32cubeide_1.6.1/plugins/com.st.stm32cube.ide.mcu.externaltools.gnu-tools-for-stm32.9-2020-q2-update.linux64_1.5.0.202011040924/tools/bin/../lib/gcc/arm-none-eabi/9.3.1/../../../../arm-none-eabi/lib/thumb/v7e-m+fp/hard/libc.a
LOAD /opt/st/stm32cubeide_1.6.1/plugins/com.st.stm32cube.ide.mcu.externaltools.gnu-tools-for-stm32.9-2020-q2-update.linux64_1.5.0.202011040924/tools/bin/../lib/gcc/arm-none-eabi/9.3.1/../../../../arm-none-eabi/lib/thumb/v7e-m+fp/hard/libm.a
LOAD /opt/st/stm32cubeide_1.6.1/plugins/com.st.stm32cube.ide.mcu.externaltools.gnu-tools-for-stm32.9-2020-q2-update.linux64_1.5.0.202011040924/tools/bin/../lib/gcc/arm-none-eabi/9.3.1/thumb/v7e-m+fp/hard/libgcc.a

.debug_info     0x0000000000000000    0x236bb
 .debug_info    0x0000000000000000     0x21d9 Core/Src/main.o
 .debug_info    0x00000000000021d9     0x1964 Core/Src/stm32f4xx_hal_msp.o
 .debug_info    0x0000000000003b3d      0xc6c Core/Src/stm32f4xx_hal_timebase_tim.o
 .debug_info    0x00000000000047a9      0x807 Core/Src/stm32f4xx_it.o
 .debug_info    0x0000000000004fb0      0xa25 Core/Src/sysmem.o
 .debug_info    0x00000000000059d5      0x5a4 Core/Src/system_stm32f4xx.o
 .debug_info    0x0000000000005f79       0x22 Core/Startup/startup_stm32f407vetx.o
 .debug_info    0x0000000000005f9b      0xcc8 Drivers/DISPLAY/display.o
 .debug_info    0x0000000000006c63      0xbd3 Drivers/DISPLAY/tm_stm32f4_fonts.o
 .debug_info    0x0000000000007836     0x1950 Drivers/DISPLAY/tm_stm32f4_ili9341.o
 .debug_info    0x0000000000009186      0x27e Drivers/DISPLAY/images/bat.o
 .debug_info    0x0000000000009404      0x884 Drivers/DS18B20/ds18b20.o
 .debug_info    0x0000000000009c88      0xeed Drivers/DS18B20/onewire.o
 .debug_info    0x000000000000ab75      0x9b2 Drivers/STM32F4xx_HAL_Driver/Src/stm32f4xx_hal.o
 .debug_info    0x000000000000b527      0xed7 Drivers/STM32F4xx_HAL_Driver/Src/stm32f4xx_hal_cortex.o