main.c:157:5:main	8	static
main.c:269:6:SystemClock_Config	88	static
main.c:314:13:MX_I2C1_Init	8	static
main.c:348:13:MX_RTC_Init	8	static
main.c:382:13:MX_SPI1_Init	8	static
main.c:420:13:MX_SPI3_Init	8	static
main.c:458:13:MX_TIM1_Init	96	static
main.c:537:13:MX_TIM3_Init	48	static
main.c:590:13:MX_TIM4_Init	48	static
main.c:652:13:MX_TIM5_Init	32	static
main.c:695:13:MX_DMA_Init	16	static
main.c:713:13:MX_GPIO_Init	56	static
main.c:837:6:HAL_GPIO_EXTI_Callback	16	static
main.c:860:13:MX_I2C2_Init	8	static
main.c:897:6:idleTaskEntry	16	static
main.c:920:6:HAL_TIM_PeriodElapsedCallback	16	static
main.c:937:6:Error_Handler	4	static,ignoring_inline_asm
