main.c:152:5:main	8	static
main.c:261:6:SystemClock_Config	88	static
main.c:306:13:MX_I2C1_Init	8	static
main.c:340:13:MX_RTC_Init	8	static
main.c:374:13:MX_SPI1_Init	8	static
main.c:412:13:MX_SPI3_Init	8	static
main.c:450:13:MX_TIM1_Init	96	static
main.c:529:13:MX_TIM3_Init	48	static
main.c:582:13:MX_TIM4_Init	48	static
main.c:644:13:MX_TIM5_Init	32	static
main.c:687:13:MX_DMA_Init	16	static
main.c:705:13:MX_GPIO_Init	56	static
main.c:829:6:HAL_GPIO_EXTI_Callback	16	static
main.c:852:13:MX_I2C2_Init	8	static
main.c:889:6:idleTaskEntry	16	static
main.c:912:6:HAL_TIM_PeriodElapsedCallback	16	static
main.c:929:6:Error_Handler	4	static,ignoring_inline_asm
