ds18b20.c:21:6:Ds18b20_ManualConvert	8	static
ds18b20.c:63:6:sensorATaskEntry	32	static
ds18b20.c:133:9:DS18B20_Start	16	static
ds18b20.c:150:6:DS18B20_StartAll	16	static
ds18b20.c:160:6:DS18B20_Read	56	static
ds18b20.c:265:9:DS18B20_GetResolution	24	static
ds18b20.c:292:9:DS18B20_SetResolution	32	static
ds18b20.c:357:9:DS18B20_Is	16	static
ds18b20.c:366:9:DS18B20_SetAlarmLowTemperature	32	static
ds18b20.c:417:9:DS18B20_SetAlarmHighTemperature	32	static
ds18b20.c:468:9:DS18B20_DisableAlarmTemperature	24	static
ds18b20.c:514:9:DS18B20_AlarmSearch	16	static
ds18b20.c:520:9:DS18B20_AllDone	16	static
