tm_stm32f4_ili9341.c:100:6:TM_ILI9341_Init	8	static
tm_stm32f4_ili9341.c:121:6:TM_ILI9341_InitLCD	8	static
tm_stm32f4_ili9341.c:232:6:TM_ILI9341_DisplayOn	8	static
tm_stm32f4_ili9341.c:236:6:TM_ILI9341_DisplayOff	8	static
tm_stm32f4_ili9341.c:240:6:TM_ILI9341_SendCommand	16	static
tm_stm32f4_ili9341.c:247:6:TM_ILI9341_SendData	16	static
tm_stm32f4_ili9341.c:254:6:TM_ILI9341_DrawPixel	16	static
tm_stm32f4_ili9341.c:263:6:TM_ILI9341_SetCursorPosition	24	static
tm_stm32f4_ili9341.c:277:6:TM_ILI9341_Fill	24	static
tm_stm32f4_ili9341.c:282:6:TM_ILI9341_INT_Fill	40	static
tm_stm32f4_ili9341.c:340:6:TM_ILI9341_Delay	16	static
tm_stm32f4_ili9341.c:344:6:TM_ILI9341_Rotate	16	static
tm_stm32f4_ili9341.c:367:6:TM_ILI9341_Puts	40	static
tm_stm32f4_ili9341.c:397:6:TM_ILI9341_GetStringSize	32	static
tm_stm32f4_ili9341.c:406:6:TM_ILI9341_Putc	56	static
tm_stm32f4_ili9341.c:436:6:TM_ILI9341_DrawLine	48	static
tm_stm32f4_ili9341.c:498:6:TM_ILI9341_DrawRectangle	32	static
tm_stm32f4_ili9341.c:505:6:TM_ILI9341_DrawFilledRectangle	40	static
tm_stm32f4_ili9341.c:527:6:TM_ILI9341_DrawCircle	40	static
tm_stm32f4_ili9341.c:561:6:TM_ILI9341_DrawFilledCircle	56	static
tm_stm32f4_ili9341.c:592:6:TM_ILI9341_DrawImage	24	static
