main.c:150:5:main	8	static
main.c:260:6:SystemClock_Config	104	static
main.c:312:13:MX_I2C1_Init	8	static
main.c:346:13:MX_I2C2_Init	8	static
main.c:380:13:MX_RTC_Init	8	static
main.c:414:13:MX_SPI1_Init	8	static
main.c:452:13:MX_SPI3_Init	8	static
main.c:490:13:MX_TIM1_Init	96	static
main.c:569:13:MX_TIM3_Init	48	static
main.c:622:13:MX_TIM4_Init	32	static
main.c:685:13:MX_TIM5_Init	32	static
main.c:728:13:MX_DMA_Init	16	static
main.c:746:13:MX_GPIO_Init	56	static
main.c:852:6:idleTaskEntry	16	static
main.c:875:6:buttonTaskEntry	56	static
main.c:1020:6:fanTaskEntry	48	static
main.c:1071:6:displayTaskEntry	16	static
main.c:1090:6:touchTaskEntry	16	static
main.c:1108:6:dspTaskEntry	16	static
main.c:1126:6:sensorATaskEntry	16	static
main.c:1147:6:HAL_TIM_PeriodElapsedCallback	16	static
main.c:1164:6:Error_Handler	4	static,ignoring_inline_asm
