Archive member included to satisfy reference by file (symbol)

/opt/st/stm32cubeide_1.6.1/plugins/com.st.stm32cube.ide.mcu.externaltools.gnu-tools-for-stm32.9-2020-q2-update.linux64_2.0.0.202105311346/tools/bin/../lib/gcc/arm-none-eabi/9.3.1/../../../../arm-none-eabi/lib/thumb/v7e-m+fp/hard/libc_nano.a(lib_a-errno.o)
                              ./Core/Src/syscalls.o (__errno)
/opt/st/stm32cubeide_1.6.1/plugins/com.st.stm32cube.ide.mcu.externaltools.gnu-tools-for-stm32.9-2020-q2-update.linux64_2.0.0.202105311346/tools/bin/../lib/gcc/arm-none-eabi/9.3.1/../../../../arm-none-eabi/lib/thumb/v7e-m+fp/hard/libc_nano.a(lib_a-exit.o)
                              /opt/st/stm32cubeide_1.6.1/plugins/com.st.stm32cube.ide.mcu.externaltools.gnu-tools-for-stm32.9-2020-q2-update.linux64_2.0.0.202105311346/tools/bin/../lib/gcc/arm-none-eabi/9.3.1/../../../../arm-none-eabi/lib/thumb/v7e-m+fp/hard/crt0.o (exit)
/opt/st/stm32cubeide_1.6.1/plugins/com.st.stm32cube.ide.mcu.externaltools.gnu-tools-for-stm32.9-2020-q2-update.linux64_2.0.0.202105311346/tools/bin/../lib/gcc/arm-none-eabi/9.3.1/../../../../arm-none-eabi/lib/thumb/v7e-m+fp/hard/libc_nano.a(lib_a-findfp.o)
                              ./Middlewares/Third_Party/FreeRTOS/Source/tasks.o (__sf_fake_stderr)
/opt/st/stm32cubeide_1.6.1/plugins/com.st.stm32cube.ide.mcu.externaltools.gnu-tools-for-stm32.9-2020-q2-update.linux64_2.0.0.202105311346/tools/bin/../lib/gcc/arm-none-eabi/9.3.1/../../../../arm-none-eabi/lib/thumb/v7e-m+fp/hard/libc_nano.a(lib_a-fwalk.o)
                              /opt/st/stm32cubeide_1.6.1/plugins/com.st.stm32cube.ide.mcu.externaltools.gnu-tools-for-stm32.9-2020-q2-update.linux64_2.0.0.202105311346/tools/bin/../lib/gcc/arm-none-eabi/9.3.1/../../../../arm-none-eabi/lib/thumb/v7e-m+fp/hard/libc_nano.a(lib_a-findfp.o) (_fwalk)
/opt/st/stm32cubeide_1.6.1/plugins/com.st.stm32cube.ide.mcu.externaltools.gnu-tools-for-stm32.9-2020-q2-update.linux64_2.0.0.202105311346/tools/bin/../lib/gcc/arm-none-eabi/9.3.1/../../../../arm-none-eabi/lib/thumb/v7e-m+fp/hard/libc_nano.a(lib_a-impure.o)
                              /opt/st/stm32cubeide_1.6.1/plugins/com.st.stm32cube.ide.mcu.externaltools.gnu-tools-for-stm32.9-2020-q2-update.linux64_2.0.0.202105311346/tools/bin/../lib/gcc/arm-none-eabi/9.3.1/../../../../arm-none-eabi/lib/thumb/v7e-m+fp/hard/libc_nano.a(lib_a-exit.o) (_global_impure_ptr)
/opt/st/stm32cubeide_1.6.1/plugins/com.st.stm32cube.ide.mcu.externaltools.gnu-tools-for-stm32.9-2020-q2-update.linux64_2.0.0.202105311346/tools/bin/../lib/gcc/arm-none-eabi/9.3.1/../../../../arm-none-eabi/lib/thumb/v7e-m+fp/hard/libc_nano.a(lib_a-init.o)
                              /opt/st/stm32cubeide_1.6.1/plugins/com.st.stm32cube.ide.mcu.externaltools.gnu-tools-for-stm32.9-2020-q2-update.linux64_2.0.0.202105311346/tools/bin/../lib/gcc/arm-none-eabi/9.3.1/../../../../arm-none-eabi/lib/thumb/v7e-m+fp/hard/crt0.o (__libc_init_array)
/opt/st/stm32cubeide_1.6.1/plugins/com.st.stm32cube.ide.mcu.externaltools.gnu-tools-for-stm32.9-2020-q2-update.linux64_2.0.0.202105311346/tools/bin/../lib/gcc/arm-none-eabi/9.3.1/../../../../arm-none-eabi/lib/thumb/v7e-m+fp/hard/libc_nano.a(lib_a-lock.o)
                              /opt/st/stm32cubeide_1.6.1/plugins/com.st.stm32cube.ide.mcu.externaltools.gnu-tools-for-stm32.9-2020-q2-update.linux64_2.0.0.202105311346/tools/bin/../lib/gcc/arm-none-eabi/9.3.1/../../../../arm-none-eabi/lib/thumb/v7e-m+fp/hard/libc_nano.a(lib_a-findfp.o) (__retarget_lock_init_recursive)
/opt/st/stm32cubeide_1.6.1/plugins/com.st.stm32cube.ide.mcu.externaltools.gnu-tools-for-stm32.9-2020-q2-update.linux64_2.0.0.202105311346/tools/bin/../lib/gcc/arm-none-eabi/9.3.1/../../../../arm-none-eabi/lib/thumb/v7e-m+fp/hard/libc_nano.a(lib_a-malloc.o)
                              ./Drivers/DISPLAY/tm_stm32f4_ili9341.o (malloc)
/opt/st/stm32cubeide_1.6.1/plugins/com.st.stm32cube.ide.mcu.externaltools.gnu-tools-for-stm32.9-2020-q2-update.linux64_2.0.0.202105311346/tools/bin/../lib/gcc/arm-none-eabi/9.3.1/../../../../arm-none-eabi/lib/thumb/v7e-m+fp/hard/libc_nano.a(lib_a-memcpy-stub.o)
                              ./Middlewares/Third_Party/FreeRTOS/Source/CMSIS_RTOS_V2/cmsis_os2.o (memcpy)
/opt/st/stm32cubeide_1.6.1/plugins/com.st.stm32cube.ide.mcu.externaltools.gnu-tools-for-stm32.9-2020-q2-update.linux64_2.0.0.202105311346/tools/bin/../lib/gcc/arm-none-eabi/9.3.1/../../../../arm-none-eabi/lib/thumb/v7e-m+fp/hard/libc_nano.a(lib_a-memset.o)
                              /opt/st/stm32cubeide_1.6.1/plugins/com.st.stm32cube.ide.mcu.externaltools.gnu-tools-for-stm32.9-2020-q2-update.linux64_2.0.0.202105311346/tools/bin/../lib/gcc/arm-none-eabi/9.3.1/../../../../arm-none-eabi/lib/thumb/v7e-m+fp/hard/crt0.o (memset)
/opt/st/stm32cubeide_1.6.1/plugins/com.st.stm32cube.ide.mcu.externaltools.gnu-tools-for-stm32.9-2020-q2-update.linux64_2.0.0.202105311346/tools/bin/../lib/gcc/arm-none-eabi/9.3.1/../../../../arm-none-eabi/lib/thumb/v7e-m+fp/hard/libc_nano.a(lib_a-nano-freer.o)
[...]
Memory Configuration

Name             Origin             Length             Attributes
CCMRAM           0x0000000010000000 0x0000000000010000 xrw
RAM              0x0000000020000000 0x0000000000020000 xrw
FLASH            0x0000000008000000 0x0000000000080000 xr
*default*        0x0000000000000000 0xffffffffffffffff

Linker script and memory map

LOAD /opt/st/stm32cubeide_1.6.1/plugins/com.st.stm32cube.ide.mcu.externaltools.gnu-tools-for-stm32.9-2020-q2-update.linux64_2.0.0.202105311346/tools/bin/../lib/gcc/arm-none-eabi/9.3.1/thumb/v7e-m+fp/hard/crti.o
LOAD /opt/st/stm32cubeide_1.6.1/plugins/com.st.stm32cube.ide.mcu.externaltools.gnu-tools-for-stm32.9-2020-q2-update.linux64_2.0.0.202105311346/tools/bin/../lib/gcc/arm-none-eabi/9.3.1/thumb/v7e-m+fp/hard/crtbegin.o
LOAD /opt/st/stm32cubeide_1.6.1/plugins/com.st.stm32cube.ide.mcu.externaltools.gnu-tools-for-stm32.9-2020-q2-update.linux64_2.0.0.202105311346/tools/bin/../lib/gcc/arm-none-eabi/9.3.1/../../../../arm-none-eabi/lib/thumb/v7e-m+fp/hard/crt0.o
LOAD ./Core/Src/button.o
LOAD ./Core/Src/dsp_control.o
LOAD ./Core/Src/fan_control.o
LOAD ./Core/Src/freertos.o
LOAD ./Core/Src/main.o
LOAD ./Core/Src/stm32f4xx_hal_msp.o
LOAD ./Core/Src/stm32f4xx_hal_timebase_tim.o
LOAD ./Core/Src/stm32f4xx_it.o
LOAD ./Core/Src/syscalls.o
LOAD ./Core/Src/sysmem.o
LOAD ./Core/Src/system_stm32f4xx.o
LOAD ./Core/Src/touch.o
LOAD ./Core/Startup/startup_stm32f407vetx.o
LOAD ./Drivers/DISPLAY/display.o
LOAD ./Drivers/DISPLAY/tm_stm32f4_fonts.o
LOAD ./Drivers/DISPLAY/tm_stm32f4_ili9341.o
LOAD ./Drivers/DISPLAY/images/bat.o
LOAD ./Drivers/DS18B20/ds18b20.o
LOAD ./Drivers/DS18B20/onewire.o
LOAD ./Drivers/STM32F4xx_HAL_Driver/Src/stm32f4xx_hal.o
LOAD ./Drivers/STM32F4xx_HAL_Driver/Src/stm32f4xx_hal_cortex.o
LOAD ./Drivers/STM32F4xx_HAL_Driver/Src/stm32f4xx_hal_dma.o
LOAD ./Drivers/STM32F4xx_HAL_Driver/Src/stm32f4xx_hal_dma_ex.o
LOAD ./Drivers/STM32F4xx_HAL_Driver/Src/stm32f4xx_hal_exti.o
LOAD ./Drivers/STM32F4xx_HAL_Driver/Src/stm32f4xx_hal_flash.o
LOAD ./Drivers/STM32F4xx_HAL_Driver/Src/stm32f4xx_hal_flash_ex.o
LOAD ./Drivers/STM32F4xx_HAL_Driver/Src/stm32f4xx_hal_flash_ramfunc.o
LOAD ./Drivers/STM32F4xx_HAL_Driver/Src/stm32f4xx_hal_gpio.o
LOAD ./Drivers/STM32F4xx_HAL_Driver/Src/stm32f4xx_hal_i2c.o
LOAD ./Drivers/STM32F4xx_HAL_Driver/Src/stm32f4xx_hal_i2c_ex.o
LOAD ./Drivers/STM32F4xx_HAL_Driver/Src/stm32f4xx_hal_pwr.o
LOAD ./Drivers/STM32F4xx_HAL_Driver/Src/stm32f4xx_hal_pwr_ex.o
LOAD ./Drivers/STM32F4xx_HAL_Driver/Src/stm32f4xx_hal_rcc.o
LOAD ./Drivers/STM32F4xx_HAL_Driver/Src/stm32f4xx_hal_rcc_ex.o
LOAD ./Drivers/STM32F4xx_HAL_Driver/Src/stm32f4xx_hal_rtc.o
LOAD ./Drivers/STM32F4xx_HAL_Driver/Src/stm32f4xx_hal_rtc_ex.o
LOAD ./Drivers/STM32F4xx_HAL_Driver/Src/stm32f4xx_hal_spi.o
LOAD ./Drivers/STM32F4xx_HAL_Driver/Src/stm32f4xx_hal_tim.o
LOAD ./Drivers/STM32F4xx_HAL_Driver/Src/stm32f4xx_hal_tim_ex.o
LOAD ./Middlewares/Third_Party/FreeRTOS/Source/CMSIS_RTOS_V2/cmsis_os2.o
LOAD ./Middlewares/Third_Party/FreeRTOS/Source/croutine.o
LOAD ./Middlewares/Third_Party/FreeRTOS/Source/event_groups.o
LOAD ./Middlewares/Third_Party/FreeRTOS/Source/list.o
LOAD ./Middlewares/Third_Party/FreeRTOS/Source/queue.o
LOAD ./Middlewares/Third_Party/FreeRTOS/Source/stream_buffer.o
LOAD ./Middlewares/Third_Party/FreeRTOS/Source/tasks.o
LOAD ./Middlewares/Third_Party/FreeRTOS/Source/timers.o
LOAD ./Middlewares/Third_Party/FreeRTOS/Source/portable/GCC/ARM_CM4F/port.o
LOAD ./Middlewares/Third_Party/FreeRTOS/Source/portable/MemMang/heap_4.o
START GROUP
LOAD /opt/st/stm32cubeide_1.6.1/plugins/com.st.stm32cube.ide.mcu.externaltools.gnu-tools-for-stm32.9-2020-q2-update.linux64_2.0.0.202105311346/tools/bin/../lib/gcc/arm-none-eabi/9.3.1/../../../../arm-none-eabi/lib/thumb/v7e-m+fp/hard/libc_nano.a
LOAD /opt/st/stm32cubeide_1.6.1/plugins/com.st.stm32cube.ide.mcu.externaltools.gnu-tools-for-stm32.9-2020-q2-update.linux64_2.0.0.202105311346/tools/bin/../lib/gcc/arm-none-eabi/9.3.1/../../../../arm-none-eabi/lib/thumb/v7e-m+fp/hard/libm.a
END GROUP
START GROUP
LOAD /opt/st/stm32cubeide_1.6.1/plugins/com.st.stm32cube.ide.mcu.externaltools.gnu-tools-for-stm32.9-2020-q2-update.linux64_2.0.0.202105311346/tools/bin/../lib/gcc/arm-none-eabi/9.3.1/thumb/v7e-m+fp/hard/libgcc.a
LOAD /opt/st/stm32cubeide_1.6.1/plugins/com.st.stm32cube.ide.mcu.externaltools.gnu-tools-for-stm32.9-2020-q2-update.linux64_2.0.0.202105311346/tools/bin/../lib/gcc/arm-none-eabi/9.3.1/../../../../arm-none-eabi/lib/thumb/v7e-m+fp/hard/libc_nano.a
END GROUP
START GROUP
LOAD /opt/st/stm32cubeide_1.6.1/plugins/com.st.stm32cube.ide.mcu.externaltools.gnu-tools-for-stm32.9-2020-q2-update.linux64_2.0.0.202105311346/tools/bin/../lib/gcc/arm-none-eabi/9.3.1/thumb/v7e-m+fp/hard/libgcc.a
LOAD /opt/st/stm32cubeide_1.6.1/plugins/com.st.stm32cube.ide.mcu.externaltools.gnu-tools-for-stm32.9-2020-q2-update.linux64_2.0.0.202105311346/tools/bin/../lib/gcc/arm-none-eabi/9.3.1/../../../../arm-none-eabi/lib/thumb/v7e-m+fp/hard/libc_nano.a
LOAD /opt/st/stm32cubeide_1.6.1/plugins/com.st.stm32cube.ide.mcu.externaltools.gnu-tools-for-stm32.9-2020-q2-update.linux64_2.0.0.202105311346/tools/bin/../lib/gcc/arm-none-eabi/9.3.1/../../../../arm-none-eabi/lib/thumb/v7e-m+fp/hard/libnosys.a
END GROUP
START GROUP
LOAD /opt/st/stm32cubeide_1.6.1/plugins/com.st.stm32cube.ide.mcu.externaltools.gnu-tools-for-stm32.9-2020-q2-update.linux64_2.0.0.202105311346/tools/bin/../lib/gcc/arm-none-eabi/9.3.1/thumb/v7e-m+fp/hard/libgcc.a
LOAD /opt/st/stm32cubeide_1.6.1/plugins/com.st.stm32cube.ide.mcu.externaltools.gnu-tools-for-stm32.9-2020-q2-update.linux64_2.0.0.202105311346/tools/bin/../lib/gcc/arm-none-eabi/9.3.1/../../../../arm-none-eabi/lib/thumb/v7e-m+fp/hard/libc_nano.a
LOAD /opt/st/stm32cubeide_1.6.1/plugins/com.st.stm32cube.ide.mcu.externaltools.gnu-tools-for-stm32.9-2020-q2-update.linux64_2.0.0.202105311346/tools/bin/../lib/gcc/arm-none-eabi/9.3.1/../../../../arm-none-eabi/lib/thumb/v7e-m+fp/hard/libnosys.a
END GROUP
LOAD /opt/st/stm32cubeide_1.6.1/plugins/com.st.stm32cube.ide.mcu.externaltools.gnu-tools-for-stm32.9-2020-q2-update.linux64_2.0.0.202105311346/tools/bin/../lib/gcc/arm-none-eabi/9.3.1/thumb/v7e-m+fp/hard/crtend.o
LOAD /opt/st/stm32cubeide_1.6.1/plugins/com.st.stm32cube.ide.mcu.externaltools.gnu-tools-for-stm32.9-2020-q2-update.linux64_2.0.0.202105311346/tools/bin/../lib/gcc/arm-none-eabi/9.3.1/thumb/v7e-m+fp/hard/crtn.o
                0x0000000020020000                _estack = (ORIGIN (RAM) + LENGTH (RAM))
                0x0000000000000200                _Min_Heap_Size = 0x200
                0x0000000000000400                _Min_Stack_Size = 0x400

.isr_vector     0x0000000008000000      0x188
                0x0000000008000000                . = ALIGN (0x4)
 *(.isr_vector)
 .isr_vector    0x0000000008000000      0x188 ./Core/Startup/startup_stm32f407vetx.o
                0x0000000008000000                g_pfnVectors
                0x0000000008000188                . = ALIGN (0x4)

.text           0x0000000008000190     0xa178
                0x0000000008000190                . = ALIGN (0x4)
 *(.text)
 .text          0x0000000008000190       0x40 /opt/st/stm32cubeide_1.6.1/plugins/com.st.stm32cube.ide.mcu.externaltools.gnu-tools-for-stm32.9-2020-q2-update.linux64_2.0.0.202105311346/tools/bin/../lib/gcc/arm-none-eabi/9.3.1/thumb/v7e-m+fp/hard/crtbegin.o
 .text          0x00000000080001d0       0x30 /opt/st/stm32cubeide_1.6.1/plugins/com.st.stm32cube.ide.mcu.externaltools.gnu-tools-for-stm32.9-2020-q2-update.linux64_2.0.0.202105311346/tools/bin/../lib/gcc/arm-none-eabi/9.3.1/thumb/v7e-m+fp/hard/libgcc.a(_aeabi_uldivmod.o)
                0x00000000080001d0                __aeabi_uldivmod
 .text          0x0000000008000200      0x2c4 /opt/st/stm32cubeide_1.6.1/plugins/com.st.stm32cube.ide.mcu.externaltools.gnu-tools-for-stm32.9-2020-q2-update.linux64_2.0.0.202105311346/tools/bin/../lib/gcc/arm-none-eabi/9.3.1/thumb/v7e-m+fp/hard/libgcc.a(_udivmoddi4.o)
                0x0000000008000200                __udivmoddi4
 .text          0x00000000080004c4        0x4 /opt/st/stm32cubeide_1.6.1/plugins/com.st.stm32cube.ide.mcu.externaltools.gnu-tools-for-stm32.9-2020-q2-update.linux64_2.0.0.202105311346/tools/bin/../lib/gcc/arm-none-eabi/9.3.1/thumb/v7e-m+fp/hard/libgcc.a(_dvmd_tls.o)
                0x00000000080004c4                __aeabi_ldiv0
                0x00000000080004c4                __aeabi_idiv0
 *(.text*)
 .text.buttonTaskEntry
                0x00000000080004c8      0x27c ./Core/Src/button.o
                0x00000000080004c8                buttonTaskEntry
 .text.dspTaskEntry
                0x0000000008000744       0x10 ./Core/Src/dsp_control.o
                0x0000000008000744                dspTaskEntry
 .text.fanTaskEntry
                0x0000000008000754       0x7c ./Core/Src/fan_control.o
                0x0000000008000754                fanTaskEntry
 .text.main     0x00000000080007d0      0x120 ./Core/Src/main.o
                0x00000000080007d0                main
 .text.SystemClock_Config
                0x00000000080008f0       0xd8 ./Core/Src/main.o
                0x00000000080008f0                SystemClock_Config
 .text.MX_I2C1_Init
                0x00000000080009c8       0x5c ./Core/Src/main.o
 .text.MX_I2C2_Init
                0x0000000008000a24       0x5c ./Core/Src/main.o
 .text.MX_RTC_Init
                0x0000000008000a80       0x4c ./Core/Src/main.o
 .text.MX_SPI1_Init
                0x0000000008000acc       0x6c ./Core/Src/main.o
 .text.MX_SPI3_Init
                0x0000000008000b38       0x6c ./Core/Src/main.o
 .text.MX_TIM1_Init
                0x0000000008000ba4      0x15c ./Core/Src/main.o
 .text.MX_TIM3_Init
                0x0000000008000d00       0xc8 ./Core/Src/main.o
 .text.MX_TIM4_Init
                0x0000000008000dc8       0xf4 ./Core/Src/main.o
 .text.MX_TIM5_Init
                0x0000000008000ebc       0x9c ./Core/Src/main.o
 .text.MX_DMA_Init
                0x0000000008000f58       0x40 ./Core/Src/main.o
 .text.MX_GPIO_Init
                0x0000000008000f98      0x288 ./Core/Src/main.o
 .text.HAL_GPIO_EXTI_Callback
                0x0000000008001220       0xa4 ./Core/Src/main.o
                0x0000000008001220                HAL_GPIO_EXTI_Callback
 .text.idleTaskEntry
                0x00000000080012c4       0x30 ./Core/Src/main.o
                0x00000000080012c4                idleTaskEntry
 .text.HAL_TIM_PeriodElapsedCallback
                0x00000000080012f4       0x24 ./Core/Src/main.o
                0x00000000080012f4                HAL_TIM_PeriodElapsedCallback
 .text.Error_Handler
                0x0000000008001318        0xa ./Core/Src/main.o
                0x0000000008001318                Error_Handler
 *fill*         0x0000000008001322        0x2 
 .text.HAL_MspInit
                0x0000000008001324       0x58 ./Core/Src/stm32f4xx_hal_msp.o
                0x0000000008001324                HAL_MspInit
 .text.HAL_I2C_MspInit
                0x000000000800137c       0xf8 ./Core/Src/stm32f4xx_hal_msp.o
                0x000000000800137c                HAL_I2C_MspInit
 .text.HAL_RTC_MspInit
                0x0000000008001474       0x54 ./Core/Src/stm32f4xx_hal_msp.o
                0x0000000008001474                HAL_RTC_MspInit
 .text.HAL_SPI_MspInit
                0x00000000080014c8      0x1a4 ./Core/Src/stm32f4xx_hal_msp.o
                0x00000000080014c8                HAL_SPI_MspInit
 .text.HAL_TIM_Base_MspInit
                0x000000000800166c       0x8c ./Core/Src/stm32f4xx_hal_msp.o
                0x000000000800166c                HAL_TIM_Base_MspInit
 .text.HAL_TIM_PWM_MspInit
                0x00000000080016f8       0x44 ./Core/Src/stm32f4xx_hal_msp.o
                0x00000000080016f8                HAL_TIM_PWM_MspInit
 .text.HAL_TIM_IC_MspInit
                0x000000000800173c       0x90 ./Core/Src/stm32f4xx_hal_msp.o
                0x000000000800173c                HAL_TIM_IC_MspInit
 .text.HAL_TIM_MspPostInit
                0x00000000080017cc       0xc4 ./Core/Src/stm32f4xx_hal_msp.o
                0x00000000080017cc                HAL_TIM_MspPostInit
 .text.HAL_InitTick
                0x0000000008001890       0xb4 ./Core/Src/stm32f4xx_hal_timebase_tim.o
                0x0000000008001890                HAL_InitTick
 .text.NMI_Handler
                0x0000000008001944        0x6 ./Core/Src/stm32f4xx_it.o
                0x0000000008001944                NMI_Handler
 .text.HardFault_Handler
                0x000000000800194a        0x6 ./Core/Src/stm32f4xx_it.o
                0x000000000800194a                HardFault_Handler
 .text.MemManage_Handler
                0x0000000008001950        0x6 ./Core/Src/stm32f4xx_it.o
                0x0000000008001950                MemManage_Handler
 .text.BusFault_Handler
                0x0000000008001956        0x6 ./Core/Src/stm32f4xx_it.o
                0x0000000008001956                BusFault_Handler
 .text.UsageFault_Handler
                0x000000000800195c        0x6 ./Core/Src/stm32f4xx_it.o
                0x000000000800195c                UsageFault_Handler
 .text.DebugMon_Handler
                0x0000000008001962        0xe ./Core/Src/stm32f4xx_it.o
                0x0000000008001962                DebugMon_Handler
 .text.EXTI9_5_IRQHandler
                0x0000000008001970        0xe ./Core/Src/stm32f4xx_it.o
                0x0000000008001970                EXTI9_5_IRQHandler
 *fill*         0x000000000800197e        0x2 
 .text.TIM1_BRK_TIM9_IRQHandler
                0x0000000008001980       0x14 ./Core/Src/stm32f4xx_it.o
                0x0000000008001980                TIM1_BRK_TIM9_IRQHandler
 .text.TIM1_UP_TIM10_IRQHandler
                0x0000000008001994       0x1c ./Core/Src/stm32f4xx_it.o
                0x0000000008001994                TIM1_UP_TIM10_IRQHandler
 .text.DMA2_Stream5_IRQHandler
                0x00000000080019b0       0x14 ./Core/Src/stm32f4xx_it.o
                0x00000000080019b0                DMA2_Stream5_IRQHandler
 .text._sbrk    0x00000000080019c4       0x6c ./Core/Src/sysmem.o
                0x00000000080019c4                _sbrk
 .text.SystemInit
                0x0000000008001a30       0x24 ./Core/Src/system_stm32f4xx.o
                0x0000000008001a30                SystemInit
 .text.touchTaskEntry
                0x0000000008001a54      0x120 ./Core/Src/touch.o
                0x0000000008001a54                touchTaskEntry
 .text.Reset_Handler
                0x0000000008001b74       0x50 ./Core/Startup/startup_stm32f407vetx.o
                0x0000000008001b74                Reset_Handler
 .text.Default_Handler
                0x0000000008001bc4        0x2 ./Core/Startup/startup_stm32f407vetx.o
                0x0000000008001bc4                RTC_Alarm_IRQHandler
                0x0000000008001bc4                HASH_RNG_IRQHandler
                0x0000000008001bc4                EXTI2_IRQHandler
                0x0000000008001bc4                TIM8_CC_IRQHandler
                0x0000000008001bc4                TIM1_CC_IRQHandler
                0x0000000008001bc4                DMA1_Stream5_IRQHandler
                0x0000000008001bc4                PVD_IRQHandler
                0x0000000008001bc4                SDIO_IRQHandler
                0x0000000008001bc4                TAMP_STAMP_IRQHandler
                0x0000000008001bc4                CAN2_RX1_IRQHandler
                0x0000000008001bc4                EXTI3_IRQHandler
                0x0000000008001bc4                TIM8_TRG_COM_TIM14_IRQHandler
                0x0000000008001bc4                TIM8_UP_TIM13_IRQHandler
                0x0000000008001bc4                I2C3_ER_IRQHandler
                0x0000000008001bc4                EXTI0_IRQHandler
                0x0000000008001bc4                I2C2_EV_IRQHandler
                0x0000000008001bc4                DMA1_Stream2_IRQHandler
                0x0000000008001bc4                CAN1_RX0_IRQHandler
                0x0000000008001bc4                FPU_IRQHandler
                0x0000000008001bc4                OTG_HS_WKUP_IRQHandler
                0x0000000008001bc4                CAN2_SCE_IRQHandler
                0x0000000008001bc4                DMA2_Stream2_IRQHandler
                0x0000000008001bc4                SPI1_IRQHandler
                0x0000000008001bc4                TIM6_DAC_IRQHandler
                0x0000000008001bc4                DCMI_IRQHandler
                0x0000000008001bc4                CAN2_RX0_IRQHandler
                0x0000000008001bc4                DMA2_Stream3_IRQHandler
                0x0000000008001bc4                USART6_IRQHandler
                0x0000000008001bc4                USART3_IRQHandler
                0x0000000008001bc4                CAN1_RX1_IRQHandler
                0x0000000008001bc4                UART5_IRQHandler
                0x0000000008001bc4                DMA2_Stream0_IRQHandler
                0x0000000008001bc4                TIM4_IRQHandler
                0x0000000008001bc4                I2C1_EV_IRQHandler
                0x0000000008001bc4                DMA1_Stream6_IRQHandler
                0x0000000008001bc4                DMA1_Stream1_IRQHandler
                0x0000000008001bc4                UART4_IRQHandler
                0x0000000008001bc4                TIM3_IRQHandler
                0x0000000008001bc4                RCC_IRQHandler
                0x0000000008001bc4                TIM8_BRK_TIM12_IRQHandler
                0x0000000008001bc4                Default_Handler
                0x0000000008001bc4                EXTI15_10_IRQHandler
                0x0000000008001bc4                ADC_IRQHandler
                0x0000000008001bc4                DMA1_Stream7_IRQHandler
                0x0000000008001bc4                TIM7_IRQHandler
                0x0000000008001bc4                CAN2_TX_IRQHandler
                0x0000000008001bc4                TIM5_IRQHandler
                0x0000000008001bc4                DMA2_Stream7_IRQHandler
                0x0000000008001bc4                I2C3_EV_IRQHandler
                0x0000000008001bc4                RTC_WKUP_IRQHandler
                0x0000000008001bc4                ETH_WKUP_IRQHandler
                0x0000000008001bc4                SPI2_IRQHandler
                0x0000000008001bc4                OTG_HS_EP1_IN_IRQHandler
                0x0000000008001bc4                DMA1_Stream0_IRQHandler
                0x0000000008001bc4                CAN1_TX_IRQHandler
                0x0000000008001bc4                EXTI4_IRQHandler
                0x0000000008001bc4                FSMC_IRQHandler
                0x0000000008001bc4                ETH_IRQHandler
                0x0000000008001bc4                OTG_HS_EP1_OUT_IRQHandler
                0x0000000008001bc4                WWDG_IRQHandler
                0x0000000008001bc4                TIM2_IRQHandler
                0x0000000008001bc4                OTG_FS_WKUP_IRQHandler
                0x0000000008001bc4                TIM1_TRG_COM_TIM11_IRQHandler
                0x0000000008001bc4                OTG_HS_IRQHandler
                0x0000000008001bc4                EXTI1_IRQHandler
                0x0000000008001bc4                USART2_IRQHandler
                0x0000000008001bc4                I2C2_ER_IRQHandler
                0x0000000008001bc4                DMA2_Stream1_IRQHandler
                0x0000000008001bc4                CAN1_SCE_IRQHandler
                0x0000000008001bc4                FLASH_IRQHandler
                0x0000000008001bc4                DMA2_Stream4_IRQHandler
                0x0000000008001bc4                USART1_IRQHandler
                0x0000000008001bc4                OTG_FS_IRQHandler
                0x0000000008001bc4                SPI3_IRQHandler
                0x0000000008001bc4                DMA1_Stream4_IRQHandler
                0x0000000008001bc4                I2C1_ER_IRQHandler
                0x0000000008001bc4                DMA2_Stream6_IRQHandler
                0x0000000008001bc4                DMA1_Stream3_IRQHandler
 .text.drawPoint
                0x0000000008001bc6       0x1c ./Drivers/DISPLAY/display.o
                0x0000000008001bc6                drawPoint
 *fill*         0x0000000008001be2        0x2 
 .text.displayTaskEntry
                0x0000000008001be4      0x19c ./Drivers/DISPLAY/display.o
                0x0000000008001be4                displayTaskEntry
 .text.TM_ILI9341_Init
                0x0000000008001d80       0x48 ./Drivers/DISPLAY/tm_stm32f4_ili9341.o
                0x0000000008001d80                TM_ILI9341_Init
 .text.TM_ILI9341_InitLCD
                0x0000000008001dc8      0x278 ./Drivers/DISPLAY/tm_stm32f4_ili9341.o
                0x0000000008001dc8                TM_ILI9341_InitLCD
 .text.TM_ILI9341_SendCommand
                0x0000000008002040       0x48 ./Drivers/DISPLAY/tm_stm32f4_ili9341.o
                0x0000000008002040                TM_ILI9341_SendCommand
 .text.TM_ILI9341_SendData
                0x0000000008002088       0x48 ./Drivers/DISPLAY/tm_stm32f4_ili9341.o
                0x0000000008002088                TM_ILI9341_SendData
 .text.TM_ILI9341_DrawPixel
                0x00000000080020d0       0x40 ./Drivers/DISPLAY/tm_stm32f4_ili9341.o
                0x00000000080020d0                TM_ILI9341_DrawPixel
 .text.TM_ILI9341_SetCursorPosition
                0x0000000008002110       0x92 ./Drivers/DISPLAY/tm_stm32f4_ili9341.o
                0x0000000008002110                TM_ILI9341_SetCursorPosition
 *fill*         0x00000000080021a2        0x2 
 .text.TM_ILI9341_Fill
                0x00000000080021a4       0x2c ./Drivers/DISPLAY/tm_stm32f4_ili9341.o
                0x00000000080021a4                TM_ILI9341_Fill
 .text.TM_ILI9341_INT_Fill
                0x00000000080021d0      0x154 ./Drivers/DISPLAY/tm_stm32f4_ili9341.o
                0x00000000080021d0                TM_ILI9341_INT_Fill
 .text.TM_ILI9341_Delay
                0x0000000008002324       0x24 ./Drivers/DISPLAY/tm_stm32f4_ili9341.o
                0x0000000008002324                TM_ILI9341_Delay
 .text.TM_ILI9341_Rotate
                0x0000000008002348       0x8c ./Drivers/DISPLAY/tm_stm32f4_ili9341.o
                0x0000000008002348                TM_ILI9341_Rotate
 .text.TM_ILI9341_Puts
                0x00000000080023d4       0xb0 ./Drivers/DISPLAY/tm_stm32f4_ili9341.o
                0x00000000080023d4                TM_ILI9341_Puts
 .text.TM_ILI9341_Putc
                0x0000000008002484      0x124 ./Drivers/DISPLAY/tm_stm32f4_ili9341.o
                0x0000000008002484                TM_ILI9341_Putc
 .text.TM_ILI9341_DrawFilledRectangle
                0x00000000080025a8       0x70 ./Drivers/DISPLAY/tm_stm32f4_ili9341.o
                0x00000000080025a8                TM_ILI9341_DrawFilledRectangle
 .text.TM_ILI9341_DrawImage
                0x0000000008002618       0x94 ./Drivers/DISPLAY/tm_stm32f4_ili9341.o
                0x0000000008002618                TM_ILI9341_DrawImage
 .text.sensorATaskEntry
                0x00000000080026ac      0x1d8 ./Drivers/DS18B20/ds18b20.o
                0x00000000080026ac                sensorATaskEntry
 .text.DS18B20_StartAll
                0x0000000008002884       0x26 ./Drivers/DS18B20/ds18b20.o
                0x0000000008002884                DS18B20_StartAll
 *fill*         0x00000000080028aa        0x2 
 .text.DS18B20_Read
                0x00000000080028ac      0x200 ./Drivers/DS18B20/ds18b20.o
                0x00000000080028ac                DS18B20_Read
 .text.DS18B20_SetResolution
                0x0000000008002aac      0x110 ./Drivers/DS18B20/ds18b20.o
                0x0000000008002aac                DS18B20_SetResolution
 .text.DS18B20_Is
                0x0000000008002bbc       0x22 ./Drivers/DS18B20/ds18b20.o
                0x0000000008002bbc                DS18B20_Is
 .text.DS18B20_DisableAlarmTemperature
                0x0000000008002bde       0xb6 ./Drivers/DS18B20/ds18b20.o
                0x0000000008002bde                DS18B20_DisableAlarmTemperature
 .text.DS18B20_AllDone
                0x0000000008002c94       0x18 ./Drivers/DS18B20/ds18b20.o
                0x0000000008002c94                DS18B20_AllDone
 .text.ONEWIRE_DELAY
                0x0000000008002cac       0x34 ./Drivers/DS18B20/onewire.o
                0x0000000008002cac                ONEWIRE_DELAY
 .text.ONEWIRE_LOW
                0x0000000008002ce0       0x20 ./Drivers/DS18B20/onewire.o
                0x0000000008002ce0                ONEWIRE_LOW
 .text.ONEWIRE_HIGH
                0x0000000008002d00       0x1e ./Drivers/DS18B20/onewire.o
                0x0000000008002d00                ONEWIRE_HIGH
 .text.ONEWIRE_INPUT
                0x0000000008002d1e       0x32 ./Drivers/DS18B20/onewire.o
                0x0000000008002d1e                ONEWIRE_INPUT
 .text.ONEWIRE_OUTPUT
                0x0000000008002d50       0x32 ./Drivers/DS18B20/onewire.o
                0x0000000008002d50                ONEWIRE_OUTPUT
 *fill*         0x0000000008002d82        0x2 
 .text.OneWire_Init
                0x0000000008002d84       0x5c ./Drivers/DS18B20/onewire.o
                0x0000000008002d84                OneWire_Init
 .text.OneWire_Reset
                0x0000000008002de0       0x54 ./Drivers/DS18B20/onewire.o
                0x0000000008002de0                OneWire_Reset
 .text.OneWire_WriteBit
                0x0000000008002e34       0x64 ./Drivers/DS18B20/onewire.o
                0x0000000008002e34                OneWire_WriteBit
 .text.OneWire_ReadBit
                0x0000000008002e98       0x54 ./Drivers/DS18B20/onewire.o
                0x0000000008002e98                OneWire_ReadBit
 .text.OneWire_WriteByte
                0x0000000008002eec       0x3c ./Drivers/DS18B20/onewire.o
                0x0000000008002eec                OneWire_WriteByte
 .text.OneWire_ReadByte
                0x0000000008002f28       0x42 ./Drivers/DS18B20/onewire.o
                0x0000000008002f28                OneWire_ReadByte
 .text.OneWire_First
                0x0000000008002f6a       0x20 ./Drivers/DS18B20/onewire.o
                0x0000000008002f6a                OneWire_First
 .text.OneWire_Next
                0x0000000008002f8a       0x1a ./Drivers/DS18B20/onewire.o
                0x0000000008002f8a                OneWire_Next
 .text.OneWire_ResetSearch
                0x0000000008002fa4       0x26 ./Drivers/DS18B20/onewire.o
                0x0000000008002fa4                OneWire_ResetSearch
 .text.OneWire_Search
                0x0000000008002fca      0x18c ./Drivers/DS18B20/onewire.o
                0x0000000008002fca                OneWire_Search
 .text.OneWire_SelectWithPointer
                0x0000000008003156       0x3e ./Drivers/DS18B20/onewire.o
                0x0000000008003156                OneWire_SelectWithPointer
 .text.OneWire_GetFullROM
                0x0000000008003194       0x3a ./Drivers/DS18B20/onewire.o
                0x0000000008003194                OneWire_GetFullROM
 .text.OneWire_CRC8
                0x00000000080031ce       0x70 ./Drivers/DS18B20/onewire.o
                0x00000000080031ce                OneWire_CRC8
 *fill*         0x000000000800323e        0x2 
 .text.HAL_Init
                0x0000000008003240       0x44 ./Drivers/STM32F4xx_HAL_Driver/Src/stm32f4xx_hal.o
                0x0000000008003240                HAL_Init
 .text.HAL_IncTick
                0x0000000008003284       0x28 ./Drivers/STM32F4xx_HAL_Driver/Src/stm32f4xx_hal.o
                0x0000000008003284                HAL_IncTick
 .text.HAL_GetTick
                0x00000000080032ac       0x18 ./Drivers/STM32F4xx_HAL_Driver/Src/stm32f4xx_hal.o
                0x00000000080032ac                HAL_GetTick
 .text.HAL_Delay
                0x00000000080032c4       0x48 ./Drivers/STM32F4xx_HAL_Driver/Src/stm32f4xx_hal.o
                0x00000000080032c4                HAL_Delay
 .text.__NVIC_SetPriorityGrouping
                0x000000000800330c       0x48 ./Drivers/STM32F4xx_HAL_Driver/Src/stm32f4xx_hal_cortex.o
 .text.__NVIC_GetPriorityGrouping
                0x0000000008003354       0x1c ./Drivers/STM32F4xx_HAL_Driver/Src/stm32f4xx_hal_cortex.o
 .text.__NVIC_EnableIRQ
                0x0000000008003370       0x3c ./Drivers/STM32F4xx_HAL_Driver/Src/stm32f4xx_hal_cortex.o
 .text.__NVIC_SetPriority
                0x00000000080033ac       0x54 ./Drivers/STM32F4xx_HAL_Driver/Src/stm32f4xx_hal_cortex.o
 .text.NVIC_EncodePriority
                0x0000000008003400       0x66 ./Drivers/STM32F4xx_HAL_Driver/Src/stm32f4xx_hal_cortex.o
 .text.HAL_NVIC_SetPriorityGrouping
                0x0000000008003466       0x16 ./Drivers/STM32F4xx_HAL_Driver/Src/stm32f4xx_hal_cortex.o
                0x0000000008003466                HAL_NVIC_SetPriorityGrouping
 .text.HAL_NVIC_SetPriority
                0x000000000800347c       0x38 ./Drivers/STM32F4xx_HAL_Driver/Src/stm32f4xx_hal_cortex.o
                0x000000000800347c                HAL_NVIC_SetPriority
 .text.HAL_NVIC_EnableIRQ
                0x00000000080034b4       0x1c ./Drivers/STM32F4xx_HAL_Driver/Src/stm32f4xx_hal_cortex.o
                0x00000000080034b4                HAL_NVIC_EnableIRQ
 .text.HAL_DMA_Init
                0x00000000080034d0      0x15c ./Drivers/STM32F4xx_HAL_Driver/Src/stm32f4xx_hal_dma.o
                0x00000000080034d0                HAL_DMA_Init
 .text.HAL_DMA_Start_IT
                0x000000000800362c       0xb0 ./Drivers/STM32F4xx_HAL_Driver/Src/stm32f4xx_hal_dma.o
                0x000000000800362c                HAL_DMA_Start_IT
 .text.HAL_DMA_IRQHandler
                0x00000000080036dc      0x314 ./Drivers/STM32F4xx_HAL_Driver/Src/stm32f4xx_hal_dma.o
                0x00000000080036dc                HAL_DMA_IRQHandler
 .text.DMA_SetConfig
                0x00000000080039f0       0x5c ./Drivers/STM32F4xx_HAL_Driver/Src/stm32f4xx_hal_dma.o
 .text.DMA_CalcBaseAndBitshift
                0x0000000008003a4c       0x6c ./Drivers/STM32F4xx_HAL_Driver/Src/stm32f4xx_hal_dma.o
 .text.DMA_CheckFifoParam
                0x0000000008003ab8       0xf8 ./Drivers/STM32F4xx_HAL_Driver/Src/stm32f4xx_hal_dma.o
 .text.HAL_GPIO_Init
                0x0000000008003bb0      0x338 ./Drivers/STM32F4xx_HAL_Driver/Src/stm32f4xx_hal_gpio.o
                0x0000000008003bb0                HAL_GPIO_Init
 .text.HAL_GPIO_ReadPin
                0x0000000008003ee8       0x30 ./Drivers/STM32F4xx_HAL_Driver/Src/stm32f4xx_hal_gpio.o
                0x0000000008003ee8                HAL_GPIO_ReadPin
 .text.HAL_GPIO_WritePin
                0x0000000008003f18       0x32 ./Drivers/STM32F4xx_HAL_Driver/Src/stm32f4xx_hal_gpio.o
                0x0000000008003f18                HAL_GPIO_WritePin
 *fill*         0x0000000008003f4a        0x2 
 .text.HAL_GPIO_EXTI_IRQHandler
                0x0000000008003f4c       0x30 ./Drivers/STM32F4xx_HAL_Driver/Src/stm32f4xx_hal_gpio.o
                0x0000000008003f4c                HAL_GPIO_EXTI_IRQHandler
 .text.HAL_I2C_Init
                0x0000000008003f7c      0x288 ./Drivers/STM32F4xx_HAL_Driver/Src/stm32f4xx_hal_i2c.o
                0x0000000008003f7c                HAL_I2C_Init
 .text.HAL_RCC_OscConfig
                0x0000000008004204      0x4f0 ./Drivers/STM32F4xx_HAL_Driver/Src/stm32f4xx_hal_rcc.o
                0x0000000008004204                HAL_RCC_OscConfig
 .text.HAL_RCC_ClockConfig
                0x00000000080046f4      0x1cc ./Drivers/STM32F4xx_HAL_Driver/Src/stm32f4xx_hal_rcc.o
                0x00000000080046f4                HAL_RCC_ClockConfig
 .text.HAL_RCC_GetSysClockFreq
                0x00000000080048c0      0x16c ./Drivers/STM32F4xx_HAL_Driver/Src/stm32f4xx_hal_rcc.o
                0x00000000080048c0                HAL_RCC_GetSysClockFreq
 .text.HAL_RCC_GetHCLKFreq
                0x0000000008004a2c       0x18 ./Drivers/STM32F4xx_HAL_Driver/Src/stm32f4xx_hal_rcc.o
                0x0000000008004a2c                HAL_RCC_GetHCLKFreq
 .text.HAL_RCC_GetPCLK1Freq
                0x0000000008004a44       0x28 ./Drivers/STM32F4xx_HAL_Driver/Src/stm32f4xx_hal_rcc.o
                0x0000000008004a44                HAL_RCC_GetPCLK1Freq
 .text.HAL_RCC_GetPCLK2Freq
                0x0000000008004a6c       0x28 ./Drivers/STM32F4xx_HAL_Driver/Src/stm32f4xx_hal_rcc.o
                0x0000000008004a6c                HAL_RCC_GetPCLK2Freq
 .text.HAL_RCC_GetClockConfig
                0x0000000008004a94       0x64 ./Drivers/STM32F4xx_HAL_Driver/Src/stm32f4xx_hal_rcc.o
                0x0000000008004a94                HAL_RCC_GetClockConfig
 .text.HAL_RCCEx_PeriphCLKConfig
                0x0000000008004af8      0x1c4 ./Drivers/STM32F4xx_HAL_Driver/Src/stm32f4xx_hal_rcc_ex.o
                0x0000000008004af8                HAL_RCCEx_PeriphCLKConfig
 .text.HAL_RTC_Init
                0x0000000008004cbc      0x122 ./Drivers/STM32F4xx_HAL_Driver/Src/stm32f4xx_hal_rtc.o
                0x0000000008004cbc                HAL_RTC_Init
 .text.HAL_RTC_WaitForSynchro
                0x0000000008004dde       0x50 ./Drivers/STM32F4xx_HAL_Driver/Src/stm32f4xx_hal_rtc.o
                0x0000000008004dde                HAL_RTC_WaitForSynchro
 .text.RTC_EnterInitMode
                0x0000000008004e2e       0x58 ./Drivers/STM32F4xx_HAL_Driver/Src/stm32f4xx_hal_rtc.o
                0x0000000008004e2e                RTC_EnterInitMode
 .text.HAL_SPI_Init
                0x0000000008004e86      0x112 ./Drivers/STM32F4xx_HAL_Driver/Src/stm32f4xx_hal_spi.o
                0x0000000008004e86                HAL_SPI_Init
 .text.HAL_SPI_Transmit
                0x0000000008004f98      0x278 ./Drivers/STM32F4xx_HAL_Driver/Src/stm32f4xx_hal_spi.o
                0x0000000008004f98                HAL_SPI_Transmit
 .text.HAL_SPI_TransmitReceive
                0x0000000008005210      0x344 ./Drivers/STM32F4xx_HAL_Driver/Src/stm32f4xx_hal_spi.o
                0x0000000008005210                HAL_SPI_TransmitReceive
 .text.HAL_SPI_Transmit_DMA
                0x0000000008005554      0x16c ./Drivers/STM32F4xx_HAL_Driver/Src/stm32f4xx_hal_spi.o
                0x0000000008005554                HAL_SPI_Transmit_DMA
 .text.HAL_SPI_TxCpltCallback
                0x00000000080056c0       0x14 ./Drivers/STM32F4xx_HAL_Driver/Src/stm32f4xx_hal_spi.o
                0x00000000080056c0                HAL_SPI_TxCpltCallback
 .text.HAL_SPI_TxHalfCpltCallback
                0x00000000080056d4       0x14 ./Drivers/STM32F4xx_HAL_Driver/Src/stm32f4xx_hal_spi.o
                0x00000000080056d4                HAL_SPI_TxHalfCpltCallback
 .text.HAL_SPI_ErrorCallback
                0x00000000080056e8       0x14 ./Drivers/STM32F4xx_HAL_Driver/Src/stm32f4xx_hal_spi.o
                0x00000000080056e8                HAL_SPI_ErrorCallback
 .text.SPI_DMATransmitCplt
                0x00000000080056fc       0xa8 ./Drivers/STM32F4xx_HAL_Driver/Src/stm32f4xx_hal_spi.o
 .text.SPI_DMAHalfTransmitCplt
                0x00000000080057a4       0x1c ./Drivers/STM32F4xx_HAL_Driver/Src/stm32f4xx_hal_spi.o
 .text.SPI_DMAError
                0x00000000080057c0       0x40 ./Drivers/STM32F4xx_HAL_Driver/Src/stm32f4xx_hal_spi.o
 .text.SPI_WaitFlagStateUntilTimeout
                0x0000000008005800      0x110 ./Drivers/STM32F4xx_HAL_Driver/Src/stm32f4xx_hal_spi.o
 .text.SPI_EndRxTxTransaction
                0x0000000008005910       0x84 ./Drivers/STM32F4xx_HAL_Driver/Src/stm32f4xx_hal_spi.o
 .text.HAL_TIM_Base_Init
                0x0000000008005994       0x9e ./Drivers/STM32F4xx_HAL_Driver/Src/stm32f4xx_hal_tim.o
                0x0000000008005994                HAL_TIM_Base_Init
 *fill*         0x0000000008005a32        0x2 
 .text.HAL_TIM_Base_Start
                0x0000000008005a34       0xd0 ./Drivers/STM32F4xx_HAL_Driver/Src/stm32f4xx_hal_tim.o
                0x0000000008005a34                HAL_TIM_Base_Start
 .text.HAL_TIM_Base_Start_IT
                0x0000000008005b04       0xe0 ./Drivers/STM32F4xx_HAL_Driver/Src/stm32f4xx_hal_tim.o
                0x0000000008005b04                HAL_TIM_Base_Start_IT
 .text.HAL_TIM_PWM_Init
                0x0000000008005be4       0x9e ./Drivers/STM32F4xx_HAL_Driver/Src/stm32f4xx_hal_tim.o
                0x0000000008005be4                HAL_TIM_PWM_Init
 *fill*         0x0000000008005c82        0x2 
 .text.HAL_TIM_PWM_Start
                0x0000000008005c84      0x190 ./Drivers/STM32F4xx_HAL_Driver/Src/stm32f4xx_hal_tim.o
                0x0000000008005c84                HAL_TIM_PWM_Start
 .text.HAL_TIM_PWM_Stop
                0x0000000008005e14       0xe0 ./Drivers/STM32F4xx_HAL_Driver/Src/stm32f4xx_hal_tim.o
                0x0000000008005e14                HAL_TIM_PWM_Stop
 .text.HAL_TIM_IC_Init
                0x0000000008005ef4       0x9e ./Drivers/STM32F4xx_HAL_Driver/Src/stm32f4xx_hal_tim.o
                0x0000000008005ef4                HAL_TIM_IC_Init
 .text.HAL_TIM_IRQHandler
                0x0000000008005f92      0x210 ./Drivers/STM32F4xx_HAL_Driver/Src/stm32f4xx_hal_tim.o
                0x0000000008005f92                HAL_TIM_IRQHandler
 .text.HAL_TIM_IC_ConfigChannel
                0x00000000080061a2      0x138 ./Drivers/STM32F4xx_HAL_Driver/Src/stm32f4xx_hal_tim.o
                0x00000000080061a2                HAL_TIM_IC_ConfigChannel
 *fill*         0x00000000080062da        0x2 
 .text.HAL_TIM_PWM_ConfigChannel
                0x00000000080062dc      0x184 ./Drivers/STM32F4xx_HAL_Driver/Src/stm32f4xx_hal_tim.o
                0x00000000080062dc                HAL_TIM_PWM_ConfigChannel
 .text.HAL_TIM_ConfigClockSource
                0x0000000008006460      0x18e ./Drivers/STM32F4xx_HAL_Driver/Src/stm32f4xx_hal_tim.o
                0x0000000008006460                HAL_TIM_ConfigClockSource
 .text.HAL_TIM_OC_DelayElapsedCallback
                0x00000000080065ee       0x14 ./Drivers/STM32F4xx_HAL_Driver/Src/stm32f4xx_hal_tim.o
                0x00000000080065ee                HAL_TIM_OC_DelayElapsedCallback
 .text.HAL_TIM_IC_CaptureCallback
                0x0000000008006602       0x14 ./Drivers/STM32F4xx_HAL_Driver/Src/stm32f4xx_hal_tim.o
                0x0000000008006602                HAL_TIM_IC_CaptureCallback
 .text.HAL_TIM_PWM_PulseFinishedCallback
                0x0000000008006616       0x14 ./Drivers/STM32F4xx_HAL_Driver/Src/stm32f4xx_hal_tim.o
                0x0000000008006616                HAL_TIM_PWM_PulseFinishedCallback
 .text.HAL_TIM_TriggerCallback
                0x000000000800662a       0x14 ./Drivers/STM32F4xx_HAL_Driver/Src/stm32f4xx_hal_tim.o
                0x000000000800662a                HAL_TIM_TriggerCallback
 *fill*         0x000000000800663e        0x2 
 .text.TIM_Base_SetConfig
                0x0000000008006640      0x140 ./Drivers/STM32F4xx_HAL_Driver/Src/stm32f4xx_hal_tim.o
                0x0000000008006640                TIM_Base_SetConfig
 .text.TIM_OC1_SetConfig
                0x0000000008006780       0xe0 ./Drivers/STM32F4xx_HAL_Driver/Src/stm32f4xx_hal_tim.o
 .text.TIM_OC2_SetConfig
                0x0000000008006860       0xec ./Drivers/STM32F4xx_HAL_Driver/Src/stm32f4xx_hal_tim.o
                0x0000000008006860                TIM_OC2_SetConfig
 .text.TIM_OC3_SetConfig
                0x000000000800694c       0xe8 ./Drivers/STM32F4xx_HAL_Driver/Src/stm32f4xx_hal_tim.o
 .text.TIM_OC4_SetConfig
                0x0000000008006a34       0xac ./Drivers/STM32F4xx_HAL_Driver/Src/stm32f4xx_hal_tim.o
 .text.TIM_TI1_SetConfig
                0x0000000008006ae0       0xe8 ./Drivers/STM32F4xx_HAL_Driver/Src/stm32f4xx_hal_tim.o
                0x0000000008006ae0                TIM_TI1_SetConfig
 .text.TIM_TI1_ConfigInputStage
                0x0000000008006bc8       0x5e ./Drivers/STM32F4xx_HAL_Driver/Src/stm32f4xx_hal_tim.o
 .text.TIM_TI2_SetConfig
                0x0000000008006c26       0x7a ./Drivers/STM32F4xx_HAL_Driver/Src/stm32f4xx_hal_tim.o
 .text.TIM_TI2_ConfigInputStage
                0x0000000008006ca0       0x60 ./Drivers/STM32F4xx_HAL_Driver/Src/stm32f4xx_hal_tim.o
 .text.TIM_TI3_SetConfig
                0x0000000008006d00       0x78 ./Drivers/STM32F4xx_HAL_Driver/Src/stm32f4xx_hal_tim.o
 .text.TIM_TI4_SetConfig
                0x0000000008006d78       0x7a ./Drivers/STM32F4xx_HAL_Driver/Src/stm32f4xx_hal_tim.o
 .text.TIM_ITRx_SetConfig
                0x0000000008006df2       0x36 ./Drivers/STM32F4xx_HAL_Driver/Src/stm32f4xx_hal_tim.o
 .text.TIM_ETR_SetConfig
                0x0000000008006e28       0x40 ./Drivers/STM32F4xx_HAL_Driver/Src/stm32f4xx_hal_tim.o
                0x0000000008006e28                TIM_ETR_SetConfig
 .text.TIM_CCxChannelCmd
                0x0000000008006e68       0x4a ./Drivers/STM32F4xx_HAL_Driver/Src/stm32f4xx_hal_tim.o
                0x0000000008006e68                TIM_CCxChannelCmd
 *fill*         0x0000000008006eb2        0x2 
 .text.HAL_TIMEx_MasterConfigSynchronization
                0x0000000008006eb4       0xf8 ./Drivers/STM32F4xx_HAL_Driver/Src/stm32f4xx_hal_tim_ex.o
                0x0000000008006eb4                HAL_TIMEx_MasterConfigSynchronization
 .text.HAL_TIMEx_ConfigBreakDeadTime
                0x0000000008006fac       0xa4 ./Drivers/STM32F4xx_HAL_Driver/Src/stm32f4xx_hal_tim_ex.o
                0x0000000008006fac                HAL_TIMEx_ConfigBreakDeadTime
 .text.HAL_TIMEx_CommutCallback
                0x0000000008007050       0x14 ./Drivers/STM32F4xx_HAL_Driver/Src/stm32f4xx_hal_tim_ex.o
                0x0000000008007050                HAL_TIMEx_CommutCallback
 .text.HAL_TIMEx_BreakCallback
                0x0000000008007064       0x14 ./Drivers/STM32F4xx_HAL_Driver/Src/stm32f4xx_hal_tim_ex.o
                0x0000000008007064                HAL_TIMEx_BreakCallback
 .text.__NVIC_SetPriority
                0x0000000008007078       0x54 ./Middlewares/Third_Party/FreeRTOS/Source/CMSIS_RTOS_V2/cmsis_os2.o
 .text.SysTick_Handler
                0x00000000080070cc       0x20 ./Middlewares/Third_Party/FreeRTOS/Source/CMSIS_RTOS_V2/cmsis_os2.o
                0x00000000080070cc                SysTick_Handler
 .text.SVC_Setup
                0x00000000080070ec       0x12 ./Middlewares/Third_Party/FreeRTOS/Source/CMSIS_RTOS_V2/cmsis_os2.o
 *fill*         0x00000000080070fe        0x2 
 .text.osKernelInitialize
                0x0000000008007100       0x48 ./Middlewares/Third_Party/FreeRTOS/Source/CMSIS_RTOS_V2/cmsis_os2.o
                0x0000000008007100                osKernelInitialize
 .text.osKernelStart
                0x0000000008007148       0x4c ./Middlewares/Third_Party/FreeRTOS/Source/CMSIS_RTOS_V2/cmsis_os2.o
                0x0000000008007148                osKernelStart
 .text.osThreadNew
                0x0000000008007194      0x124 ./Middlewares/Third_Party/FreeRTOS/Source/CMSIS_RTOS_V2/cmsis_os2.o
                0x0000000008007194                osThreadNew
 .text.osDelay  0x00000000080072b8       0x36 ./Middlewares/Third_Party/FreeRTOS/Source/CMSIS_RTOS_V2/cmsis_os2.o
                0x00000000080072b8                osDelay
 .text.osMessageQueueNew
                0x00000000080072ee       0xe6 ./Middlewares/Third_Party/FreeRTOS/Source/CMSIS_RTOS_V2/cmsis_os2.o
                0x00000000080072ee                osMessageQueueNew
 .text.osMessageQueueGet
                0x00000000080073d4       0xbc ./Middlewares/Third_Party/FreeRTOS/Source/CMSIS_RTOS_V2/cmsis_os2.o
                0x00000000080073d4                osMessageQueueGet
 .text.vApplicationGetIdleTaskMemory
                0x0000000008007490       0x34 ./Middlewares/Third_Party/FreeRTOS/Source/CMSIS_RTOS_V2/cmsis_os2.o
                0x0000000008007490                vApplicationGetIdleTaskMemory
 .text.vApplicationGetTimerTaskMemory
                0x00000000080074c4       0x34 ./Middlewares/Third_Party/FreeRTOS/Source/CMSIS_RTOS_V2/cmsis_os2.o
                0x00000000080074c4                vApplicationGetTimerTaskMemory
 .text.vListInitialise
                0x00000000080074f8       0x40 ./Middlewares/Third_Party/FreeRTOS/Source/list.o
                0x00000000080074f8                vListInitialise
 .text.vListInitialiseItem
                0x0000000008007538       0x1a ./Middlewares/Third_Party/FreeRTOS/Source/list.o
                0x0000000008007538                vListInitialiseItem
 .text.vListInsertEnd
                0x0000000008007552       0x48 ./Middlewares/Third_Party/FreeRTOS/Source/list.o
                0x0000000008007552                vListInsertEnd
 .text.vListInsert
                0x000000000800759a       0x72 ./Middlewares/Third_Party/FreeRTOS/Source/list.o
                0x000000000800759a                vListInsert
 .text.uxListRemove
                0x000000000800760c       0x54 ./Middlewares/Third_Party/FreeRTOS/Source/list.o
                0x000000000800760c                uxListRemove
 .text.xQueueGenericReset
                0x0000000008007660       0xd0 ./Middlewares/Third_Party/FreeRTOS/Source/queue.o
                0x0000000008007660                xQueueGenericReset
 .text.xQueueGenericCreateStatic
                0x0000000008007730       0xf0 ./Middlewares/Third_Party/FreeRTOS/Source/queue.o
                0x0000000008007730                xQueueGenericCreateStatic
 .text.xQueueGenericCreate
                0x0000000008007820       0x74 ./Middlewares/Third_Party/FreeRTOS/Source/queue.o
                0x0000000008007820                xQueueGenericCreate
 .text.prvInitialiseNewQueue
                0x0000000008007894       0x46 ./Middlewares/Third_Party/FreeRTOS/Source/queue.o
 *fill*         0x00000000080078da        0x2 
 .text.xQueueGenericSend
                0x00000000080078dc      0x1fc ./Middlewares/Third_Party/FreeRTOS/Source/queue.o
                0x00000000080078dc                xQueueGenericSend
 .text.xQueueGenericSendFromISR
                0x0000000008007ad8      0x136 ./Middlewares/Third_Party/FreeRTOS/Source/queue.o
                0x0000000008007ad8                xQueueGenericSendFromISR
 *fill*         0x0000000008007c0e        0x2 
 .text.xQueueReceive
                0x0000000008007c10      0x1c0 ./Middlewares/Third_Party/FreeRTOS/Source/queue.o
                0x0000000008007c10                xQueueReceive
 .text.xQueueReceiveFromISR
                0x0000000008007dd0      0x100 ./Middlewares/Third_Party/FreeRTOS/Source/queue.o
                0x0000000008007dd0                xQueueReceiveFromISR
 .text.prvCopyDataToQueue
                0x0000000008007ed0       0xd4 ./Middlewares/Third_Party/FreeRTOS/Source/queue.o
 .text.prvCopyDataFromQueue
                0x0000000008007fa4       0x4c ./Middlewares/Third_Party/FreeRTOS/Source/queue.o
 .text.prvUnlockQueue
                0x0000000008007ff0       0xa4 ./Middlewares/Third_Party/FreeRTOS/Source/queue.o
 .text.prvIsQueueEmpty
                0x0000000008008094       0x2c ./Middlewares/Third_Party/FreeRTOS/Source/queue.o
 .text.prvIsQueueFull
                0x00000000080080c0       0x30 ./Middlewares/Third_Party/FreeRTOS/Source/queue.o
 .text.vQueueAddToRegistry
                0x00000000080080f0       0x54 ./Middlewares/Third_Party/FreeRTOS/Source/queue.o
                0x00000000080080f0                vQueueAddToRegistry
 .text.vQueueWaitForMessageRestricted
                0x0000000008008144       0x68 ./Middlewares/Third_Party/FreeRTOS/Source/queue.o
                0x0000000008008144                vQueueWaitForMessageRestricted
 .text.xTaskCreateStatic
                0x00000000080081ac       0xba ./Middlewares/Third_Party/FreeRTOS/Source/tasks.o
                0x00000000080081ac                xTaskCreateStatic
 .text.xTaskCreate
                0x0000000008008266       0x8a ./Middlewares/Third_Party/FreeRTOS/Source/tasks.o
                0x0000000008008266                xTaskCreate
 .text.prvInitialiseNewTask
                0x00000000080082f0      0x14c ./Middlewares/Third_Party/FreeRTOS/Source/tasks.o
 .text.prvAddNewTaskToReadyList
                0x000000000800843c       0xe0 ./Middlewares/Third_Party/FreeRTOS/Source/tasks.o
 .text.vTaskDelete
                0x000000000800851c       0xe4 ./Middlewares/Third_Party/FreeRTOS/Source/tasks.o
                0x000000000800851c                vTaskDelete
 .text.vTaskDelay
                0x0000000008008600       0x68 ./Middlewares/Third_Party/FreeRTOS/Source/tasks.o
                0x0000000008008600                vTaskDelay
 .text.vTaskStartScheduler
                0x0000000008008668       0xe0 ./Middlewares/Third_Party/FreeRTOS/Source/tasks.o
                0x0000000008008668                vTaskStartScheduler
 .text.vTaskSuspendAll
                0x0000000008008748       0x1c ./Middlewares/Third_Party/FreeRTOS/Source/tasks.o
                0x0000000008008748                vTaskSuspendAll
 .text.xTaskResumeAll
                0x0000000008008764      0x13c ./Middlewares/Third_Party/FreeRTOS/Source/tasks.o
                0x0000000008008764                xTaskResumeAll
 .text.xTaskGetTickCount
                0x00000000080088a0       0x20 ./Middlewares/Third_Party/FreeRTOS/Source/tasks.o
                0x00000000080088a0                xTaskGetTickCount
 .text.xTaskIncrementTick
                0x00000000080088c0      0x174 ./Middlewares/Third_Party/FreeRTOS/Source/tasks.o
                0x00000000080088c0                xTaskIncrementTick
 .text.vTaskSwitchContext
                0x0000000008008a34       0xc8 ./Middlewares/Third_Party/FreeRTOS/Source/tasks.o
                0x0000000008008a34                vTaskSwitchContext
 .text.vTaskPlaceOnEventList
                0x0000000008008afc       0x48 ./Middlewares/Third_Party/FreeRTOS/Source/tasks.o
                0x0000000008008afc                vTaskPlaceOnEventList
 .text.vTaskPlaceOnEventListRestricted
                0x0000000008008b44       0x58 ./Middlewares/Third_Party/FreeRTOS/Source/tasks.o
                0x0000000008008b44                vTaskPlaceOnEventListRestricted
 .text.xTaskRemoveFromEventList
                0x0000000008008b9c       0xc8 ./Middlewares/Third_Party/FreeRTOS/Source/tasks.o
                0x0000000008008b9c                xTaskRemoveFromEventList
 .text.vTaskInternalSetTimeOutState
                0x0000000008008c64       0x2c ./Middlewares/Third_Party/FreeRTOS/Source/tasks.o
                0x0000000008008c64                vTaskInternalSetTimeOutState
 .text.xTaskCheckForTimeOut
                0x0000000008008c90       0xc4 ./Middlewares/Third_Party/FreeRTOS/Source/tasks.o
                0x0000000008008c90                xTaskCheckForTimeOut
 .text.vTaskMissedYield
                0x0000000008008d54       0x18 ./Middlewares/Third_Party/FreeRTOS/Source/tasks.o
                0x0000000008008d54                vTaskMissedYield
 .text.prvIdleTask
                0x0000000008008d6c       0x30 ./Middlewares/Third_Party/FreeRTOS/Source/tasks.o
 .text.prvInitialiseTaskLists
                0x0000000008008d9c       0x80 ./Middlewares/Third_Party/FreeRTOS/Source/tasks.o
 .text.prvCheckTasksWaitingTermination
                0x0000000008008e1c       0x5c ./Middlewares/Third_Party/FreeRTOS/Source/tasks.o
 .text.prvDeleteTCB
                0x0000000008008e78       0x68 ./Middlewares/Third_Party/FreeRTOS/Source/tasks.o
 .text.prvResetNextTaskUnblockTime
                0x0000000008008ee0       0x40 ./Middlewares/Third_Party/FreeRTOS/Source/tasks.o
 .text.xTaskGetSchedulerState
                0x0000000008008f20       0x3c ./Middlewares/Third_Party/FreeRTOS/Source/tasks.o
                0x0000000008008f20                xTaskGetSchedulerState
 .text.xTaskPriorityDisinherit
                0x0000000008008f5c       0xdc ./Middlewares/Third_Party/FreeRTOS/Source/tasks.o
                0x0000000008008f5c                xTaskPriorityDisinherit
 .text.prvAddCurrentTaskToDelayedList
                0x0000000008009038       0xa8 ./Middlewares/Third_Party/FreeRTOS/Source/tasks.o
 .text.xTimerCreateTimerTask
                0x00000000080090e0       0x90 ./Middlewares/Third_Party/FreeRTOS/Source/timers.o
                0x00000000080090e0                xTimerCreateTimerTask
 .text.xTimerGenericCommand
                0x0000000008009170       0x9c ./Middlewares/Third_Party/FreeRTOS/Source/timers.o
                0x0000000008009170                xTimerGenericCommand
 .text.prvProcessExpiredTimer
                0x000000000800920c       0x98 ./Middlewares/Third_Party/FreeRTOS/Source/timers.o
 .text.prvTimerTask
                0x00000000080092a4       0x24 ./Middlewares/Third_Party/FreeRTOS/Source/timers.o
 .text.prvProcessTimerOrBlockTask
                0x00000000080092c8       0x9c ./Middlewares/Third_Party/FreeRTOS/Source/timers.o
 .text.prvGetNextExpireTime
                0x0000000008009364       0x48 ./Middlewares/Third_Party/FreeRTOS/Source/timers.o
 .text.prvSampleTimeNow
                0x00000000080093ac       0x40 ./Middlewares/Third_Party/FreeRTOS/Source/timers.o
 .text.prvInsertTimerInActiveList
                0x00000000080093ec       0x84 ./Middlewares/Third_Party/FreeRTOS/Source/timers.o
 .text.prvProcessReceivedCommands
                0x0000000008009470      0x1c4 ./Middlewares/Third_Party/FreeRTOS/Source/timers.o
 .text.prvSwitchTimerLists
                0x0000000008009634       0xc8 ./Middlewares/Third_Party/FreeRTOS/Source/timers.o
 .text.prvCheckForValidListAndQueue
                0x00000000080096fc       0x80 ./Middlewares/Third_Party/FreeRTOS/Source/timers.o
 .text.pxPortInitialiseStack
                0x000000000800977c       0x68 ./Middlewares/Third_Party/FreeRTOS/Source/portable/GCC/ARM_CM4F/port.o
                0x000000000800977c                pxPortInitialiseStack
 .text.prvTaskExitError
                0x00000000080097e4       0x58 ./Middlewares/Third_Party/FreeRTOS/Source/portable/GCC/ARM_CM4F/port.o
 *fill*         0x000000000800983c        0x4 
 .text.SVC_Handler
                0x0000000008009840       0x28 ./Middlewares/Third_Party/FreeRTOS/Source/portable/GCC/ARM_CM4F/port.o
                0x0000000008009840                SVC_Handler
 .text.prvPortStartFirstTask
                0x0000000008009868       0x28 ./Middlewares/Third_Party/FreeRTOS/Source/portable/GCC/ARM_CM4F/port.o
 .text.xPortStartScheduler
                0x0000000008009890      0x144 ./Middlewares/Third_Party/FreeRTOS/Source/portable/GCC/ARM_CM4F/port.o
                0x0000000008009890                xPortStartScheduler
 .text.vPortEnterCritical
                0x00000000080099d4       0x60 ./Middlewares/Third_Party/FreeRTOS/Source/portable/GCC/ARM_CM4F/port.o
                0x00000000080099d4                vPortEnterCritical
 .text.vPortExitCritical
                0x0000000008009a34       0x54 ./Middlewares/Third_Party/FreeRTOS/Source/portable/GCC/ARM_CM4F/port.o
                0x0000000008009a34                vPortExitCritical
 *fill*         0x0000000008009a88        0x8 
 .text.PendSV_Handler
                0x0000000008009a90       0x68 ./Middlewares/Third_Party/FreeRTOS/Source/portable/GCC/ARM_CM4F/port.o
                0x0000000008009a90                PendSV_Handler
 .text.xPortSysTickHandler
                0x0000000008009af8       0x44 ./Middlewares/Third_Party/FreeRTOS/Source/portable/GCC/ARM_CM4F/port.o
                0x0000000008009af8                xPortSysTickHandler
 .text.vPortSetupTimerInterrupt
                0x0000000008009b3c       0x48 ./Middlewares/Third_Party/FreeRTOS/Source/portable/GCC/ARM_CM4F/port.o
                0x0000000008009b3c                vPortSetupTimerInterrupt
 .text.vPortEnableVFP
                0x0000000008009b84       0x14 ./Middlewares/Third_Party/FreeRTOS/Source/portable/GCC/ARM_CM4F/port.o
 .text.vPortValidateInterruptPriority
                0x0000000008009b98       0x80 ./Middlewares/Third_Party/FreeRTOS/Source/portable/GCC/ARM_CM4F/port.o
                0x0000000008009b98                vPortValidateInterruptPriority
 .text.pvPortMalloc
                0x0000000008009c18      0x198 ./Middlewares/Third_Party/FreeRTOS/Source/portable/MemMang/heap_4.o
                0x0000000008009c18                pvPortMalloc
 .text.vPortFree
                0x0000000008009db0       0xc4 ./Middlewares/Third_Party/FreeRTOS/Source/portable/MemMang/heap_4.o
                0x0000000008009db0                vPortFree
 .text.prvHeapInit
                0x0000000008009e74       0xc4 ./Middlewares/Third_Party/FreeRTOS/Source/portable/MemMang/heap_4.o
 .text.prvInsertBlockIntoFreeList
                0x0000000008009f38       0xb4 ./Middlewares/Third_Party/FreeRTOS/Source/portable/MemMang/heap_4.o
 .text.__errno  0x0000000008009fec        0xc /opt/st/stm32cubeide_1.6.1/plugins/com.st.stm32cube.ide.mcu.externaltools.gnu-tools-for-stm32.9-2020-q2-update.linux64_2.0.0.202105311346/tools/bin/../lib/gcc/arm-none-eabi/9.3.1/../../../../arm-none-eabi/lib/thumb/v7e-m+fp/hard/libc_nano.a(lib_a-errno.o)
                0x0000000008009fec                __errno
 .text.__libc_init_array
                0x0000000008009ff8       0x48 /opt/st/stm32cubeide_1.6.1/plugins/com.st.stm32cube.ide.mcu.externaltools.gnu-tools-for-stm32.9-2020-q2-update.linux64_2.0.0.202105311346/tools/bin/../lib/gcc/arm-none-eabi/9.3.1/../../../../arm-none-eabi/lib/thumb/v7e-m+fp/hard/libc_nano.a(lib_a-init.o)
                0x0000000008009ff8                __libc_init_array
 .text.__retarget_lock_acquire_recursive
                0x000000000800a040        0x2 /opt/st/stm32cubeide_1.6.1/plugins/com.st.stm32cube.ide.mcu.externaltools.gnu-tools-for-stm32.9-2020-q2-update.linux64_2.0.0.202105311346/tools/bin/../lib/gcc/arm-none-eabi/9.3.1/../../../../arm-none-eabi/lib/thumb/v7e-m+fp/hard/libc_nano.a(lib_a-lock.o)
                0x000000000800a040                __retarget_lock_acquire_recursive
 .text.__retarget_lock_release_recursive
                0x000000000800a042        0x2 /opt/st/stm32cubeide_1.6.1/plugins/com.st.stm32cube.ide.mcu.externaltools.gnu-tools-for-stm32.9-2020-q2-update.linux64_2.0.0.202105311346/tools/bin/../lib/gcc/arm-none-eabi/9.3.1/../../../../arm-none-eabi/lib/thumb/v7e-m+fp/hard/libc_nano.a(lib_a-lock.o)
                0x000000000800a042                __retarget_lock_release_recursive
 .text.malloc   0x000000000800a044       0x10 /opt/st/stm32cubeide_1.6.1/plugins/com.st.stm32cube.ide.mcu.externaltools.gnu-tools-for-stm32.9-2020-q2-update.linux64_2.0.0.202105311346/tools/bin/../lib/gcc/arm-none-eabi/9.3.1/../../../../arm-none-eabi/lib/thumb/v7e-m+fp/hard/libc_nano.a(lib_a-malloc.o)
                0x000000000800a044                malloc
 .text.free     0x000000000800a054       0x10 /opt/st/stm32cubeide_1.6.1/plugins/com.st.stm32cube.ide.mcu.externaltools.gnu-tools-for-stm32.9-2020-q2-update.linux64_2.0.0.202105311346/tools/bin/../lib/gcc/arm-none-eabi/9.3.1/../../../../arm-none-eabi/lib/thumb/v7e-m+fp/hard/libc_nano.a(lib_a-malloc.o)
                0x000000000800a054                free
 .text.memcpy   0x000000000800a064       0x1c /opt/st/stm32cubeide_1.6.1/plugins/com.st.stm32cube.ide.mcu.externaltools.gnu-tools-for-stm32.9-2020-q2-update.linux64_2.0.0.202105311346/tools/bin/../lib/gcc/arm-none-eabi/9.3.1/../../../../arm-none-eabi/lib/thumb/v7e-m+fp/hard/libc_nano.a(lib_a-memcpy-stub.o)
                0x000000000800a064                memcpy
 .text.memset   0x000000000800a080       0x10 /opt/st/stm32cubeide_1.6.1/plugins/com.st.stm32cube.ide.mcu.externaltools.gnu-tools-for-stm32.9-2020-q2-update.linux64_2.0.0.202105311346/tools/bin/../lib/gcc/arm-none-eabi/9.3.1/../../../../arm-none-eabi/lib/thumb/v7e-m+fp/hard/libc_nano.a(lib_a-memset.o)
                0x000000000800a080                memset
 .text._free_r  0x000000000800a090       0xa0 /opt/st/stm32cubeide_1.6.1/plugins/com.st.stm32cube.ide.mcu.externaltools.gnu-tools-for-stm32.9-2020-q2-update.linux64_2.0.0.202105311346/tools/bin/../lib/gcc/arm-none-eabi/9.3.1/../../../../arm-none-eabi/lib/thumb/v7e-m+fp/hard/libc_nano.a(lib_a-nano-freer.o)
                0x000000000800a090                _free_r
 .text._malloc_r
                0x000000000800a130       0xb4 /opt/st/stm32cubeide_1.6.1/plugins/com.st.stm32cube.ide.mcu.externaltools.gnu-tools-for-stm32.9-2020-q2-update.linux64_2.0.0.202105311346/tools/bin/../lib/gcc/arm-none-eabi/9.3.1/../../../../arm-none-eabi/lib/thumb/v7e-m+fp/hard/libc_nano.a(lib_a-nano-mallocr.o)
                0x000000000800a130                _malloc_r
 .text.cleanup_glue
                0x000000000800a1e4       0x1a /opt/st/stm32cubeide_1.6.1/plugins/com.st.stm32cube.ide.mcu.externaltools.gnu-tools-for-stm32.9-2020-q2-update.linux64_2.0.0.202105311346/tools/bin/../lib/gcc/arm-none-eabi/9.3.1/../../../../arm-none-eabi/lib/thumb/v7e-m+fp/hard/libc_nano.a(lib_a-reent.o)
                0x000000000800a1e4                cleanup_glue
 *fill*         0x000000000800a1fe        0x2 
 .text._reclaim_reent
                0x000000000800a200       0xb8 /opt/st/stm32cubeide_1.6.1/plugins/com.st.stm32cube.ide.mcu.externaltools.gnu-tools-for-stm32.9-2020-q2-update.linux64_2.0.0.202105311346/tools/bin/../lib/gcc/arm-none-eabi/9.3.1/../../../../arm-none-eabi/lib/thumb/v7e-m+fp/hard/libc_nano.a(lib_a-reent.o)
                0x000000000800a200                _reclaim_reent
 .text._sbrk_r  0x000000000800a2b8       0x20 /opt/st/stm32cubeide_1.6.1/plugins/com.st.stm32cube.ide.mcu.externaltools.gnu-tools-for-stm32.9-2020-q2-update.linux64_2.0.0.202105311346/tools/bin/../lib/gcc/arm-none-eabi/9.3.1/../../../../arm-none-eabi/lib/thumb/v7e-m+fp/hard/libc_nano.a(lib_a-sbrkr.o)
                0x000000000800a2b8                _sbrk_r
 .text.__malloc_lock
                0x000000000800a2d8        0xc /opt/st/stm32cubeide_1.6.1/plugins/com.st.stm32cube.ide.mcu.externaltools.gnu-tools-for-stm32.9-2020-q2-update.linux64_2.0.0.202105311346/tools/bin/../lib/gcc/arm-none-eabi/9.3.1/../../../../arm-none-eabi/lib/thumb/v7e-m+fp/hard/libc_nano.a(lib_a-mlock.o)
                0x000000000800a2d8                __malloc_lock
 .text.__malloc_unlock
                0x000000000800a2e4        0xc /opt/st/stm32cubeide_1.6.1/plugins/com.st.stm32cube.ide.mcu.externaltools.gnu-tools-for-stm32.9-2020-q2-update.linux64_2.0.0.202105311346/tools/bin/../lib/gcc/arm-none-eabi/9.3.1/../../../../arm-none-eabi/lib/thumb/v7e-m+fp/hard/libc_nano.a(lib_a-mlock.o)
                0x000000000800a2e4                __malloc_unlock
 *(.glue_7)
 .glue_7        0x000000000800a2f0        0x0 linker stubs
 *(.glue_7t)
 .glue_7t       0x000000000800a2f0        0x0 linker stubs
 *(.eh_frame)
 .eh_frame      0x000000000800a2f0        0x0 /opt/st/stm32cubeide_1.6.1/plugins/com.st.stm32cube.ide.mcu.externaltools.gnu-tools-for-stm32.9-2020-q2-update.linux64_2.0.0.202105311346/tools/bin/../lib/gcc/arm-none-eabi/9.3.1/thumb/v7e-m+fp/hard/crtbegin.o
 *(.init)
 .init          0x000000000800a2f0        0x4 /opt/st/stm32cubeide_1.6.1/plugins/com.st.stm32cube.ide.mcu.externaltools.gnu-tools-for-stm32.9-2020-q2-update.linux64_2.0.0.202105311346/tools/bin/../lib/gcc/arm-none-eabi/9.3.1/thumb/v7e-m+fp/hard/crti.o
                0x000000000800a2f0                _init
 .init          0x000000000800a2f4        0x8 /opt/st/stm32cubeide_1.6.1/plugins/com.st.stm32cube.ide.mcu.externaltools.gnu-tools-for-stm32.9-2020-q2-update.linux64_2.0.0.202105311346/tools/bin/../lib/gcc/arm-none-eabi/9.3.1/thumb/v7e-m+fp/hard/crtn.o
 *(.fini)
 .fini          0x000000000800a2fc        0x4 /opt/st/stm32cubeide_1.6.1/plugins/com.st.stm32cube.ide.mcu.externaltools.gnu-tools-for-stm32.9-2020-q2-update.linux64_2.0.0.202105311346/tools/bin/../lib/gcc/arm-none-eabi/9.3.1/thumb/v7e-m+fp/hard/crti.o
                0x000000000800a2fc                _fini
 .fini          0x000000000800a300        0x8 /opt/st/stm32cubeide_1.6.1/plugins/com.st.stm32cube.ide.mcu.externaltools.gnu-tools-for-stm32.9-2020-q2-update.linux64_2.0.0.202105311346/tools/bin/../lib/gcc/arm-none-eabi/9.3.1/thumb/v7e-m+fp/hard/crtn.o
                0x000000000800a308                . = ALIGN (0x4)
                0x000000000800a308                _etext = .

.vfp11_veneer   0x000000000800a308        0x0
 .vfp11_veneer  0x000000000800a308        0x0 linker stubs

.v4_bx          0x000000000800a308        0x0
 .v4_bx         0x000000000800a308        0x0 linker stubs

.iplt           0x000000000800a308        0x0
 .iplt          0x000000000800a308        0x0 /opt/st/stm32cubeide_1.6.1/plugins/com.st.stm32cube.ide.mcu.externaltools.gnu-tools-for-stm32.9-2020-q2-update.linux64_2.0.0.202105311346/tools/bin/../lib/gcc/arm-none-eabi/9.3.1/thumb/v7e-m+fp/hard/crtbegin.o

.rodata         0x000000000800a308     0x170c
                0x000000000800a308                . = ALIGN (0x4)
 *(.rodata)
 .rodata        0x000000000800a308       0x59 ./Core/Src/main.o
 *fill*         0x000000000800a361        0x3 
 .rodata        0x000000000800a364       0x3c ./Drivers/DISPLAY/display.o
 .rodata        0x000000000800a3a0        0x5 ./Middlewares/Third_Party/FreeRTOS/Source/tasks.o
 *fill*         0x000000000800a3a5        0x3 
 .rodata        0x000000000800a3a8        0xd ./Middlewares/Third_Party/FreeRTOS/Source/timers.o
 *(.rodata*)
 *fill*         0x000000000800a3b5        0x3 
 .rodata.idleTask_attributes
                0x000000000800a3b8       0x24 ./Core/Src/main.o
                0x000000000800a3b8                idleTask_attributes
 .rodata.buttonTask_attributes
                0x000000000800a3dc       0x24 ./Core/Src/main.o
                0x000000000800a3dc                buttonTask_attributes
 .rodata.fanTask_attributes
                0x000000000800a400       0x24 ./Core/Src/main.o
                0x000000000800a400                fanTask_attributes
 .rodata.displayTask_attributes
                0x000000000800a424       0x24 ./Core/Src/main.o
                0x000000000800a424                displayTask_attributes
 .rodata.touchTask_attributes
                0x000000000800a448       0x24 ./Core/Src/main.o
                0x000000000800a448                touchTask_attributes
 .rodata.dspTask_attributes
                0x000000000800a46c       0x24 ./Core/Src/main.o
                0x000000000800a46c                dspTask_attributes
 .rodata.sensorATask_attributes
                0x000000000800a490       0x24 ./Core/Src/main.o
                0x000000000800a490                sensorATask_attributes
 .rodata.displayQueue_attributes
                0x000000000800a4b4       0x18 ./Core/Src/main.o
                0x000000000800a4b4                displayQueue_attributes
 .rodata.AHBPrescTable
                0x000000000800a4cc       0x10 ./Core/Src/system_stm32f4xx.o
                0x000000000800a4cc                AHBPrescTable
 .rodata.APBPrescTable
                0x000000000800a4dc        0x8 ./Core/Src/system_stm32f4xx.o
                0x000000000800a4dc                APBPrescTable
 .rodata.TM_Font7x10
                0x000000000800a4e4      0x76c ./Drivers/DISPLAY/tm_stm32f4_fonts.o
                0x000000000800a4e4                TM_Font7x10
 .rodata.TM_Font11x18
                0x000000000800ac50      0xd5c ./Drivers/DISPLAY/tm_stm32f4_fonts.o
                0x000000000800ac50                TM_Font11x18
 .rodata.flagBitshiftOffset.8748
                0x000000000800b9ac        0x8 ./Drivers/STM32F4xx_HAL_Driver/Src/stm32f4xx_hal_dma.o
 .rodata.__sf_fake_stderr
                0x000000000800b9b4       0x20 /opt/st/stm32cubeide_1.6.1/plugins/com.st.stm32cube.ide.mcu.externaltools.gnu-tools-for-stm32.9-2020-q2-update.linux64_2.0.0.202105311346/tools/bin/../lib/gcc/arm-none-eabi/9.3.1/../../../../arm-none-eabi/lib/thumb/v7e-m+fp/hard/libc_nano.a(lib_a-findfp.o)
                0x000000000800b9b4                __sf_fake_stderr
 .rodata.__sf_fake_stdin
                0x000000000800b9d4       0x20 /opt/st/stm32cubeide_1.6.1/plugins/com.st.stm32cube.ide.mcu.externaltools.gnu-tools-for-stm32.9-2020-q2-update.linux64_2.0.0.202105311346/tools/bin/../lib/gcc/arm-none-eabi/9.3.1/../../../../arm-none-eabi/lib/thumb/v7e-m+fp/hard/libc_nano.a(lib_a-findfp.o)
                0x000000000800b9d4                __sf_fake_stdin
 .rodata.__sf_fake_stdout
                0x000000000800b9f4       0x20 /opt/st/stm32cubeide_1.6.1/plugins/com.st.stm32cube.ide.mcu.externaltools.gnu-tools-for-stm32.9-2020-q2-update.linux64_2.0.0.202105311346/tools/bin/../lib/gcc/arm-none-eabi/9.3.1/../../../../arm-none-eabi/lib/thumb/v7e-m+fp/hard/libc_nano.a(lib_a-findfp.o)
                0x000000000800b9f4                __sf_fake_stdout
                0x000000000800ba14                . = ALIGN (0x4)

.ARM.extab      0x000000000800ba14        0x0
                0x000000000800ba14                . = ALIGN (0x4)
 *(.ARM.extab* .gnu.linkonce.armextab.*)
                0x000000000800ba14                . = ALIGN (0x4)

.ARM            0x000000000800ba14        0x8
                0x000000000800ba14                . = ALIGN (0x4)
                0x000000000800ba14                __exidx_start = .
 *(.ARM.exidx*)
 .ARM.exidx     0x000000000800ba14        0x8 /opt/st/stm32cubeide_1.6.1/plugins/com.st.stm32cube.ide.mcu.externaltools.gnu-tools-for-stm32.9-2020-q2-update.linux64_2.0.0.202105311346/tools/bin/../lib/gcc/arm-none-eabi/9.3.1/thumb/v7e-m+fp/hard/libgcc.a(_udivmoddi4.o)
                0x000000000800ba1c                __exidx_end = .
                0x000000000800ba1c                . = ALIGN (0x4)

.rel.dyn        0x000000000800ba1c        0x0
 .rel.iplt      0x000000000800ba1c        0x0 /opt/st/stm32cubeide_1.6.1/plugins/com.st.stm32cube.ide.mcu.externaltools.gnu-tools-for-stm32.9-2020-q2-update.linux64_2.0.0.202105311346/tools/bin/../lib/gcc/arm-none-eabi/9.3.1/thumb/v7e-m+fp/hard/crtbegin.o

.preinit_array  0x000000000800ba1c        0x0
                0x000000000800ba1c                . = ALIGN (0x4)
                0x000000000800ba1c                PROVIDE (__preinit_array_start = .)
 *(.preinit_array*)
                0x000000000800ba1c                PROVIDE (__preinit_array_end = .)
                0x000000000800ba1c                . = ALIGN (0x4)

.init_array     0x000000000800ba1c        0x4
                0x000000000800ba1c                . = ALIGN (0x4)
                0x000000000800ba1c                PROVIDE (__init_array_start = .)
 *(SORT_BY_NAME(.init_array.*))
 *(.init_array*)
 .init_array    0x000000000800ba1c        0x4 /opt/st/stm32cubeide_1.6.1/plugins/com.st.stm32cube.ide.mcu.externaltools.gnu-tools-for-stm32.9-2020-q2-update.linux64_2.0.0.202105311346/tools/bin/../lib/gcc/arm-none-eabi/9.3.1/thumb/v7e-m+fp/hard/crtbegin.o
                0x000000000800ba20                PROVIDE (__init_array_end = .)
                0x000000000800ba20                . = ALIGN (0x4)

.fini_array     0x000000000800ba20        0x4
                0x000000000800ba20                . = ALIGN (0x4)
                [!provide]                        PROVIDE (__fini_array_start = .)
 *(SORT_BY_NAME(.fini_array.*))
 *(.fini_array*)
 .fini_array    0x000000000800ba20        0x4 /opt/st/stm32cubeide_1.6.1/plugins/com.st.stm32cube.ide.mcu.externaltools.gnu-tools-for-stm32.9-2020-q2-update.linux64_2.0.0.202105311346/tools/bin/../lib/gcc/arm-none-eabi/9.3.1/thumb/v7e-m+fp/hard/crtbegin.o
                [!provide]                        PROVIDE (__fini_array_end = .)
                0x000000000800ba24                . = ALIGN (0x4)
                0x000000000800ba24                _sidata = LOADADDR (.data)

.data           0x0000000020000000       0x84 load address 0x000000000800ba24
                0x0000000020000000                . = ALIGN (0x4)
                0x0000000020000000                _sdata = .
 *(.data)
 *(.data*)
 .data.SystemCoreClock
                0x0000000020000000        0x4 ./Core/Src/system_stm32f4xx.o
                0x0000000020000000                SystemCoreClock
 .data.TM_Font_7x10
                0x0000000020000004        0x8 ./Drivers/DISPLAY/tm_stm32f4_fonts.o
                0x0000000020000004                TM_Font_7x10
 .data.TM_Font_11x18
                0x000000002000000c        0x8 ./Drivers/DISPLAY/tm_stm32f4_fonts.o
                0x000000002000000c                TM_Font_11x18
 .data.uwTickPrio
                0x0000000020000014        0x4 ./Drivers/STM32F4xx_HAL_Driver/Src/stm32f4xx_hal.o
                0x0000000020000014                uwTickPrio
 .data.uwTickFreq
                0x0000000020000018        0x1 ./Drivers/STM32F4xx_HAL_Driver/Src/stm32f4xx_hal.o
                0x0000000020000018                uwTickFreq
 *fill*         0x0000000020000019        0x3 
 .data.uxCriticalNesting
                0x000000002000001c        0x4 ./Middlewares/Third_Party/FreeRTOS/Source/portable/GCC/ARM_CM4F/port.o
 .data._impure_ptr
                0x0000000020000020        0x4 /opt/st/stm32cubeide_1.6.1/plugins/com.st.stm32cube.ide.mcu.externaltools.gnu-tools-for-stm32.9-2020-q2-update.linux64_2.0.0.202105311346/tools/bin/../lib/gcc/arm-none-eabi/9.3.1/../../../../arm-none-eabi/lib/thumb/v7e-m+fp/hard/libc_nano.a(lib_a-impure.o)
                0x0000000020000020                _impure_ptr
 .data.impure_data
                0x0000000020000024       0x60 /opt/st/stm32cubeide_1.6.1/plugins/com.st.stm32cube.ide.mcu.externaltools.gnu-tools-for-stm32.9-2020-q2-update.linux64_2.0.0.202105311346/tools/bin/../lib/gcc/arm-none-eabi/9.3.1/../../../../arm-none-eabi/lib/thumb/v7e-m+fp/hard/libc_nano.a(lib_a-impure.o)
 *(.RamFunc)
 *(.RamFunc*)
                0x0000000020000084                . = ALIGN (0x4)
                0x0000000020000084                _edata = .
                0x000000000800baa8                _siccmram = LOADADDR (.ccmram)

.igot.plt       0x0000000020000084        0x0 load address 0x000000000800baa8
 .igot.plt      0x0000000020000084        0x0 /opt/st/stm32cubeide_1.6.1/plugins/com.st.stm32cube.ide.mcu.externaltools.gnu-tools-for-stm32.9-2020-q2-update.linux64_2.0.0.202105311346/tools/bin/../lib/gcc/arm-none-eabi/9.3.1/thumb/v7e-m+fp/hard/crtbegin.o

.ccmram         0x0000000010000000        0x0 load address 0x000000000800baa8
                0x0000000010000000                . = ALIGN (0x4)
                0x0000000010000000                _sccmram = .
 *(.ccmram)
 *(.ccmram*)
                0x0000000010000000                . = ALIGN (0x4)
                0x0000000010000000                _eccmram = .
                0x0000000010000000                . = ALIGN (0x4)

.bss            0x0000000020000084     0x4df4
                0x0000000020000084                _sbss = .
                0x0000000020000084                __bss_start__ = _sbss
 *(.bss)
 .bss           0x0000000020000084       0x1c /opt/st/stm32cubeide_1.6.1/plugins/com.st.stm32cube.ide.mcu.externaltools.gnu-tools-for-stm32.9-2020-q2-update.linux64_2.0.0.202105311346/tools/bin/../lib/gcc/arm-none-eabi/9.3.1/thumb/v7e-m+fp/hard/crtbegin.o
 *(.bss*)
 .bss.state     0x00000000200000a0        0x1 ./Core/Src/button.o
                0x00000000200000a0                state
 *fill*         0x00000000200000a1        0x3 
 .bss.__sbrk_heap_end
                0x00000000200000a4        0x4 ./Core/Src/sysmem.o
 .bss.touch_pending
                0x00000000200000a8        0x1 ./Core/Src/touch.o
                0x00000000200000a8                touch_pending
 .bss.TempSensorCount
                0x00000000200000a9        0x1 ./Drivers/DS18B20/ds18b20.o
                0x00000000200000a9                TempSensorCount
 .bss.Ds18b20StartConvert
                0x00000000200000aa        0x1 ./Drivers/DS18B20/ds18b20.o
                0x00000000200000aa                Ds18b20StartConvert
 *fill*         0x00000000200000ab        0x1 
 .bss.Ds18b20Timeout
                0x00000000200000ac        0x2 ./Drivers/DS18B20/ds18b20.o
                0x00000000200000ac                Ds18b20Timeout
 *fill*         0x00000000200000ae        0x2 
 .bss.KernelState
                0x00000000200000b0        0x4 ./Middlewares/Third_Party/FreeRTOS/Source/CMSIS_RTOS_V2/cmsis_os2.o
 .bss.Idle_TCB.10631
                0x00000000200000b4       0xbc ./Middlewares/Third_Party/FreeRTOS/Source/CMSIS_RTOS_V2/cmsis_os2.o
 .bss.Idle_Stack.10632
                0x0000000020000170      0x200 ./Middlewares/Third_Party/FreeRTOS/Source/CMSIS_RTOS_V2/cmsis_os2.o
 .bss.Timer_TCB.10638
                0x0000000020000370       0xbc ./Middlewares/Third_Party/FreeRTOS/Source/CMSIS_RTOS_V2/cmsis_os2.o
 .bss.Timer_Stack.10639
                0x000000002000042c      0x400 ./Middlewares/Third_Party/FreeRTOS/Source/CMSIS_RTOS_V2/cmsis_os2.o
 .bss.pxCurrentTCB
                0x000000002000082c        0x4 ./Middlewares/Third_Party/FreeRTOS/Source/tasks.o
                0x000000002000082c                pxCurrentTCB
 .bss.pxReadyTasksLists
                0x0000000020000830      0x460 ./Middlewares/Third_Party/FreeRTOS/Source/tasks.o
 .bss.xDelayedTaskList1
                0x0000000020000c90       0x14 ./Middlewares/Third_Party/FreeRTOS/Source/tasks.o
 .bss.xDelayedTaskList2
                0x0000000020000ca4       0x14 ./Middlewares/Third_Party/FreeRTOS/Source/tasks.o
 .bss.pxDelayedTaskList
                0x0000000020000cb8        0x4 ./Middlewares/Third_Party/FreeRTOS/Source/tasks.o
 .bss.pxOverflowDelayedTaskList
                0x0000000020000cbc        0x4 ./Middlewares/Third_Party/FreeRTOS/Source/tasks.o
 .bss.xPendingReadyList
                0x0000000020000cc0       0x14 ./Middlewares/Third_Party/FreeRTOS/Source/tasks.o
 .bss.xTasksWaitingTermination
                0x0000000020000cd4       0x14 ./Middlewares/Third_Party/FreeRTOS/Source/tasks.o
 .bss.uxDeletedTasksWaitingCleanUp
                0x0000000020000ce8        0x4 ./Middlewares/Third_Party/FreeRTOS/Source/tasks.o
 .bss.xSuspendedTaskList
                0x0000000020000cec       0x14 ./Middlewares/Third_Party/FreeRTOS/Source/tasks.o
 .bss.uxCurrentNumberOfTasks
                0x0000000020000d00        0x4 ./Middlewares/Third_Party/FreeRTOS/Source/tasks.o
 .bss.xTickCount
                0x0000000020000d04        0x4 ./Middlewares/Third_Party/FreeRTOS/Source/tasks.o
 .bss.uxTopReadyPriority
                0x0000000020000d08        0x4 ./Middlewares/Third_Party/FreeRTOS/Source/tasks.o
 .bss.xSchedulerRunning
                0x0000000020000d0c        0x4 ./Middlewares/Third_Party/FreeRTOS/Source/tasks.o
 .bss.xPendedTicks
                0x0000000020000d10        0x4 ./Middlewares/Third_Party/FreeRTOS/Source/tasks.o
 .bss.xYieldPending
                0x0000000020000d14        0x4 ./Middlewares/Third_Party/FreeRTOS/Source/tasks.o
 .bss.xNumOfOverflows
                0x0000000020000d18        0x4 ./Middlewares/Third_Party/FreeRTOS/Source/tasks.o
 .bss.uxTaskNumber
                0x0000000020000d1c        0x4 ./Middlewares/Third_Party/FreeRTOS/Source/tasks.o
 .bss.xNextTaskUnblockTime
                0x0000000020000d20        0x4 ./Middlewares/Third_Party/FreeRTOS/Source/tasks.o
 .bss.xIdleTaskHandle
                0x0000000020000d24        0x4 ./Middlewares/Third_Party/FreeRTOS/Source/tasks.o
 .bss.uxSchedulerSuspended
                0x0000000020000d28        0x4 ./Middlewares/Third_Party/FreeRTOS/Source/tasks.o
 .bss.xActiveTimerList1
                0x0000000020000d2c       0x14 ./Middlewares/Third_Party/FreeRTOS/Source/timers.o
 .bss.xActiveTimerList2
                0x0000000020000d40       0x14 ./Middlewares/Third_Party/FreeRTOS/Source/timers.o
 .bss.pxCurrentTimerList
                0x0000000020000d54        0x4 ./Middlewares/Third_Party/FreeRTOS/Source/timers.o
 .bss.pxOverflowTimerList
                0x0000000020000d58        0x4 ./Middlewares/Third_Party/FreeRTOS/Source/timers.o
 .bss.xTimerQueue
                0x0000000020000d5c        0x4 ./Middlewares/Third_Party/FreeRTOS/Source/timers.o
 .bss.xTimerTaskHandle
                0x0000000020000d60        0x4 ./Middlewares/Third_Party/FreeRTOS/Source/timers.o
 .bss.xLastTime.7010
                0x0000000020000d64        0x4 ./Middlewares/Third_Party/FreeRTOS/Source/timers.o
 .bss.ucStaticTimerQueueStorage.7061
                0x0000000020000d68       0xa0 ./Middlewares/Third_Party/FreeRTOS/Source/timers.o
 .bss.xStaticTimerQueue.7060
                0x0000000020000e08       0x50 ./Middlewares/Third_Party/FreeRTOS/Source/timers.o
 .bss.ucMaxSysCallPriority
                0x0000000020000e58        0x1 ./Middlewares/Third_Party/FreeRTOS/Source/portable/GCC/ARM_CM4F/port.o
 *fill*         0x0000000020000e59        0x3 
 .bss.ulMaxPRIGROUPValue
                0x0000000020000e5c        0x4 ./Middlewares/Third_Party/FreeRTOS/Source/portable/GCC/ARM_CM4F/port.o
 .bss.ucHeap    0x0000000020000e60     0x3c00 ./Middlewares/Third_Party/FreeRTOS/Source/portable/MemMang/heap_4.o
 .bss.xStart    0x0000000020004a60        0x8 ./Middlewares/Third_Party/FreeRTOS/Source/portable/MemMang/heap_4.o
 .bss.pxEnd     0x0000000020004a68        0x4 ./Middlewares/Third_Party/FreeRTOS/Source/portable/MemMang/heap_4.o
 .bss.xFreeBytesRemaining
                0x0000000020004a6c        0x4 ./Middlewares/Third_Party/FreeRTOS/Source/portable/MemMang/heap_4.o
 .bss.xMinimumEverFreeBytesRemaining
                0x0000000020004a70        0x4 ./Middlewares/Third_Party/FreeRTOS/Source/portable/MemMang/heap_4.o
 .bss.xNumberOfSuccessfulAllocations
                0x0000000020004a74        0x4 ./Middlewares/Third_Party/FreeRTOS/Source/portable/MemMang/heap_4.o
 .bss.xNumberOfSuccessfulFrees
                0x0000000020004a78        0x4 ./Middlewares/Third_Party/FreeRTOS/Source/portable/MemMang/heap_4.o
 .bss.xBlockAllocatedBit
                0x0000000020004a7c        0x4 ./Middlewares/Third_Party/FreeRTOS/Source/portable/MemMang/heap_4.o
 .bss.__malloc_free_list
                0x0000000020004a80        0x4 /opt/st/stm32cubeide_1.6.1/plugins/com.st.stm32cube.ide.mcu.externaltools.gnu-tools-for-stm32.9-2020-q2-update.linux64_2.0.0.202105311346/tools/bin/../lib/gcc/arm-none-eabi/9.3.1/../../../../arm-none-eabi/lib/thumb/v7e-m+fp/hard/libc_nano.a(lib_a-nano-mallocr.o)
                0x0000000020004a80                __malloc_free_list
 .bss.__malloc_sbrk_start
                0x0000000020004a84        0x4 /opt/st/stm32cubeide_1.6.1/plugins/com.st.stm32cube.ide.mcu.externaltools.gnu-tools-for-stm32.9-2020-q2-update.linux64_2.0.0.202105311346/tools/bin/../lib/gcc/arm-none-eabi/9.3.1/../../../../arm-none-eabi/lib/thumb/v7e-m+fp/hard/libc_nano.a(lib_a-nano-mallocr.o)
                0x0000000020004a84                __malloc_sbrk_start
 *(COMMON)
 COMMON         0x0000000020004a88      0x318 ./Core/Src/main.o
                0x0000000020004a88                dspTaskHandle
                0x0000000020004a8c                htim4
                0x0000000020004ad4                hi2c1
                0x0000000020004b28                hi2c2
                0x0000000020004b7c                displayTaskHandle
                0x0000000020004b80                htim5
                0x0000000020004bc8                htim3
                0x0000000020004c10                touchTaskHandle
                0x0000000020004c14                hspi3
                0x0000000020004c6c                fanTaskHandle
                0x0000000020004c70                hrtc
                0x0000000020004c90                htim1
                0x0000000020004cd8                idleTaskHandle
                0x0000000020004cdc                hspi1
                0x0000000020004d34                buttonTaskHandle
                0x0000000020004d38                displayQueueHandle
                0x0000000020004d3c                sensorATaskHandle
                0x0000000020004d40                hdma_spi1_tx
 COMMON         0x0000000020004da0       0x48 ./Core/Src/stm32f4xx_hal_timebase_tim.o
                0x0000000020004da0                htim10
 COMMON         0x0000000020004de8        0x4 ./Core/Src/touch.o
                0x0000000020004de8                qdata
 COMMON         0x0000000020004dec        0xc ./Drivers/DISPLAY/tm_stm32f4_ili9341.o
                0x0000000020004dec                ILI9341_x
                0x0000000020004df0                ILI9341_Opts
                0x0000000020004df6                ILI9341_y
 COMMON         0x0000000020004df8       0x2c ./Drivers/DS18B20/ds18b20.o
                0x0000000020004df8                OneWireDevices
                0x0000000020004dfc                ds18b20
                0x0000000020004e0c                Ds18b20Handle
                0x0000000020004e10                OneWire
 COMMON         0x0000000020004e24        0x4 ./Drivers/STM32F4xx_HAL_Driver/Src/stm32f4xx_hal.o
                0x0000000020004e24                uwTick
 COMMON         0x0000000020004e28       0x40 ./Middlewares/Third_Party/FreeRTOS/Source/queue.o
                0x0000000020004e28                xQueueRegistry
 COMMON         0x0000000020004e68        0x9 /opt/st/stm32cubeide_1.6.1/plugins/com.st.stm32cube.ide.mcu.externaltools.gnu-tools-for-stm32.9-2020-q2-update.linux64_2.0.0.202105311346/tools/bin/../lib/gcc/arm-none-eabi/9.3.1/../../../../arm-none-eabi/lib/thumb/v7e-m+fp/hard/libc_nano.a(lib_a-lock.o)
                0x0000000020004e68                __lock___atexit_recursive_mutex
                0x0000000020004e69                __lock___arc4random_mutex
                0x0000000020004e6a                __lock___env_recursive_mutex
                0x0000000020004e6b                __lock___sinit_recursive_mutex
                0x0000000020004e6c                __lock___malloc_recursive_mutex
                0x0000000020004e6d                __lock___at_quick_exit_mutex
                0x0000000020004e6e                __lock___dd_hash_mutex
                0x0000000020004e6f                __lock___tz_mutex
                0x0000000020004e70                __lock___sfp_recursive_mutex
 *fill*         0x0000000020004e71        0x3 
 COMMON         0x0000000020004e74        0x4 /opt/st/stm32cubeide_1.6.1/plugins/com.st.stm32cube.ide.mcu.externaltools.gnu-tools-for-stm32.9-2020-q2-update.linux64_2.0.0.202105311346/tools/bin/../lib/gcc/arm-none-eabi/9.3.1/../../../../arm-none-eabi/lib/thumb/v7e-m+fp/hard/libc_nano.a(lib_a-reent.o)
                0x0000000020004e74                errno
                0x0000000020004e78                . = ALIGN (0x4)
                0x0000000020004e78                _ebss = .
                0x0000000020004e78                __bss_end__ = _ebss

._user_heap_stack
                0x0000000020004e78      0x600
                0x0000000020004e78                . = ALIGN (0x8)
                [!provide]                        PROVIDE (end = .)
                0x0000000020004e78                PROVIDE (_end = .)
                0x0000000020005078                . = (. + _Min_Heap_Size)
 *fill*         0x0000000020004e78      0x200 
                0x0000000020005478                . = (. + _Min_Stack_Size)
 *fill*         0x0000000020005078      0x400 
                0x0000000020005478                . = ALIGN (0x8)

/DISCARD/
 libc.a(*)
 libm.a(*)
 libgcc.a(*)

.ARM.attributes
                0x0000000000000000       0x30
 *(.ARM.attributes)
 .ARM.attributes
                0x0000000000000000       0x1e /opt/st/stm32cubeide_1.6.1/plugins/com.st.stm32cube.ide.mcu.externaltools.gnu-tools-for-stm32.9-2020-q2-update.linux64_2.0.0.202105311346/tools/bin/../lib/gcc/arm-none-eabi/9.3.1/thumb/v7e-m+fp/hard/crti.o
 .ARM.attributes
                0x000000000000001e       0x34 /opt/st/stm32cubeide_1.6.1/plugins/com.st.stm32cube.ide.mcu.externaltools.gnu-tools-for-stm32.9-2020-q2-update.linux64_2.0.0.202105311346/tools/bin/../lib/gcc/arm-none-eabi/9.3.1/thumb/v7e-m+fp/hard/crtbegin.o
 .ARM.attributes
                0x0000000000000052       0x34 ./Core/Src/button.o
 .ARM.attributes
                0x0000000000000086       0x34 ./Core/Src/dsp_control.o
 .ARM.attributes
                0x00000000000000ba       0x34 ./Core/Src/fan_control.o
 .ARM.attributes
                0x00000000000000ee       0x34 ./Core/Src/main.o
 .ARM.attributes
                0x0000000000000122       0x34 ./Core/Src/stm32f4xx_hal_msp.o
 .ARM.attributes
                0x0000000000000156       0x34 ./Core/Src/stm32f4xx_hal_timebase_tim.o
 .ARM.attributes
                0x000000000000018a       0x34 ./Core/Src/stm32f4xx_it.o
 .ARM.attributes
                0x00000000000001be       0x34 ./Core/Src/sysmem.o
 .ARM.attributes
                0x00000000000001f2       0x34 ./Core/Src/system_stm32f4xx.o
 .ARM.attributes
                0x0000000000000226       0x34 ./Core/Src/touch.o
 .ARM.attributes
                0x000000000000025a       0x21 ./Core/Startup/startup_stm32f407vetx.o
 .ARM.attributes
                0x000000000000027b       0x34 ./Drivers/DISPLAY/display.o
 .ARM.attributes
                0x00000000000002af       0x34 ./Drivers/DISPLAY/tm_stm32f4_fonts.o
 .ARM.attributes
                0x00000000000002e3       0x34 ./Drivers/DISPLAY/tm_stm32f4_ili9341.o
 .ARM.attributes
                0x0000000000000317       0x34 ./Drivers/DS18B20/ds18b20.o
 .ARM.attributes
                0x000000000000034b       0x34 ./Drivers/DS18B20/onewire.o
 .ARM.attributes
                0x000000000000037f       0x34 ./Drivers/STM32F4xx_HAL_Driver/Src/stm32f4xx_hal.o
 .ARM.attributes
                0x00000000000003b3       0x34 ./Drivers/STM32F4xx_HAL_Driver/Src/stm32f4xx_hal_cortex.o
 .ARM.attributes
                0x00000000000003e7       0x34 ./Drivers/STM32F4xx_HAL_Driver/Src/stm32f4xx_hal_dma.o
 .ARM.attributes
                0x000000000000041b       0x34 ./Drivers/STM32F4xx_HAL_Driver/Src/stm32f4xx_hal_gpio.o
 .ARM.attributes
                0x000000000000044f       0x34 ./Drivers/STM32F4xx_HAL_Driver/Src/stm32f4xx_hal_i2c.o
 .ARM.attributes
                0x0000000000000483       0x34 ./Drivers/STM32F4xx_HAL_Driver/Src/stm32f4xx_hal_rcc.o
 .ARM.attributes
                0x00000000000004b7       0x34 ./Drivers/STM32F4xx_HAL_Driver/Src/stm32f4xx_hal_rcc_ex.o
 .ARM.attributes
                0x00000000000004eb       0x34 ./Drivers/STM32F4xx_HAL_Driver/Src/stm32f4xx_hal_rtc.o
 .ARM.attributes
                0x000000000000051f       0x34 ./Drivers/STM32F4xx_HAL_Driver/Src/stm32f4xx_hal_spi.o
 .ARM.attributes
                0x0000000000000553       0x34 ./Drivers/STM32F4xx_HAL_Driver/Src/stm32f4xx_hal_tim.o
 .ARM.attributes
                0x0000000000000587       0x34 ./Drivers/STM32F4xx_HAL_Driver/Src/stm32f4xx_hal_tim_ex.o
 .ARM.attributes
                0x00000000000005bb       0x34 ./Middlewares/Third_Party/FreeRTOS/Source/CMSIS_RTOS_V2/cmsis_os2.o
 .ARM.attributes
                0x00000000000005ef       0x34 ./Middlewares/Third_Party/FreeRTOS/Source/list.o
 .ARM.attributes
                0x0000000000000623       0x34 ./Middlewares/Third_Party/FreeRTOS/Source/queue.o
 .ARM.attributes
                0x0000000000000657       0x34 ./Middlewares/Third_Party/FreeRTOS/Source/tasks.o
 .ARM.attributes
                0x000000000000068b       0x34 ./Middlewares/Third_Party/FreeRTOS/Source/timers.o
 .ARM.attributes
                0x00000000000006bf       0x34 ./Middlewares/Third_Party/FreeRTOS/Source/portable/GCC/ARM_CM4F/port.o
 .ARM.attributes
                0x00000000000006f3       0x34 ./Middlewares/Third_Party/FreeRTOS/Source/portable/MemMang/heap_4.o
 .ARM.attributes
                0x0000000000000727       0x34 /opt/st/stm32cubeide_1.6.1/plugins/com.st.stm32cube.ide.mcu.externaltools.gnu-tools-for-stm32.9-2020-q2-update.linux64_2.0.0.202105311346/tools/bin/../lib/gcc/arm-none-eabi/9.3.1/../../../../arm-none-eabi/lib/thumb/v7e-m+fp/hard/libc_nano.a(lib_a-errno.o)
 .ARM.attributes
                0x000000000000075b       0x34 /opt/st/stm32cubeide_1.6.1/plugins/com.st.stm32cube.ide.mcu.externaltools.gnu-tools-for-stm32.9-2020-q2-update.linux64_2.0.0.202105311346/tools/bin/../lib/gcc/arm-none-eabi/9.3.1/../../../../arm-none-eabi/lib/thumb/v7e-m+fp/hard/libc_nano.a(lib_a-findfp.o)
 .ARM.attributes
                0x000000000000078f       0x32 /opt/st/stm32cubeide_1.6.1/plugins/com.st.stm32cube.ide.mcu.externaltools.gnu-tools-for-stm32.9-2020-q2-update.linux64_2.0.0.202105311346/tools/bin/../lib/gcc/arm-none-eabi/9.3.1/../../../../arm-none-eabi/lib/thumb/v7e-m+fp/hard/libc_nano.a(lib_a-impure.o)
 .ARM.attributes
                0x00000000000007c1       0x34 /opt/st/stm32cubeide_1.6.1/plugins/com.st.stm32cube.ide.mcu.externaltools.gnu-tools-for-stm32.9-2020-q2-update.linux64_2.0.0.202105311346/tools/bin/../lib/gcc/arm-none-eabi/9.3.1/../../../../arm-none-eabi/lib/thumb/v7e-m+fp/hard/libc_nano.a(lib_a-init.o)
 .ARM.attributes
                0x00000000000007f5       0x34 /opt/st/stm32cubeide_1.6.1/plugins/com.st.stm32cube.ide.mcu.externaltools.gnu-tools-for-stm32.9-2020-q2-update.linux64_2.0.0.202105311346/tools/bin/../lib/gcc/arm-none-eabi/9.3.1/../../../../arm-none-eabi/lib/thumb/v7e-m+fp/hard/libc_nano.a(lib_a-lock.o)
 .ARM.attributes
                0x0000000000000829       0x34 /opt/st/stm32cubeide_1.6.1/plugins/com.st.stm32cube.ide.mcu.externaltools.gnu-tools-for-stm32.9-2020-q2-update.linux64_2.0.0.202105311346/tools/bin/../lib/gcc/arm-none-eabi/9.3.1/../../../../arm-none-eabi/lib/thumb/v7e-m+fp/hard/libc_nano.a(lib_a-malloc.o)
 .ARM.attributes
                0x000000000000085d       0x34 /opt/st/stm32cubeide_1.6.1/plugins/com.st.stm32cube.ide.mcu.externaltools.gnu-tools-for-stm32.9-2020-q2-update.linux64_2.0.0.202105311346/tools/bin/../lib/gcc/arm-none-eabi/9.3.1/../../../../arm-none-eabi/lib/thumb/v7e-m+fp/hard/libc_nano.a(lib_a-memcpy-stub.o)
 .ARM.attributes
                0x0000000000000891       0x34 /opt/st/stm32cubeide_1.6.1/plugins/com.st.stm32cube.ide.mcu.externaltools.gnu-tools-for-stm32.9-2020-q2-update.linux64_2.0.0.202105311346/tools/bin/../lib/gcc/arm-none-eabi/9.3.1/../../../../arm-none-eabi/lib/thumb/v7e-m+fp/hard/libc_nano.a(lib_a-memset.o)
 .ARM.attributes
                0x00000000000008c5       0x34 /opt/st/stm32cubeide_1.6.1/plugins/com.st.stm32cube.ide.mcu.externaltools.gnu-tools-for-stm32.9-2020-q2-update.linux64_2.0.0.202105311346/tools/bin/../lib/gcc/arm-none-eabi/9.3.1/../../../../arm-none-eabi/lib/thumb/v7e-m+fp/hard/libc_nano.a(lib_a-nano-freer.o)
 .ARM.attributes
                0x00000000000008f9       0x34 /opt/st/stm32cubeide_1.6.1/plugins/com.st.stm32cube.ide.mcu.externaltools.gnu-tools-for-stm32.9-2020-q2-update.linux64_2.0.0.202105311346/tools/bin/../lib/gcc/arm-none-eabi/9.3.1/../../../../arm-none-eabi/lib/thumb/v7e-m+fp/hard/libc_nano.a(lib_a-nano-mallocr.o)
 .ARM.attributes
                0x000000000000092d       0x34 /opt/st/stm32cubeide_1.6.1/plugins/com.st.stm32cube.ide.mcu.externaltools.gnu-tools-for-stm32.9-2020-q2-update.linux64_2.0.0.202105311346/tools/bin/../lib/gcc/arm-none-eabi/9.3.1/../../../../arm-none-eabi/lib/thumb/v7e-m+fp/hard/libc_nano.a(lib_a-reent.o)
 .ARM.attributes