Archive member included to satisfy reference by file (symbol)

/opt/st/stm32cubeide_1.6.1/plugins/com.st.stm32cube.ide.mcu.externaltools.gnu-tools-for-stm32.9-2020-q2-update.linux64_2.0.0.202105311346/tools/bin/../lib/gcc/arm-none-eabi/9.3.1/../../../../arm-none-eabi/lib/thumb/v7e-m+fp/hard/libc_nano.a(lib_a-errno.o)
                              ./Core/Src/syscalls.o (__errno)
/opt/st/stm32cubeide_1.6.1/plugins/com.st.stm32cube.ide.mcu.externaltools.gnu-tools-for-stm32.9-2020-q2-update.linux64_2.0.0.202105311346/tools/bin/../lib/gcc/arm-none-eabi/9.3.1/../../../../arm-none-eabi/lib/thumb/v7e-m+fp/hard/libc_nano.a(lib_a-exit.o)
                              /opt/st/stm32cubeide_1.6.1/plugins/com.st.stm32cube.ide.mcu.externaltools.gnu-tools-for-stm32.9-2020-q2-update.linux64_2.0.0.202105311346/tools/bin/../lib/gcc/arm-none-eabi/9.3.1/../../../../arm-none-eabi/lib/thumb/v7e-m+fp/hard/crt0.o (exit)
/opt/st/stm32cubeide_1.6.1/plugins/com.st.stm32cube.ide.mcu.externaltools.gnu-tools-for-stm32.9-2020-q2-update.linux64_2.0.0.202105311346/tools/bin/../lib/gcc/arm-none-eabi/9.3.1/../../../../arm-none-eabi/lib/thumb/v7e-m+fp/hard/libc_nano.a(lib_a-findfp.o)
                              ./Middlewares/Third_Party/FreeRTOS/Source/tasks.o (__sf_fake_stderr)
/opt/st/stm32cubeide_1.6.1/plugins/com.st.stm32cube.ide.mcu.externaltools.gnu-tools-for-stm32.9-2020-q2-update.linux64_2.0.0.202105311346/tools/bin/../lib/gcc/arm-none-eabi/9.3.1/../../../../arm-none-eabi/lib/thumb/v7e-m+fp/hard/libc_nano.a(lib_a-fwalk.o)
                              /opt/st/stm32cubeide_1.6.1/plugins/com.st.stm32cube.ide.mcu.externaltools.gnu-tools-for-stm32.9-2020-q2-update.linux64_2.0.0.202105311346/tools/bin/../lib/gcc/arm-none-eabi/9.3.1/../../../../arm-none-eabi/lib/thumb/v7e-m+fp/hard/libc_nano.a(lib_a-findfp.o) (_fwalk)
/opt/st/stm32cubeide_1.6.1/plugins/com.st.stm32cube.ide.mcu.externaltools.gnu-tools-for-stm32.9-2020-q2-update.linux64_2.0.0.202105311346/tools/bin/../lib/gcc/arm-none-eabi/9.3.1/../../../../arm-none-eabi/lib/thumb/v7e-m+fp/hard/libc_nano.a(lib_a-impure.o)
                              /opt/st/stm32cubeide_1.6.1/plugins/com.st.stm32cube.ide.mcu.externaltools.gnu-tools-for-stm32.9-2020-q2-update.linux64_2.0.0.202105311346/tools/bin/../lib/gcc/arm-none-eabi/9.3.1/../../../../arm-none-eabi/lib/thumb/v7e-m+fp/hard/libc_nano.a(lib_a-exit.o) (_global_impure_ptr)
/opt/st/stm32cubeide_1.6.1/plugins/com.st.stm32cube.ide.mcu.externaltools.gnu-tools-for-stm32.9-2020-q2-update.linux64_2.0.0.202105311346/tools/bin/../lib/gcc/arm-none-eabi/9.3.1/../../../../arm-none-eabi/lib/thumb/v7e-m+fp/hard/libc_nano.a(lib_a-init.o)
                              /opt/st/stm32cubeide_1.6.1/plugins/com.st.stm32cube.ide.mcu.externaltools.gnu-tools-for-stm32.9-2020-q2-update.linux64_2.0.0.202105311346/tools/bin/../lib/gcc/arm-none-eabi/9.3.1/../../../../arm-none-eabi/lib/thumb/v7e-m+fp/hard/crt0.o (__libc_init_array)
/opt/st/stm32cubeide_1.6.1/plugins/com.st.stm32cube.ide.mcu.externaltools.gnu-tools-for-stm32.9-2020-q2-update.linux64_2.0.0.202105311346/tools/bin/../lib/gcc/arm-none-eabi/9.3.1/../../../../arm-none-eabi/lib/thumb/v7e-m+fp/hard/libc_nano.a(lib_a-lock.o)
                              /opt/st/stm32cubeide_1.6.1/plugins/com.st.stm32cube.ide.mcu.externaltools.gnu-tools-for-stm32.9-2020-q2-update.linux64_2.0.0.202105311346/tools/bin/../lib/gcc/arm-none-eabi/9.3.1/../../../../arm-none-eabi/lib/thumb/v7e-m+fp/hard/libc_nano.a(lib_a-findfp.o) (__retarget_lock_init_recursive)
/opt/st/stm32cubeide_1.6.1/plugins/com.st.stm32cube.ide.mcu.externaltools.gnu-tools-for-stm32.9-2020-q2-update.linux64_2.0.0.202105311346/tools/bin/../lib/gcc/arm-none-eabi/9.3.1/../../../../arm-none-eabi/lib/thumb/v7e-m+fp/hard/libc_nano.a(lib_a-malloc.o)
                              ./Drivers/DISPLAY/tm_stm32f4_ili9341.o (malloc)
/opt/st/stm32cubeide_1.6.1/plugins/com.st.stm32cube.ide.mcu.externaltools.gnu-tools-for-stm32.9-2020-q2-update.linux64_2.0.0.202105311346/tools/bin/../lib/gcc/arm-none-eabi/9.3.1/../../../../arm-none-eabi/lib/thumb/v7e-m+fp/hard/libc_nano.a(lib_a-memcpy-stub.o)
                              ./Middlewares/Third_Party/FreeRTOS/Source/CMSIS_RTOS_V2/cmsis_os2.o (memcpy)
/opt/st/stm32cubeide_1.6.1/plugins/com.st.stm32cube.ide.mcu.externaltools.gnu-tools-for-stm32.9-2020-q2-update.linux64_2.0.0.202105311346/tools/bin/../lib/gcc/arm-none-eabi/9.3.1/../../../../arm-none-eabi/lib/thumb/v7e-m+fp/hard/libc_nano.a(lib_a-memset.o)
                              /opt/st/stm32cubeide_1.6.1/plugins/com.st.stm32cube.ide.mcu.externaltools.gnu-tools-for-stm32.9-2020-q2-update.linux64_2.0.0.202105311346/tools/bin/../lib/gcc/arm-none-eabi/9.3.1/../../../../arm-none-eabi/lib/thumb/v7e-m+fp/hard/crt0.o (memset)
/opt/st/stm32cubeide_1.6.1/plugins/com.st.stm32cube.ide.mcu.externaltools.gnu-tools-for-stm32.9-2020-q2-update.linux64_2.0.0.202105311346/tools/bin/../lib/gcc/arm-none-eabi/9.3.1/../../../../arm-none-eabi/lib/thumb/v7e-m+fp/hard/libc_nano.a(lib_a-nano-freer.o)
[...]
Memory Configuration

Name             Origin             Length             Attributes
CCMRAM           0x0000000010000000 0x0000000000010000 xrw
RAM              0x0000000020000000 0x0000000000020000 xrw
FLASH            0x0000000008000000 0x0000000000080000 xr
*default*        0x0000000000000000 0xffffffffffffffff

Linker script and memory map

LOAD /opt/st/stm32cubeide_1.6.1/plugins/com.st.stm32cube.ide.mcu.externaltools.gnu-tools-for-stm32.9-2020-q2-update.linux64_2.0.0.202105311346/tools/bin/../lib/gcc/arm-none-eabi/9.3.1/thumb/v7e-m+fp/hard/crti.o
LOAD /opt/st/stm32cubeide_1.6.1/plugins/com.st.stm32cube.ide.mcu.externaltools.gnu-tools-for-stm32.9-2020-q2-update.linux64_2.0.0.202105311346/tools/bin/../lib/gcc/arm-none-eabi/9.3.1/thumb/v7e-m+fp/hard/crtbegin.o
LOAD /opt/st/stm32cubeide_1.6.1/plugins/com.st.stm32cube.ide.mcu.externaltools.gnu-tools-for-stm32.9-2020-q2-update.linux64_2.0.0.202105311346/tools/bin/../lib/gcc/arm-none-eabi/9.3.1/../../../../arm-none-eabi/lib/thumb/v7e-m+fp/hard/crt0.o
LOAD ./Core/Src/button.o
LOAD ./Core/Src/dsp_control.o
LOAD ./Core/Src/fan_control.o
LOAD ./Core/Src/freertos.o
LOAD ./Core/Src/main.o
LOAD ./Core/Src/stm32f4xx_hal_msp.o
LOAD ./Core/Src/stm32f4xx_hal_timebase_tim.o
LOAD ./Core/Src/stm32f4xx_it.o
LOAD ./Core/Src/syscalls.o
LOAD ./Core/Src/sysmem.o
LOAD ./Core/Src/system_stm32f4xx.o
LOAD ./Core/Src/temp_sensors.o
LOAD ./Core/Src/touch.o
LOAD ./Core/Startup/startup_stm32f407vetx.o
LOAD ./Drivers/DISPLAY/display.o
LOAD ./Drivers/DISPLAY/tm_stm32f4_fonts.o
LOAD ./Drivers/DISPLAY/tm_stm32f4_ili9341.o
LOAD ./Drivers/DISPLAY/vu.o
LOAD ./Drivers/STM32F4xx_HAL_Driver/Src/stm32f4xx_hal.o
LOAD ./Drivers/STM32F4xx_HAL_Driver/Src/stm32f4xx_hal_cortex.o
LOAD ./Drivers/STM32F4xx_HAL_Driver/Src/stm32f4xx_hal_dma.o
LOAD ./Drivers/STM32F4xx_HAL_Driver/Src/stm32f4xx_hal_dma_ex.o
LOAD ./Drivers/STM32F4xx_HAL_Driver/Src/stm32f4xx_hal_exti.o
LOAD ./Drivers/STM32F4xx_HAL_Driver/Src/stm32f4xx_hal_flash.o
LOAD ./Drivers/STM32F4xx_HAL_Driver/Src/stm32f4xx_hal_flash_ex.o
LOAD ./Drivers/STM32F4xx_HAL_Driver/Src/stm32f4xx_hal_flash_ramfunc.o
LOAD ./Drivers/STM32F4xx_HAL_Driver/Src/stm32f4xx_hal_gpio.o
LOAD ./Drivers/STM32F4xx_HAL_Driver/Src/stm32f4xx_hal_i2c.o
LOAD ./Drivers/STM32F4xx_HAL_Driver/Src/stm32f4xx_hal_i2c_ex.o
LOAD ./Drivers/STM32F4xx_HAL_Driver/Src/stm32f4xx_hal_pwr.o
LOAD ./Drivers/STM32F4xx_HAL_Driver/Src/stm32f4xx_hal_pwr_ex.o
LOAD ./Drivers/STM32F4xx_HAL_Driver/Src/stm32f4xx_hal_rcc.o
LOAD ./Drivers/STM32F4xx_HAL_Driver/Src/stm32f4xx_hal_rcc_ex.o
LOAD ./Drivers/STM32F4xx_HAL_Driver/Src/stm32f4xx_hal_rtc.o
LOAD ./Drivers/STM32F4xx_HAL_Driver/Src/stm32f4xx_hal_rtc_ex.o
LOAD ./Drivers/STM32F4xx_HAL_Driver/Src/stm32f4xx_hal_spi.o
LOAD ./Drivers/STM32F4xx_HAL_Driver/Src/stm32f4xx_hal_tim.o
LOAD ./Drivers/STM32F4xx_HAL_Driver/Src/stm32f4xx_hal_tim_ex.o
LOAD ./Middlewares/Third_Party/FreeRTOS/Source/CMSIS_RTOS_V2/cmsis_os2.o
LOAD ./Middlewares/Third_Party/FreeRTOS/Source/croutine.o
LOAD ./Middlewares/Third_Party/FreeRTOS/Source/event_groups.o
LOAD ./Middlewares/Third_Party/FreeRTOS/Source/list.o
LOAD ./Middlewares/Third_Party/FreeRTOS/Source/queue.o
LOAD ./Middlewares/Third_Party/FreeRTOS/Source/stream_buffer.o
LOAD ./Middlewares/Third_Party/FreeRTOS/Source/tasks.o
LOAD ./Middlewares/Third_Party/FreeRTOS/Source/timers.o
LOAD ./Middlewares/Third_Party/FreeRTOS/Source/portable/GCC/ARM_CM4F/port.o
LOAD ./Middlewares/Third_Party/FreeRTOS/Source/portable/MemMang/heap_4.o
START GROUP
LOAD /opt/st/stm32cubeide_1.6.1/plugins/com.st.stm32cube.ide.mcu.externaltools.gnu-tools-for-stm32.9-2020-q2-update.linux64_2.0.0.202105311346/tools/bin/../lib/gcc/arm-none-eabi/9.3.1/../../../../arm-none-eabi/lib/thumb/v7e-m+fp/hard/libc_nano.a
LOAD /opt/st/stm32cubeide_1.6.1/plugins/com.st.stm32cube.ide.mcu.externaltools.gnu-tools-for-stm32.9-2020-q2-update.linux64_2.0.0.202105311346/tools/bin/../lib/gcc/arm-none-eabi/9.3.1/../../../../arm-none-eabi/lib/thumb/v7e-m+fp/hard/libm.a
END GROUP
START GROUP
LOAD /opt/st/stm32cubeide_1.6.1/plugins/com.st.stm32cube.ide.mcu.externaltools.gnu-tools-for-stm32.9-2020-q2-update.linux64_2.0.0.202105311346/tools/bin/../lib/gcc/arm-none-eabi/9.3.1/thumb/v7e-m+fp/hard/libgcc.a
LOAD /opt/st/stm32cubeide_1.6.1/plugins/com.st.stm32cube.ide.mcu.externaltools.gnu-tools-for-stm32.9-2020-q2-update.linux64_2.0.0.202105311346/tools/bin/../lib/gcc/arm-none-eabi/9.3.1/../../../../arm-none-eabi/lib/thumb/v7e-m+fp/hard/libc_nano.a
END GROUP
START GROUP
LOAD /opt/st/stm32cubeide_1.6.1/plugins/com.st.stm32cube.ide.mcu.externaltools.gnu-tools-for-stm32.9-2020-q2-update.linux64_2.0.0.202105311346/tools/bin/../lib/gcc/arm-none-eabi/9.3.1/thumb/v7e-m+fp/hard/libgcc.a
LOAD /opt/st/stm32cubeide_1.6.1/plugins/com.st.stm32cube.ide.mcu.externaltools.gnu-tools-for-stm32.9-2020-q2-update.linux64_2.0.0.202105311346/tools/bin/../lib/gcc/arm-none-eabi/9.3.1/../../../../arm-none-eabi/lib/thumb/v7e-m+fp/hard/libc_nano.a
LOAD /opt/st/stm32cubeide_1.6.1/plugins/com.st.stm32cube.ide.mcu.externaltools.gnu-tools-for-stm32.9-2020-q2-update.linux64_2.0.0.202105311346/tools/bin/../lib/gcc/arm-none-eabi/9.3.1/../../../../arm-none-eabi/lib/thumb/v7e-m+fp/hard/libnosys.a
END GROUP
START GROUP
LOAD /opt/st/stm32cubeide_1.6.1/plugins/com.st.stm32cube.ide.mcu.externaltools.gnu-tools-for-stm32.9-2020-q2-update.linux64_2.0.0.202105311346/tools/bin/../lib/gcc/arm-none-eabi/9.3.1/thumb/v7e-m+fp/hard/libgcc.a
LOAD /opt/st/stm32cubeide_1.6.1/plugins/com.st.stm32cube.ide.mcu.externaltools.gnu-tools-for-stm32.9-2020-q2-update.linux64_2.0.0.202105311346/tools/bin/../lib/gcc/arm-none-eabi/9.3.1/../../../../arm-none-eabi/lib/thumb/v7e-m+fp/hard/libc_nano.a
LOAD /opt/st/stm32cubeide_1.6.1/plugins/com.st.stm32cube.ide.mcu.externaltools.gnu-tools-for-stm32.9-2020-q2-update.linux64_2.0.0.202105311346/tools/bin/../lib/gcc/arm-none-eabi/9.3.1/../../../../arm-none-eabi/lib/thumb/v7e-m+fp/hard/libnosys.a
END GROUP
LOAD /opt/st/stm32cubeide_1.6.1/plugins/com.st.stm32cube.ide.mcu.externaltools.gnu-tools-for-stm32.9-2020-q2-update.linux64_2.0.0.202105311346/tools/bin/../lib/gcc/arm-none-eabi/9.3.1/thumb/v7e-m+fp/hard/crtend.o
LOAD /opt/st/stm32cubeide_1.6.1/plugins/com.st.stm32cube.ide.mcu.externaltools.gnu-tools-for-stm32.9-2020-q2-update.linux64_2.0.0.202105311346/tools/bin/../lib/gcc/arm-none-eabi/9.3.1/thumb/v7e-m+fp/hard/crtn.o
                0x0000000020020000                _estack = (ORIGIN (RAM) + LENGTH (RAM))
                0x0000000000000200                _Min_Heap_Size = 0x200
                0x0000000000000400                _Min_Stack_Size = 0x400

.isr_vector     0x0000000008000000      0x188
                0x0000000008000000                . = ALIGN (0x4)
 *(.isr_vector)
 .isr_vector    0x0000000008000000      0x188 ./Core/Startup/startup_stm32f407vetx.o
                0x0000000008000000                g_pfnVectors
                0x0000000008000188                . = ALIGN (0x4)

.text           0x0000000008000190     0xa5c0
                0x0000000008000190                . = ALIGN (0x4)
 *(.text)
 .text          0x0000000008000190       0x40 /opt/st/stm32cubeide_1.6.1/plugins/com.st.stm32cube.ide.mcu.externaltools.gnu-tools-for-stm32.9-2020-q2-update.linux64_2.0.0.202105311346/tools/bin/../lib/gcc/arm-none-eabi/9.3.1/thumb/v7e-m+fp/hard/crtbegin.o
 .text          0x00000000080001d0       0xa0 /opt/st/stm32cubeide_1.6.1/plugins/com.st.stm32cube.ide.mcu.externaltools.gnu-tools-for-stm32.9-2020-q2-update.linux64_2.0.0.202105311346/tools/bin/../lib/gcc/arm-none-eabi/9.3.1/../../../../arm-none-eabi/lib/thumb/v7e-m+fp/hard/libc_nano.a(lib_a-memchr.o)
                0x00000000080001d0                memchr
 .text          0x0000000008000270       0x30 /opt/st/stm32cubeide_1.6.1/plugins/com.st.stm32cube.ide.mcu.externaltools.gnu-tools-for-stm32.9-2020-q2-update.linux64_2.0.0.202105311346/tools/bin/../lib/gcc/arm-none-eabi/9.3.1/thumb/v7e-m+fp/hard/libgcc.a(_aeabi_uldivmod.o)
                0x0000000008000270                __aeabi_uldivmod
 .text          0x00000000080002a0      0x2c4 /opt/st/stm32cubeide_1.6.1/plugins/com.st.stm32cube.ide.mcu.externaltools.gnu-tools-for-stm32.9-2020-q2-update.linux64_2.0.0.202105311346/tools/bin/../lib/gcc/arm-none-eabi/9.3.1/thumb/v7e-m+fp/hard/libgcc.a(_udivmoddi4.o)
                0x00000000080002a0                __udivmoddi4
 .text          0x0000000008000564        0x4 /opt/st/stm32cubeide_1.6.1/plugins/com.st.stm32cube.ide.mcu.externaltools.gnu-tools-for-stm32.9-2020-q2-update.linux64_2.0.0.202105311346/tools/bin/../lib/gcc/arm-none-eabi/9.3.1/thumb/v7e-m+fp/hard/libgcc.a(_dvmd_tls.o)
                0x0000000008000564                __aeabi_ldiv0
                0x0000000008000564                __aeabi_idiv0
 *(.text*)
 .text.swOnOutputs
                0x0000000008000568       0x74 ./Core/Src/button.o
                0x0000000008000568                swOnOutputs
 .text.swOffOutputs
                0x00000000080005dc       0x74 ./Core/Src/button.o
                0x00000000080005dc                swOffOutputs
 .text.buttonTaskEntry
                0x0000000008000650      0x334 ./Core/Src/button.o
                0x0000000008000650                buttonTaskEntry
 .text.dspTaskEntry
                0x0000000008000984       0x60 ./Core/Src/dsp_control.o
                0x0000000008000984                dspTaskEntry
 .text.fanTaskEntry
                0x00000000080009e4       0x7c ./Core/Src/fan_control.o
                0x00000000080009e4                fanTaskEntry
 .text.main     0x0000000008000a60      0x11c ./Core/Src/main.o
                0x0000000008000a60                main
 .text.SystemClock_Config
                0x0000000008000b7c       0xd8 ./Core/Src/main.o
                0x0000000008000b7c                SystemClock_Config
 .text.MX_I2C1_Init
                0x0000000008000c54       0x5c ./Core/Src/main.o
 .text.MX_RTC_Init
                0x0000000008000cb0       0x4c ./Core/Src/main.o
 .text.MX_SPI1_Init
                0x0000000008000cfc       0x6c ./Core/Src/main.o
 .text.MX_SPI3_Init
                0x0000000008000d68       0x6c ./Core/Src/main.o
 .text.MX_TIM1_Init
                0x0000000008000dd4      0x15c ./Core/Src/main.o
 .text.MX_TIM3_Init
                0x0000000008000f30       0xc8 ./Core/Src/main.o
 .text.MX_TIM4_Init
                0x0000000008000ff8       0xf8 ./Core/Src/main.o
 .text.MX_TIM5_Init
                0x00000000080010f0       0x9c ./Core/Src/main.o
 .text.MX_DMA_Init
                0x000000000800118c       0x40 ./Core/Src/main.o
 .text.MX_GPIO_Init
                0x00000000080011cc      0x290 ./Core/Src/main.o
 .text.HAL_GPIO_EXTI_Callback
                0x000000000800145c       0xb0 ./Core/Src/main.o
                0x000000000800145c                HAL_GPIO_EXTI_Callback
 .text.idleTaskEntry
                0x000000000800150c       0x30 ./Core/Src/main.o
                0x000000000800150c                idleTaskEntry
 .text.HAL_TIM_PeriodElapsedCallback
                0x000000000800153c       0x24 ./Core/Src/main.o
                0x000000000800153c                HAL_TIM_PeriodElapsedCallback
 .text.Error_Handler
                0x0000000008001560        0xa ./Core/Src/main.o
                0x0000000008001560                Error_Handler
 *fill*         0x000000000800156a        0x2 
 .text.HAL_MspInit
                0x000000000800156c       0x58 ./Core/Src/stm32f4xx_hal_msp.o
                0x000000000800156c                HAL_MspInit
 .text.HAL_I2C_MspInit
                0x00000000080015c4       0x90 ./Core/Src/stm32f4xx_hal_msp.o
                0x00000000080015c4                HAL_I2C_MspInit
 .text.HAL_RTC_MspInit
                0x0000000008001654       0x54 ./Core/Src/stm32f4xx_hal_msp.o
                0x0000000008001654                HAL_RTC_MspInit
 .text.HAL_SPI_MspInit
                0x00000000080016a8      0x1a8 ./Core/Src/stm32f4xx_hal_msp.o
                0x00000000080016a8                HAL_SPI_MspInit
 .text.HAL_TIM_Base_MspInit
                0x0000000008001850      0x108 ./Core/Src/stm32f4xx_hal_msp.o
                0x0000000008001850                HAL_TIM_Base_MspInit
 .text.HAL_TIM_PWM_MspInit
                0x0000000008001958       0x44 ./Core/Src/stm32f4xx_hal_msp.o
                0x0000000008001958                HAL_TIM_PWM_MspInit
 .text.HAL_TIM_MspPostInit
                0x000000000800199c       0xc4 ./Core/Src/stm32f4xx_hal_msp.o
                0x000000000800199c                HAL_TIM_MspPostInit
 .text.HAL_InitTick
                0x0000000008001a60       0xb4 ./Core/Src/stm32f4xx_hal_timebase_tim.o
                0x0000000008001a60                HAL_InitTick
 .text.NMI_Handler
                0x0000000008001b14        0x6 ./Core/Src/stm32f4xx_it.o
                0x0000000008001b14                NMI_Handler
 .text.HardFault_Handler
                0x0000000008001b1a        0x6 ./Core/Src/stm32f4xx_it.o
                0x0000000008001b1a                HardFault_Handler
 .text.MemManage_Handler
                0x0000000008001b20        0x6 ./Core/Src/stm32f4xx_it.o
                0x0000000008001b20                MemManage_Handler
 .text.BusFault_Handler
                0x0000000008001b26        0x6 ./Core/Src/stm32f4xx_it.o
                0x0000000008001b26                BusFault_Handler
 .text.UsageFault_Handler
                0x0000000008001b2c        0x6 ./Core/Src/stm32f4xx_it.o
                0x0000000008001b2c                UsageFault_Handler
 .text.DebugMon_Handler
                0x0000000008001b32        0xe ./Core/Src/stm32f4xx_it.o
                0x0000000008001b32                DebugMon_Handler
 .text.EXTI9_5_IRQHandler
                0x0000000008001b40        0xe ./Core/Src/stm32f4xx_it.o
                0x0000000008001b40                EXTI9_5_IRQHandler
 *fill*         0x0000000008001b4e        0x2 
 .text.TIM1_BRK_TIM9_IRQHandler
                0x0000000008001b50       0x14 ./Core/Src/stm32f4xx_it.o
                0x0000000008001b50                TIM1_BRK_TIM9_IRQHandler
 .text.TIM1_UP_TIM10_IRQHandler
                0x0000000008001b64       0x1c ./Core/Src/stm32f4xx_it.o
                0x0000000008001b64                TIM1_UP_TIM10_IRQHandler
 .text.DMA2_Stream5_IRQHandler
                0x0000000008001b80       0x14 ./Core/Src/stm32f4xx_it.o
                0x0000000008001b80                DMA2_Stream5_IRQHandler
 .text._sbrk    0x0000000008001b94       0x6c ./Core/Src/sysmem.o
                0x0000000008001b94                _sbrk
 .text.SystemInit
                0x0000000008001c00       0x24 ./Core/Src/system_stm32f4xx.o
                0x0000000008001c00                SystemInit
 .text.set_gpio_output
                0x0000000008001c24       0x40 ./Core/Src/temp_sensors.o
                0x0000000008001c24                set_gpio_output
 .text.set_gpio_intput
                0x0000000008001c64       0x40 ./Core/Src/temp_sensors.o
                0x0000000008001c64                set_gpio_intput
 .text.ds_delay
                0x0000000008001ca4       0x30 ./Core/Src/temp_sensors.o
                0x0000000008001ca4                ds_delay
 .text.DS18B20_Start
                0x0000000008001cd4       0x68 ./Core/Src/temp_sensors.o
                0x0000000008001cd4                DS18B20_Start
 .text.DS18B20_Write
                0x0000000008001d3c       0x8c ./Core/Src/temp_sensors.o
                0x0000000008001d3c                DS18B20_Write
 .text.DS18B20_Read
                0x0000000008001dc8       0x80 ./Core/Src/temp_sensors.o
                0x0000000008001dc8                DS18B20_Read
 .text.sensorATaskEntry
                0x0000000008001e48      0x108 ./Core/Src/temp_sensors.o
                0x0000000008001e48                sensorATaskEntry
 .text.touchTaskEntry
                0x0000000008001f50      0x120 ./Core/Src/touch.o
                0x0000000008001f50                touchTaskEntry
 .text.Reset_Handler
                0x0000000008002070       0x50 ./Core/Startup/startup_stm32f407vetx.o
                0x0000000008002070                Reset_Handler
 .text.Default_Handler
                0x00000000080020c0        0x2 ./Core/Startup/startup_stm32f407vetx.o
                0x00000000080020c0                RTC_Alarm_IRQHandler
                0x00000000080020c0                HASH_RNG_IRQHandler
                0x00000000080020c0                EXTI2_IRQHandler
                0x00000000080020c0                TIM8_CC_IRQHandler
                0x00000000080020c0                TIM1_CC_IRQHandler
                0x00000000080020c0                DMA1_Stream5_IRQHandler
                0x00000000080020c0                PVD_IRQHandler
                0x00000000080020c0                SDIO_IRQHandler
                0x00000000080020c0                TAMP_STAMP_IRQHandler
                0x00000000080020c0                CAN2_RX1_IRQHandler
                0x00000000080020c0                EXTI3_IRQHandler
                0x00000000080020c0                TIM8_TRG_COM_TIM14_IRQHandler
                0x00000000080020c0                TIM8_UP_TIM13_IRQHandler
                0x00000000080020c0                I2C3_ER_IRQHandler
                0x00000000080020c0                EXTI0_IRQHandler
                0x00000000080020c0                I2C2_EV_IRQHandler
                0x00000000080020c0                DMA1_Stream2_IRQHandler
                0x00000000080020c0                CAN1_RX0_IRQHandler
                0x00000000080020c0                FPU_IRQHandler
                0x00000000080020c0                OTG_HS_WKUP_IRQHandler
                0x00000000080020c0                CAN2_SCE_IRQHandler
                0x00000000080020c0                DMA2_Stream2_IRQHandler
                0x00000000080020c0                SPI1_IRQHandler
                0x00000000080020c0                TIM6_DAC_IRQHandler
                0x00000000080020c0                DCMI_IRQHandler
                0x00000000080020c0                CAN2_RX0_IRQHandler
                0x00000000080020c0                DMA2_Stream3_IRQHandler
                0x00000000080020c0                USART6_IRQHandler
                0x00000000080020c0                USART3_IRQHandler
                0x00000000080020c0                CAN1_RX1_IRQHandler
                0x00000000080020c0                UART5_IRQHandler
                0x00000000080020c0                DMA2_Stream0_IRQHandler
                0x00000000080020c0                TIM4_IRQHandler
                0x00000000080020c0                I2C1_EV_IRQHandler
                0x00000000080020c0                DMA1_Stream6_IRQHandler
                0x00000000080020c0                DMA1_Stream1_IRQHandler
                0x00000000080020c0                UART4_IRQHandler
                0x00000000080020c0                TIM3_IRQHandler
                0x00000000080020c0                RCC_IRQHandler
                0x00000000080020c0                TIM8_BRK_TIM12_IRQHandler
                0x00000000080020c0                Default_Handler
                0x00000000080020c0                EXTI15_10_IRQHandler
                0x00000000080020c0                ADC_IRQHandler
                0x00000000080020c0                DMA1_Stream7_IRQHandler
                0x00000000080020c0                TIM7_IRQHandler
                0x00000000080020c0                CAN2_TX_IRQHandler
                0x00000000080020c0                TIM5_IRQHandler
                0x00000000080020c0                DMA2_Stream7_IRQHandler
                0x00000000080020c0                I2C3_EV_IRQHandler
                0x00000000080020c0                RTC_WKUP_IRQHandler
                0x00000000080020c0                ETH_WKUP_IRQHandler
                0x00000000080020c0                SPI2_IRQHandler
                0x00000000080020c0                OTG_HS_EP1_IN_IRQHandler
                0x00000000080020c0                DMA1_Stream0_IRQHandler
                0x00000000080020c0                CAN1_TX_IRQHandler
                0x00000000080020c0                EXTI4_IRQHandler
                0x00000000080020c0                FSMC_IRQHandler
                0x00000000080020c0                ETH_IRQHandler
                0x00000000080020c0                OTG_HS_EP1_OUT_IRQHandler
                0x00000000080020c0                WWDG_IRQHandler
                0x00000000080020c0                TIM2_IRQHandler
                0x00000000080020c0                OTG_FS_WKUP_IRQHandler
                0x00000000080020c0                TIM1_TRG_COM_TIM11_IRQHandler
                0x00000000080020c0                OTG_HS_IRQHandler
                0x00000000080020c0                EXTI1_IRQHandler
                0x00000000080020c0                USART2_IRQHandler
                0x00000000080020c0                I2C2_ER_IRQHandler
                0x00000000080020c0                DMA2_Stream1_IRQHandler
                0x00000000080020c0                CAN1_SCE_IRQHandler
                0x00000000080020c0                FLASH_IRQHandler
                0x00000000080020c0                DMA2_Stream4_IRQHandler
                0x00000000080020c0                USART1_IRQHandler
                0x00000000080020c0                OTG_FS_IRQHandler
                0x00000000080020c0                SPI3_IRQHandler
                0x00000000080020c0                DMA1_Stream4_IRQHandler
                0x00000000080020c0                I2C1_ER_IRQHandler
                0x00000000080020c0                DMA2_Stream6_IRQHandler
                0x00000000080020c0                DMA1_Stream3_IRQHandler
 *fill*         0x00000000080020c2        0x2 
 .text.displayTaskEntry
                0x00000000080020c4      0x264 ./Drivers/DISPLAY/display.o
                0x00000000080020c4                displayTaskEntry
 .text.TM_ILI9341_Init
                0x0000000008002328       0x48 ./Drivers/DISPLAY/tm_stm32f4_ili9341.o
                0x0000000008002328                TM_ILI9341_Init
 .text.TM_ILI9341_InitLCD
                0x0000000008002370      0x278 ./Drivers/DISPLAY/tm_stm32f4_ili9341.o
                0x0000000008002370                TM_ILI9341_InitLCD
 .text.TM_ILI9341_SendCommand
                0x00000000080025e8       0x48 ./Drivers/DISPLAY/tm_stm32f4_ili9341.o
                0x00000000080025e8                TM_ILI9341_SendCommand
 .text.TM_ILI9341_SendData
                0x0000000008002630       0x48 ./Drivers/DISPLAY/tm_stm32f4_ili9341.o
                0x0000000008002630                TM_ILI9341_SendData
 .text.TM_ILI9341_DrawPixel
                0x0000000008002678       0x40 ./Drivers/DISPLAY/tm_stm32f4_ili9341.o
                0x0000000008002678                TM_ILI9341_DrawPixel
 .text.TM_ILI9341_SetCursorPosition
                0x00000000080026b8       0x92 ./Drivers/DISPLAY/tm_stm32f4_ili9341.o
                0x00000000080026b8                TM_ILI9341_SetCursorPosition
 *fill*         0x000000000800274a        0x2 
 .text.TM_ILI9341_Fill
                0x000000000800274c       0x2c ./Drivers/DISPLAY/tm_stm32f4_ili9341.o
                0x000000000800274c                TM_ILI9341_Fill
 .text.TM_ILI9341_INT_Fill
                0x0000000008002778      0x13c ./Drivers/DISPLAY/tm_stm32f4_ili9341.o
                0x0000000008002778                TM_ILI9341_INT_Fill
 .text.TM_ILI9341_Delay
                0x00000000080028b4       0x24 ./Drivers/DISPLAY/tm_stm32f4_ili9341.o
                0x00000000080028b4                TM_ILI9341_Delay
 .text.TM_ILI9341_Rotate
                0x00000000080028d8       0x8c ./Drivers/DISPLAY/tm_stm32f4_ili9341.o
                0x00000000080028d8                TM_ILI9341_Rotate
 .text.TM_ILI9341_Puts
                0x0000000008002964       0xb0 ./Drivers/DISPLAY/tm_stm32f4_ili9341.o
                0x0000000008002964                TM_ILI9341_Puts
 .text.TM_ILI9341_Putc
                0x0000000008002a14      0x124 ./Drivers/DISPLAY/tm_stm32f4_ili9341.o
                0x0000000008002a14                TM_ILI9341_Putc
 .text.TM_ILI9341_DrawCircle
                0x0000000008002b38      0x19e ./Drivers/DISPLAY/tm_stm32f4_ili9341.o
                0x0000000008002b38                TM_ILI9341_DrawCircle
 *fill*         0x0000000008002cd6        0x2 
 .text.TM_ILI9341_DrawImage
                0x0000000008002cd8       0x90 ./Drivers/DISPLAY/tm_stm32f4_ili9341.o
                0x0000000008002cd8                TM_ILI9341_DrawImage
 .text.HAL_Init
                0x0000000008002d68       0x44 ./Drivers/STM32F4xx_HAL_Driver/Src/stm32f4xx_hal.o
                0x0000000008002d68                HAL_Init
 .text.HAL_IncTick
                0x0000000008002dac       0x28 ./Drivers/STM32F4xx_HAL_Driver/Src/stm32f4xx_hal.o
                0x0000000008002dac                HAL_IncTick
 .text.HAL_GetTick
                0x0000000008002dd4       0x18 ./Drivers/STM32F4xx_HAL_Driver/Src/stm32f4xx_hal.o
                0x0000000008002dd4                HAL_GetTick
 .text.HAL_Delay
                0x0000000008002dec       0x48 ./Drivers/STM32F4xx_HAL_Driver/Src/stm32f4xx_hal.o
                0x0000000008002dec                HAL_Delay
 .text.__NVIC_SetPriorityGrouping
                0x0000000008002e34       0x48 ./Drivers/STM32F4xx_HAL_Driver/Src/stm32f4xx_hal_cortex.o
 .text.__NVIC_GetPriorityGrouping
                0x0000000008002e7c       0x1c ./Drivers/STM32F4xx_HAL_Driver/Src/stm32f4xx_hal_cortex.o
 .text.__NVIC_EnableIRQ
                0x0000000008002e98       0x3c ./Drivers/STM32F4xx_HAL_Driver/Src/stm32f4xx_hal_cortex.o
 .text.__NVIC_SetPriority
                0x0000000008002ed4       0x54 ./Drivers/STM32F4xx_HAL_Driver/Src/stm32f4xx_hal_cortex.o
 .text.NVIC_EncodePriority
                0x0000000008002f28       0x66 ./Drivers/STM32F4xx_HAL_Driver/Src/stm32f4xx_hal_cortex.o
 .text.HAL_NVIC_SetPriorityGrouping
                0x0000000008002f8e       0x16 ./Drivers/STM32F4xx_HAL_Driver/Src/stm32f4xx_hal_cortex.o
                0x0000000008002f8e                HAL_NVIC_SetPriorityGrouping
 .text.HAL_NVIC_SetPriority
                0x0000000008002fa4       0x38 ./Drivers/STM32F4xx_HAL_Driver/Src/stm32f4xx_hal_cortex.o
                0x0000000008002fa4                HAL_NVIC_SetPriority
 .text.HAL_NVIC_EnableIRQ
                0x0000000008002fdc       0x1c ./Drivers/STM32F4xx_HAL_Driver/Src/stm32f4xx_hal_cortex.o
                0x0000000008002fdc                HAL_NVIC_EnableIRQ
 .text.HAL_DMA_Init
                0x0000000008002ff8      0x15c ./Drivers/STM32F4xx_HAL_Driver/Src/stm32f4xx_hal_dma.o
                0x0000000008002ff8                HAL_DMA_Init
 .text.HAL_DMA_IRQHandler
                0x0000000008003154      0x314 ./Drivers/STM32F4xx_HAL_Driver/Src/stm32f4xx_hal_dma.o
                0x0000000008003154                HAL_DMA_IRQHandler
 .text.DMA_CalcBaseAndBitshift
                0x0000000008003468       0x6c ./Drivers/STM32F4xx_HAL_Driver/Src/stm32f4xx_hal_dma.o
 .text.DMA_CheckFifoParam
                0x00000000080034d4       0xf8 ./Drivers/STM32F4xx_HAL_Driver/Src/stm32f4xx_hal_dma.o
 .text.HAL_GPIO_Init
                0x00000000080035cc      0x338 ./Drivers/STM32F4xx_HAL_Driver/Src/stm32f4xx_hal_gpio.o
                0x00000000080035cc                HAL_GPIO_Init
 .text.HAL_GPIO_ReadPin
                0x0000000008003904       0x30 ./Drivers/STM32F4xx_HAL_Driver/Src/stm32f4xx_hal_gpio.o
                0x0000000008003904                HAL_GPIO_ReadPin
 .text.HAL_GPIO_WritePin
                0x0000000008003934       0x32 ./Drivers/STM32F4xx_HAL_Driver/Src/stm32f4xx_hal_gpio.o
                0x0000000008003934                HAL_GPIO_WritePin
 *fill*         0x0000000008003966        0x2 
 .text.HAL_GPIO_EXTI_IRQHandler
                0x0000000008003968       0x30 ./Drivers/STM32F4xx_HAL_Driver/Src/stm32f4xx_hal_gpio.o
                0x0000000008003968                HAL_GPIO_EXTI_IRQHandler
 .text.HAL_I2C_Init
                0x0000000008003998      0x288 ./Drivers/STM32F4xx_HAL_Driver/Src/stm32f4xx_hal_i2c.o
                0x0000000008003998                HAL_I2C_Init
 .text.HAL_I2C_Master_Transmit
                0x0000000008003c20      0x1fc ./Drivers/STM32F4xx_HAL_Driver/Src/stm32f4xx_hal_i2c.o
                0x0000000008003c20                HAL_I2C_Master_Transmit
 .text.I2C_MasterRequestWrite
                0x0000000008003e1c      0x104 ./Drivers/STM32F4xx_HAL_Driver/Src/stm32f4xx_hal_i2c.o
 .text.I2C_WaitOnFlagUntilTimeout
                0x0000000008003f20       0xae ./Drivers/STM32F4xx_HAL_Driver/Src/stm32f4xx_hal_i2c.o
 .text.I2C_WaitOnMasterAddressFlagUntilTimeout
                0x0000000008003fce       0xfe ./Drivers/STM32F4xx_HAL_Driver/Src/stm32f4xx_hal_i2c.o
 .text.I2C_WaitOnTXEFlagUntilTimeout
                0x00000000080040cc       0x82 ./Drivers/STM32F4xx_HAL_Driver/Src/stm32f4xx_hal_i2c.o
 .text.I2C_WaitOnBTFFlagUntilTimeout
                0x000000000800414e       0x82 ./Drivers/STM32F4xx_HAL_Driver/Src/stm32f4xx_hal_i2c.o
 .text.I2C_IsAcknowledgeFailed
                0x00000000080041d0       0x5e ./Drivers/STM32F4xx_HAL_Driver/Src/stm32f4xx_hal_i2c.o
 *fill*         0x000000000800422e        0x2 
 .text.HAL_RCC_OscConfig
                0x0000000008004230      0x4f0 ./Drivers/STM32F4xx_HAL_Driver/Src/stm32f4xx_hal_rcc.o
                0x0000000008004230                HAL_RCC_OscConfig
 .text.HAL_RCC_ClockConfig
                0x0000000008004720      0x1cc ./Drivers/STM32F4xx_HAL_Driver/Src/stm32f4xx_hal_rcc.o
                0x0000000008004720                HAL_RCC_ClockConfig
 .text.HAL_RCC_GetSysClockFreq
                0x00000000080048ec      0x16c ./Drivers/STM32F4xx_HAL_Driver/Src/stm32f4xx_hal_rcc.o
                0x00000000080048ec                HAL_RCC_GetSysClockFreq
 .text.HAL_RCC_GetHCLKFreq
                0x0000000008004a58       0x18 ./Drivers/STM32F4xx_HAL_Driver/Src/stm32f4xx_hal_rcc.o
                0x0000000008004a58                HAL_RCC_GetHCLKFreq
 .text.HAL_RCC_GetPCLK1Freq
                0x0000000008004a70       0x28 ./Drivers/STM32F4xx_HAL_Driver/Src/stm32f4xx_hal_rcc.o
                0x0000000008004a70                HAL_RCC_GetPCLK1Freq
 .text.HAL_RCC_GetPCLK2Freq
                0x0000000008004a98       0x28 ./Drivers/STM32F4xx_HAL_Driver/Src/stm32f4xx_hal_rcc.o
                0x0000000008004a98                HAL_RCC_GetPCLK2Freq
 .text.HAL_RCC_GetClockConfig
                0x0000000008004ac0       0x64 ./Drivers/STM32F4xx_HAL_Driver/Src/stm32f4xx_hal_rcc.o
                0x0000000008004ac0                HAL_RCC_GetClockConfig
 .text.HAL_RCCEx_PeriphCLKConfig
                0x0000000008004b24      0x1c4 ./Drivers/STM32F4xx_HAL_Driver/Src/stm32f4xx_hal_rcc_ex.o
                0x0000000008004b24                HAL_RCCEx_PeriphCLKConfig
 .text.HAL_RTC_Init
                0x0000000008004ce8      0x122 ./Drivers/STM32F4xx_HAL_Driver/Src/stm32f4xx_hal_rtc.o
                0x0000000008004ce8                HAL_RTC_Init
 .text.HAL_RTC_WaitForSynchro
                0x0000000008004e0a       0x50 ./Drivers/STM32F4xx_HAL_Driver/Src/stm32f4xx_hal_rtc.o
                0x0000000008004e0a                HAL_RTC_WaitForSynchro
 .text.RTC_EnterInitMode
                0x0000000008004e5a       0x58 ./Drivers/STM32F4xx_HAL_Driver/Src/stm32f4xx_hal_rtc.o
                0x0000000008004e5a                RTC_EnterInitMode
 .text.HAL_SPI_Init
                0x0000000008004eb2      0x112 ./Drivers/STM32F4xx_HAL_Driver/Src/stm32f4xx_hal_spi.o
                0x0000000008004eb2                HAL_SPI_Init
 .text.HAL_SPI_Transmit
                0x0000000008004fc4      0x278 ./Drivers/STM32F4xx_HAL_Driver/Src/stm32f4xx_hal_spi.o
                0x0000000008004fc4                HAL_SPI_Transmit
 .text.HAL_SPI_TransmitReceive
                0x000000000800523c      0x344 ./Drivers/STM32F4xx_HAL_Driver/Src/stm32f4xx_hal_spi.o
                0x000000000800523c                HAL_SPI_TransmitReceive
 .text.SPI_WaitFlagStateUntilTimeout
                0x0000000008005580      0x110 ./Drivers/STM32F4xx_HAL_Driver/Src/stm32f4xx_hal_spi.o
 .text.SPI_EndRxTxTransaction
                0x0000000008005690       0x84 ./Drivers/STM32F4xx_HAL_Driver/Src/stm32f4xx_hal_spi.o
 .text.HAL_TIM_Base_Init
                0x0000000008005714       0x9e ./Drivers/STM32F4xx_HAL_Driver/Src/stm32f4xx_hal_tim.o
                0x0000000008005714                HAL_TIM_Base_Init
 *fill*         0x00000000080057b2        0x2 
 .text.HAL_TIM_Base_Start
                0x00000000080057b4       0xd0 ./Drivers/STM32F4xx_HAL_Driver/Src/stm32f4xx_hal_tim.o
                0x00000000080057b4                HAL_TIM_Base_Start
 .text.HAL_TIM_Base_Start_IT
                0x0000000008005884       0xe0 ./Drivers/STM32F4xx_HAL_Driver/Src/stm32f4xx_hal_tim.o
                0x0000000008005884                HAL_TIM_Base_Start_IT
 .text.HAL_TIM_PWM_Init
                0x0000000008005964       0x9e ./Drivers/STM32F4xx_HAL_Driver/Src/stm32f4xx_hal_tim.o
                0x0000000008005964                HAL_TIM_PWM_Init
 *fill*         0x0000000008005a02        0x2 
 .text.HAL_TIM_PWM_Start
                0x0000000008005a04      0x190 ./Drivers/STM32F4xx_HAL_Driver/Src/stm32f4xx_hal_tim.o
                0x0000000008005a04                HAL_TIM_PWM_Start
 .text.HAL_TIM_PWM_Stop
                0x0000000008005b94       0xe0 ./Drivers/STM32F4xx_HAL_Driver/Src/stm32f4xx_hal_tim.o
                0x0000000008005b94                HAL_TIM_PWM_Stop
 .text.HAL_TIM_IC_Init
                0x0000000008005c74       0x9e ./Drivers/STM32F4xx_HAL_Driver/Src/stm32f4xx_hal_tim.o
                0x0000000008005c74                HAL_TIM_IC_Init
 .text.HAL_TIM_IC_MspInit
                0x0000000008005d12       0x14 ./Drivers/STM32F4xx_HAL_Driver/Src/stm32f4xx_hal_tim.o
                0x0000000008005d12                HAL_TIM_IC_MspInit
 .text.HAL_TIM_IRQHandler
                0x0000000008005d26      0x210 ./Drivers/STM32F4xx_HAL_Driver/Src/stm32f4xx_hal_tim.o
                0x0000000008005d26                HAL_TIM_IRQHandler
 .text.HAL_TIM_IC_ConfigChannel
                0x0000000008005f36      0x138 ./Drivers/STM32F4xx_HAL_Driver/Src/stm32f4xx_hal_tim.o
                0x0000000008005f36                HAL_TIM_IC_ConfigChannel
 *fill*         0x000000000800606e        0x2 
 .text.HAL_TIM_PWM_ConfigChannel
                0x0000000008006070      0x184 ./Drivers/STM32F4xx_HAL_Driver/Src/stm32f4xx_hal_tim.o
                0x0000000008006070                HAL_TIM_PWM_ConfigChannel
 .text.HAL_TIM_ConfigClockSource
                0x00000000080061f4      0x18e ./Drivers/STM32F4xx_HAL_Driver/Src/stm32f4xx_hal_tim.o
                0x00000000080061f4                HAL_TIM_ConfigClockSource
 .text.HAL_TIM_OC_DelayElapsedCallback
                0x0000000008006382       0x14 ./Drivers/STM32F4xx_HAL_Driver/Src/stm32f4xx_hal_tim.o
                0x0000000008006382                HAL_TIM_OC_DelayElapsedCallback
 .text.HAL_TIM_IC_CaptureCallback
                0x0000000008006396       0x14 ./Drivers/STM32F4xx_HAL_Driver/Src/stm32f4xx_hal_tim.o
                0x0000000008006396                HAL_TIM_IC_CaptureCallback
 .text.HAL_TIM_PWM_PulseFinishedCallback
                0x00000000080063aa       0x14 ./Drivers/STM32F4xx_HAL_Driver/Src/stm32f4xx_hal_tim.o
                0x00000000080063aa                HAL_TIM_PWM_PulseFinishedCallback
 .text.HAL_TIM_TriggerCallback
                0x00000000080063be       0x14 ./Drivers/STM32F4xx_HAL_Driver/Src/stm32f4xx_hal_tim.o
                0x00000000080063be                HAL_TIM_TriggerCallback
 *fill*         0x00000000080063d2        0x2 
 .text.TIM_Base_SetConfig
                0x00000000080063d4      0x140 ./Drivers/STM32F4xx_HAL_Driver/Src/stm32f4xx_hal_tim.o
                0x00000000080063d4                TIM_Base_SetConfig
 .text.TIM_OC1_SetConfig
                0x0000000008006514       0xe0 ./Drivers/STM32F4xx_HAL_Driver/Src/stm32f4xx_hal_tim.o
 .text.TIM_OC2_SetConfig
                0x00000000080065f4       0xec ./Drivers/STM32F4xx_HAL_Driver/Src/stm32f4xx_hal_tim.o
                0x00000000080065f4                TIM_OC2_SetConfig
 .text.TIM_OC3_SetConfig
                0x00000000080066e0       0xe8 ./Drivers/STM32F4xx_HAL_Driver/Src/stm32f4xx_hal_tim.o
 .text.TIM_OC4_SetConfig
                0x00000000080067c8       0xac ./Drivers/STM32F4xx_HAL_Driver/Src/stm32f4xx_hal_tim.o
 .text.TIM_TI1_SetConfig
                0x0000000008006874       0xe8 ./Drivers/STM32F4xx_HAL_Driver/Src/stm32f4xx_hal_tim.o
                0x0000000008006874                TIM_TI1_SetConfig
 .text.TIM_TI1_ConfigInputStage
                0x000000000800695c       0x5e ./Drivers/STM32F4xx_HAL_Driver/Src/stm32f4xx_hal_tim.o
 .text.TIM_TI2_SetConfig
                0x00000000080069ba       0x7a ./Drivers/STM32F4xx_HAL_Driver/Src/stm32f4xx_hal_tim.o
 .text.TIM_TI2_ConfigInputStage
                0x0000000008006a34       0x60 ./Drivers/STM32F4xx_HAL_Driver/Src/stm32f4xx_hal_tim.o
 .text.TIM_TI3_SetConfig
                0x0000000008006a94       0x78 ./Drivers/STM32F4xx_HAL_Driver/Src/stm32f4xx_hal_tim.o
 .text.TIM_TI4_SetConfig
                0x0000000008006b0c       0x7a ./Drivers/STM32F4xx_HAL_Driver/Src/stm32f4xx_hal_tim.o
 .text.TIM_ITRx_SetConfig
                0x0000000008006b86       0x36 ./Drivers/STM32F4xx_HAL_Driver/Src/stm32f4xx_hal_tim.o
 .text.TIM_ETR_SetConfig
                0x0000000008006bbc       0x40 ./Drivers/STM32F4xx_HAL_Driver/Src/stm32f4xx_hal_tim.o
                0x0000000008006bbc                TIM_ETR_SetConfig
 .text.TIM_CCxChannelCmd
                0x0000000008006bfc       0x4a ./Drivers/STM32F4xx_HAL_Driver/Src/stm32f4xx_hal_tim.o
                0x0000000008006bfc                TIM_CCxChannelCmd
 *fill*         0x0000000008006c46        0x2 
 .text.HAL_TIMEx_MasterConfigSynchronization
                0x0000000008006c48       0xf8 ./Drivers/STM32F4xx_HAL_Driver/Src/stm32f4xx_hal_tim_ex.o
                0x0000000008006c48                HAL_TIMEx_MasterConfigSynchronization
 .text.HAL_TIMEx_ConfigBreakDeadTime
                0x0000000008006d40       0xa4 ./Drivers/STM32F4xx_HAL_Driver/Src/stm32f4xx_hal_tim_ex.o
                0x0000000008006d40                HAL_TIMEx_ConfigBreakDeadTime
 .text.HAL_TIMEx_CommutCallback
                0x0000000008006de4       0x14 ./Drivers/STM32F4xx_HAL_Driver/Src/stm32f4xx_hal_tim_ex.o
                0x0000000008006de4                HAL_TIMEx_CommutCallback
 .text.HAL_TIMEx_BreakCallback
                0x0000000008006df8       0x14 ./Drivers/STM32F4xx_HAL_Driver/Src/stm32f4xx_hal_tim_ex.o
                0x0000000008006df8                HAL_TIMEx_BreakCallback
 .text.__NVIC_SetPriority
                0x0000000008006e0c       0x54 ./Middlewares/Third_Party/FreeRTOS/Source/CMSIS_RTOS_V2/cmsis_os2.o
 .text.SysTick_Handler
                0x0000000008006e60       0x20 ./Middlewares/Third_Party/FreeRTOS/Source/CMSIS_RTOS_V2/cmsis_os2.o
                0x0000000008006e60                SysTick_Handler
 .text.SVC_Setup
                0x0000000008006e80       0x12 ./Middlewares/Third_Party/FreeRTOS/Source/CMSIS_RTOS_V2/cmsis_os2.o
 *fill*         0x0000000008006e92        0x2 
 .text.osKernelInitialize
                0x0000000008006e94       0x48 ./Middlewares/Third_Party/FreeRTOS/Source/CMSIS_RTOS_V2/cmsis_os2.o
                0x0000000008006e94                osKernelInitialize
 .text.osKernelStart
                0x0000000008006edc       0x4c ./Middlewares/Third_Party/FreeRTOS/Source/CMSIS_RTOS_V2/cmsis_os2.o
                0x0000000008006edc                osKernelStart
 .text.osThreadNew
                0x0000000008006f28      0x124 ./Middlewares/Third_Party/FreeRTOS/Source/CMSIS_RTOS_V2/cmsis_os2.o
                0x0000000008006f28                osThreadNew
 .text.osDelay  0x000000000800704c       0x36 ./Middlewares/Third_Party/FreeRTOS/Source/CMSIS_RTOS_V2/cmsis_os2.o
                0x000000000800704c                osDelay
 .text.osMessageQueueNew
                0x0000000008007082       0xe6 ./Middlewares/Third_Party/FreeRTOS/Source/CMSIS_RTOS_V2/cmsis_os2.o
                0x0000000008007082                osMessageQueueNew
 .text.osMessageQueuePut
                0x0000000008007168       0xc0 ./Middlewares/Third_Party/FreeRTOS/Source/CMSIS_RTOS_V2/cmsis_os2.o
                0x0000000008007168                osMessageQueuePut
 .text.osMessageQueueGet
                0x0000000008007228       0xbc ./Middlewares/Third_Party/FreeRTOS/Source/CMSIS_RTOS_V2/cmsis_os2.o
                0x0000000008007228                osMessageQueueGet
 .text.vApplicationGetIdleTaskMemory
                0x00000000080072e4       0x34 ./Middlewares/Third_Party/FreeRTOS/Source/CMSIS_RTOS_V2/cmsis_os2.o
                0x00000000080072e4                vApplicationGetIdleTaskMemory
 .text.vApplicationGetTimerTaskMemory
                0x0000000008007318       0x34 ./Middlewares/Third_Party/FreeRTOS/Source/CMSIS_RTOS_V2/cmsis_os2.o
                0x0000000008007318                vApplicationGetTimerTaskMemory
 .text.vListInitialise
                0x000000000800734c       0x40 ./Middlewares/Third_Party/FreeRTOS/Source/list.o
                0x000000000800734c                vListInitialise
 .text.vListInitialiseItem
                0x000000000800738c       0x1a ./Middlewares/Third_Party/FreeRTOS/Source/list.o
                0x000000000800738c                vListInitialiseItem
 .text.vListInsertEnd
                0x00000000080073a6       0x48 ./Middlewares/Third_Party/FreeRTOS/Source/list.o
                0x00000000080073a6                vListInsertEnd
 .text.vListInsert
                0x00000000080073ee       0x72 ./Middlewares/Third_Party/FreeRTOS/Source/list.o
                0x00000000080073ee                vListInsert
 .text.uxListRemove
                0x0000000008007460       0x54 ./Middlewares/Third_Party/FreeRTOS/Source/list.o
                0x0000000008007460                uxListRemove
 .text.xQueueGenericReset
                0x00000000080074b4       0xd0 ./Middlewares/Third_Party/FreeRTOS/Source/queue.o
                0x00000000080074b4                xQueueGenericReset
 .text.xQueueGenericCreateStatic
                0x0000000008007584       0xf0 ./Middlewares/Third_Party/FreeRTOS/Source/queue.o
                0x0000000008007584                xQueueGenericCreateStatic
 .text.xQueueGenericCreate
                0x0000000008007674       0x74 ./Middlewares/Third_Party/FreeRTOS/Source/queue.o
                0x0000000008007674                xQueueGenericCreate
 .text.prvInitialiseNewQueue
                0x00000000080076e8       0x46 ./Middlewares/Third_Party/FreeRTOS/Source/queue.o
 *fill*         0x000000000800772e        0x2 
 .text.xQueueGenericSend
                0x0000000008007730      0x1fc ./Middlewares/Third_Party/FreeRTOS/Source/queue.o
                0x0000000008007730                xQueueGenericSend
 .text.xQueueGenericSendFromISR
                0x000000000800792c      0x136 ./Middlewares/Third_Party/FreeRTOS/Source/queue.o
                0x000000000800792c                xQueueGenericSendFromISR
 *fill*         0x0000000008007a62        0x2 
 .text.xQueueReceive
                0x0000000008007a64      0x1c0 ./Middlewares/Third_Party/FreeRTOS/Source/queue.o
                0x0000000008007a64                xQueueReceive
 .text.xQueueReceiveFromISR
                0x0000000008007c24      0x100 ./Middlewares/Third_Party/FreeRTOS/Source/queue.o
                0x0000000008007c24                xQueueReceiveFromISR
 .text.prvCopyDataToQueue
                0x0000000008007d24       0xd4 ./Middlewares/Third_Party/FreeRTOS/Source/queue.o
 .text.prvCopyDataFromQueue
                0x0000000008007df8       0x4c ./Middlewares/Third_Party/FreeRTOS/Source/queue.o
 .text.prvUnlockQueue
                0x0000000008007e44       0xa4 ./Middlewares/Third_Party/FreeRTOS/Source/queue.o
 .text.prvIsQueueEmpty
                0x0000000008007ee8       0x2c ./Middlewares/Third_Party/FreeRTOS/Source/queue.o
 .text.prvIsQueueFull
                0x0000000008007f14       0x30 ./Middlewares/Third_Party/FreeRTOS/Source/queue.o
 .text.vQueueAddToRegistry
                0x0000000008007f44       0x54 ./Middlewares/Third_Party/FreeRTOS/Source/queue.o
                0x0000000008007f44                vQueueAddToRegistry
 .text.vQueueWaitForMessageRestricted
                0x0000000008007f98       0x68 ./Middlewares/Third_Party/FreeRTOS/Source/queue.o
                0x0000000008007f98                vQueueWaitForMessageRestricted
 .text.xTaskCreateStatic
                0x0000000008008000       0xba ./Middlewares/Third_Party/FreeRTOS/Source/tasks.o
                0x0000000008008000                xTaskCreateStatic
 .text.xTaskCreate
                0x00000000080080ba       0x8a ./Middlewares/Third_Party/FreeRTOS/Source/tasks.o
                0x00000000080080ba                xTaskCreate
 .text.prvInitialiseNewTask
                0x0000000008008144      0x14c ./Middlewares/Third_Party/FreeRTOS/Source/tasks.o
 .text.prvAddNewTaskToReadyList
                0x0000000008008290       0xe0 ./Middlewares/Third_Party/FreeRTOS/Source/tasks.o
 .text.vTaskDelay
                0x0000000008008370       0x68 ./Middlewares/Third_Party/FreeRTOS/Source/tasks.o
                0x0000000008008370                vTaskDelay
 .text.vTaskStartScheduler
                0x00000000080083d8       0xe0 ./Middlewares/Third_Party/FreeRTOS/Source/tasks.o
                0x00000000080083d8                vTaskStartScheduler
 .text.vTaskSuspendAll
                0x00000000080084b8       0x1c ./Middlewares/Third_Party/FreeRTOS/Source/tasks.o
                0x00000000080084b8                vTaskSuspendAll
 .text.xTaskResumeAll
                0x00000000080084d4      0x13c ./Middlewares/Third_Party/FreeRTOS/Source/tasks.o
                0x00000000080084d4                xTaskResumeAll
 .text.xTaskGetTickCount
                0x0000000008008610       0x20 ./Middlewares/Third_Party/FreeRTOS/Source/tasks.o
                0x0000000008008610                xTaskGetTickCount
 .text.xTaskIncrementTick
                0x0000000008008630      0x174 ./Middlewares/Third_Party/FreeRTOS/Source/tasks.o
                0x0000000008008630                xTaskIncrementTick
 .text.vTaskSwitchContext
                0x00000000080087a4       0xc8 ./Middlewares/Third_Party/FreeRTOS/Source/tasks.o
                0x00000000080087a4                vTaskSwitchContext
 .text.vTaskPlaceOnEventList
                0x000000000800886c       0x48 ./Middlewares/Third_Party/FreeRTOS/Source/tasks.o
                0x000000000800886c                vTaskPlaceOnEventList
 .text.vTaskPlaceOnEventListRestricted
                0x00000000080088b4       0x58 ./Middlewares/Third_Party/FreeRTOS/Source/tasks.o
                0x00000000080088b4                vTaskPlaceOnEventListRestricted
 .text.xTaskRemoveFromEventList
                0x000000000800890c       0xc8 ./Middlewares/Third_Party/FreeRTOS/Source/tasks.o
                0x000000000800890c                xTaskRemoveFromEventList
 .text.vTaskInternalSetTimeOutState
                0x00000000080089d4       0x2c ./Middlewares/Third_Party/FreeRTOS/Source/tasks.o
                0x00000000080089d4                vTaskInternalSetTimeOutState
 .text.xTaskCheckForTimeOut
                0x0000000008008a00       0xc4 ./Middlewares/Third_Party/FreeRTOS/Source/tasks.o
                0x0000000008008a00                xTaskCheckForTimeOut
 .text.vTaskMissedYield
                0x0000000008008ac4       0x18 ./Middlewares/Third_Party/FreeRTOS/Source/tasks.o
                0x0000000008008ac4                vTaskMissedYield
 .text.prvIdleTask
                0x0000000008008adc       0x30 ./Middlewares/Third_Party/FreeRTOS/Source/tasks.o
 .text.prvInitialiseTaskLists
                0x0000000008008b0c       0x80 ./Middlewares/Third_Party/FreeRTOS/Source/tasks.o
 .text.prvCheckTasksWaitingTermination
                0x0000000008008b8c       0x5c ./Middlewares/Third_Party/FreeRTOS/Source/tasks.o
 .text.prvDeleteTCB
                0x0000000008008be8       0x68 ./Middlewares/Third_Party/FreeRTOS/Source/tasks.o
 .text.prvResetNextTaskUnblockTime
                0x0000000008008c50       0x40 ./Middlewares/Third_Party/FreeRTOS/Source/tasks.o
 .text.xTaskGetSchedulerState
                0x0000000008008c90       0x3c ./Middlewares/Third_Party/FreeRTOS/Source/tasks.o
                0x0000000008008c90                xTaskGetSchedulerState
 .text.xTaskPriorityDisinherit
                0x0000000008008ccc       0xdc ./Middlewares/Third_Party/FreeRTOS/Source/tasks.o
                0x0000000008008ccc                xTaskPriorityDisinherit
 .text.prvAddCurrentTaskToDelayedList
                0x0000000008008da8       0xa8 ./Middlewares/Third_Party/FreeRTOS/Source/tasks.o
 .text.xTimerCreateTimerTask
                0x0000000008008e50       0x90 ./Middlewares/Third_Party/FreeRTOS/Source/timers.o
                0x0000000008008e50                xTimerCreateTimerTask
 .text.xTimerGenericCommand
                0x0000000008008ee0       0x9c ./Middlewares/Third_Party/FreeRTOS/Source/timers.o
                0x0000000008008ee0                xTimerGenericCommand
 .text.prvProcessExpiredTimer
                0x0000000008008f7c       0x98 ./Middlewares/Third_Party/FreeRTOS/Source/timers.o
 .text.prvTimerTask
                0x0000000008009014       0x24 ./Middlewares/Third_Party/FreeRTOS/Source/timers.o
 .text.prvProcessTimerOrBlockTask
                0x0000000008009038       0x9c ./Middlewares/Third_Party/FreeRTOS/Source/timers.o
 .text.prvGetNextExpireTime
                0x00000000080090d4       0x48 ./Middlewares/Third_Party/FreeRTOS/Source/timers.o
 .text.prvSampleTimeNow
                0x000000000800911c       0x40 ./Middlewares/Third_Party/FreeRTOS/Source/timers.o
 .text.prvInsertTimerInActiveList
                0x000000000800915c       0x84 ./Middlewares/Third_Party/FreeRTOS/Source/timers.o
 .text.prvProcessReceivedCommands
                0x00000000080091e0      0x1c4 ./Middlewares/Third_Party/FreeRTOS/Source/timers.o
 .text.prvSwitchTimerLists
                0x00000000080093a4       0xc8 ./Middlewares/Third_Party/FreeRTOS/Source/timers.o
 .text.prvCheckForValidListAndQueue
                0x000000000800946c       0x80 ./Middlewares/Third_Party/FreeRTOS/Source/timers.o
 .text.pxPortInitialiseStack
                0x00000000080094ec       0x68 ./Middlewares/Third_Party/FreeRTOS/Source/portable/GCC/ARM_CM4F/port.o
                0x00000000080094ec                pxPortInitialiseStack
 .text.prvTaskExitError
                0x0000000008009554       0x58 ./Middlewares/Third_Party/FreeRTOS/Source/portable/GCC/ARM_CM4F/port.o
 *fill*         0x00000000080095ac        0x4 
 .text.SVC_Handler
                0x00000000080095b0       0x28 ./Middlewares/Third_Party/FreeRTOS/Source/portable/GCC/ARM_CM4F/port.o
                0x00000000080095b0                SVC_Handler
 .text.prvPortStartFirstTask
                0x00000000080095d8       0x28 ./Middlewares/Third_Party/FreeRTOS/Source/portable/GCC/ARM_CM4F/port.o
 .text.xPortStartScheduler
                0x0000000008009600      0x144 ./Middlewares/Third_Party/FreeRTOS/Source/portable/GCC/ARM_CM4F/port.o
                0x0000000008009600                xPortStartScheduler
 .text.vPortEnterCritical
                0x0000000008009744       0x60 ./Middlewares/Third_Party/FreeRTOS/Source/portable/GCC/ARM_CM4F/port.o
                0x0000000008009744                vPortEnterCritical
 .text.vPortExitCritical
                0x00000000080097a4       0x54 ./Middlewares/Third_Party/FreeRTOS/Source/portable/GCC/ARM_CM4F/port.o
                0x00000000080097a4                vPortExitCritical
 *fill*         0x00000000080097f8        0x8 
 .text.PendSV_Handler
                0x0000000008009800       0x68 ./Middlewares/Third_Party/FreeRTOS/Source/portable/GCC/ARM_CM4F/port.o
                0x0000000008009800                PendSV_Handler
 .text.xPortSysTickHandler
                0x0000000008009868       0x44 ./Middlewares/Third_Party/FreeRTOS/Source/portable/GCC/ARM_CM4F/port.o
                0x0000000008009868                xPortSysTickHandler
 .text.vPortSetupTimerInterrupt
                0x00000000080098ac       0x48 ./Middlewares/Third_Party/FreeRTOS/Source/portable/GCC/ARM_CM4F/port.o
                0x00000000080098ac                vPortSetupTimerInterrupt
 .text.vPortEnableVFP
                0x00000000080098f4       0x14 ./Middlewares/Third_Party/FreeRTOS/Source/portable/GCC/ARM_CM4F/port.o
 .text.vPortValidateInterruptPriority
                0x0000000008009908       0x80 ./Middlewares/Third_Party/FreeRTOS/Source/portable/GCC/ARM_CM4F/port.o
                0x0000000008009908                vPortValidateInterruptPriority
 .text.pvPortMalloc
                0x0000000008009988      0x198 ./Middlewares/Third_Party/FreeRTOS/Source/portable/MemMang/heap_4.o
                0x0000000008009988                pvPortMalloc
 .text.vPortFree
                0x0000000008009b20       0xc4 ./Middlewares/Third_Party/FreeRTOS/Source/portable/MemMang/heap_4.o
                0x0000000008009b20                vPortFree
 .text.prvHeapInit
                0x0000000008009be4       0xc4 ./Middlewares/Third_Party/FreeRTOS/Source/portable/MemMang/heap_4.o
 .text.prvInsertBlockIntoFreeList
                0x0000000008009ca8       0xb4 ./Middlewares/Third_Party/FreeRTOS/Source/portable/MemMang/heap_4.o
 .text.__errno  0x0000000008009d5c        0xc /opt/st/stm32cubeide_1.6.1/plugins/com.st.stm32cube.ide.mcu.externaltools.gnu-tools-for-stm32.9-2020-q2-update.linux64_2.0.0.202105311346/tools/bin/../lib/gcc/arm-none-eabi/9.3.1/../../../../arm-none-eabi/lib/thumb/v7e-m+fp/hard/libc_nano.a(lib_a-errno.o)
                0x0000000008009d5c                __errno
 .text.__libc_init_array
                0x0000000008009d68       0x48 /opt/st/stm32cubeide_1.6.1/plugins/com.st.stm32cube.ide.mcu.externaltools.gnu-tools-for-stm32.9-2020-q2-update.linux64_2.0.0.202105311346/tools/bin/../lib/gcc/arm-none-eabi/9.3.1/../../../../arm-none-eabi/lib/thumb/v7e-m+fp/hard/libc_nano.a(lib_a-init.o)
                0x0000000008009d68                __libc_init_array
 .text.__retarget_lock_acquire_recursive
                0x0000000008009db0        0x2 /opt/st/stm32cubeide_1.6.1/plugins/com.st.stm32cube.ide.mcu.externaltools.gnu-tools-for-stm32.9-2020-q2-update.linux64_2.0.0.202105311346/tools/bin/../lib/gcc/arm-none-eabi/9.3.1/../../../../arm-none-eabi/lib/thumb/v7e-m+fp/hard/libc_nano.a(lib_a-lock.o)
                0x0000000008009db0                __retarget_lock_acquire_recursive
 .text.__retarget_lock_release_recursive
                0x0000000008009db2        0x2 /opt/st/stm32cubeide_1.6.1/plugins/com.st.stm32cube.ide.mcu.externaltools.gnu-tools-for-stm32.9-2020-q2-update.linux64_2.0.0.202105311346/tools/bin/../lib/gcc/arm-none-eabi/9.3.1/../../../../arm-none-eabi/lib/thumb/v7e-m+fp/hard/libc_nano.a(lib_a-lock.o)
                0x0000000008009db2                __retarget_lock_release_recursive
 .text.malloc   0x0000000008009db4       0x10 /opt/st/stm32cubeide_1.6.1/plugins/com.st.stm32cube.ide.mcu.externaltools.gnu-tools-for-stm32.9-2020-q2-update.linux64_2.0.0.202105311346/tools/bin/../lib/gcc/arm-none-eabi/9.3.1/../../../../arm-none-eabi/lib/thumb/v7e-m+fp/hard/libc_nano.a(lib_a-malloc.o)
                0x0000000008009db4                malloc
 .text.free     0x0000000008009dc4       0x10 /opt/st/stm32cubeide_1.6.1/plugins/com.st.stm32cube.ide.mcu.externaltools.gnu-tools-for-stm32.9-2020-q2-update.linux64_2.0.0.202105311346/tools/bin/../lib/gcc/arm-none-eabi/9.3.1/../../../../arm-none-eabi/lib/thumb/v7e-m+fp/hard/libc_nano.a(lib_a-malloc.o)
                0x0000000008009dc4                free
 .text.memcpy   0x0000000008009dd4       0x1c /opt/st/stm32cubeide_1.6.1/plugins/com.st.stm32cube.ide.mcu.externaltools.gnu-tools-for-stm32.9-2020-q2-update.linux64_2.0.0.202105311346/tools/bin/../lib/gcc/arm-none-eabi/9.3.1/../../../../arm-none-eabi/lib/thumb/v7e-m+fp/hard/libc_nano.a(lib_a-memcpy-stub.o)
                0x0000000008009dd4                memcpy
 .text.memset   0x0000000008009df0       0x10 /opt/st/stm32cubeide_1.6.1/plugins/com.st.stm32cube.ide.mcu.externaltools.gnu-tools-for-stm32.9-2020-q2-update.linux64_2.0.0.202105311346/tools/bin/../lib/gcc/arm-none-eabi/9.3.1/../../../../arm-none-eabi/lib/thumb/v7e-m+fp/hard/libc_nano.a(lib_a-memset.o)
                0x0000000008009df0                memset
 .text._free_r  0x0000000008009e00       0xa0 /opt/st/stm32cubeide_1.6.1/plugins/com.st.stm32cube.ide.mcu.externaltools.gnu-tools-for-stm32.9-2020-q2-update.linux64_2.0.0.202105311346/tools/bin/../lib/gcc/arm-none-eabi/9.3.1/../../../../arm-none-eabi/lib/thumb/v7e-m+fp/hard/libc_nano.a(lib_a-nano-freer.o)
                0x0000000008009e00                _free_r
 .text._malloc_r
                0x0000000008009ea0       0xb4 /opt/st/stm32cubeide_1.6.1/plugins/com.st.stm32cube.ide.mcu.externaltools.gnu-tools-for-stm32.9-2020-q2-update.linux64_2.0.0.202105311346/tools/bin/../lib/gcc/arm-none-eabi/9.3.1/../../../../arm-none-eabi/lib/thumb/v7e-m+fp/hard/libc_nano.a(lib_a-nano-mallocr.o)
                0x0000000008009ea0                _malloc_r
 .text.cleanup_glue
                0x0000000008009f54       0x1a /opt/st/stm32cubeide_1.6.1/plugins/com.st.stm32cube.ide.mcu.externaltools.gnu-tools-for-stm32.9-2020-q2-update.linux64_2.0.0.202105311346/tools/bin/../lib/gcc/arm-none-eabi/9.3.1/../../../../arm-none-eabi/lib/thumb/v7e-m+fp/hard/libc_nano.a(lib_a-reent.o)
                0x0000000008009f54                cleanup_glue
 *fill*         0x0000000008009f6e        0x2 
 .text._reclaim_reent
                0x0000000008009f70       0xb8 /opt/st/stm32cubeide_1.6.1/plugins/com.st.stm32cube.ide.mcu.externaltools.gnu-tools-for-stm32.9-2020-q2-update.linux64_2.0.0.202105311346/tools/bin/../lib/gcc/arm-none-eabi/9.3.1/../../../../arm-none-eabi/lib/thumb/v7e-m+fp/hard/libc_nano.a(lib_a-reent.o)
                0x0000000008009f70                _reclaim_reent
 .text._sbrk_r  0x000000000800a028       0x20 /opt/st/stm32cubeide_1.6.1/plugins/com.st.stm32cube.ide.mcu.externaltools.gnu-tools-for-stm32.9-2020-q2-update.linux64_2.0.0.202105311346/tools/bin/../lib/gcc/arm-none-eabi/9.3.1/../../../../arm-none-eabi/lib/thumb/v7e-m+fp/hard/libc_nano.a(lib_a-sbrkr.o)
                0x000000000800a028                _sbrk_r
 .text.snprintf
                0x000000000800a048       0x68 /opt/st/stm32cubeide_1.6.1/plugins/com.st.stm32cube.ide.mcu.externaltools.gnu-tools-for-stm32.9-2020-q2-update.linux64_2.0.0.202105311346/tools/bin/../lib/gcc/arm-none-eabi/9.3.1/../../../../arm-none-eabi/lib/thumb/v7e-m+fp/hard/libc_nano.a(lib_a-snprintf.o)
                0x000000000800a048                snprintf
                0x000000000800a048                sniprintf
 .text.__malloc_lock
                0x000000000800a0b0        0xc /opt/st/stm32cubeide_1.6.1/plugins/com.st.stm32cube.ide.mcu.externaltools.gnu-tools-for-stm32.9-2020-q2-update.linux64_2.0.0.202105311346/tools/bin/../lib/gcc/arm-none-eabi/9.3.1/../../../../arm-none-eabi/lib/thumb/v7e-m+fp/hard/libc_nano.a(lib_a-mlock.o)
                0x000000000800a0b0                __malloc_lock
 .text.__malloc_unlock
                0x000000000800a0bc        0xc /opt/st/stm32cubeide_1.6.1/plugins/com.st.stm32cube.ide.mcu.externaltools.gnu-tools-for-stm32.9-2020-q2-update.linux64_2.0.0.202105311346/tools/bin/../lib/gcc/arm-none-eabi/9.3.1/../../../../arm-none-eabi/lib/thumb/v7e-m+fp/hard/libc_nano.a(lib_a-mlock.o)
                0x000000000800a0bc                __malloc_unlock
 .text.__ssputs_r
                0x000000000800a0c8       0xb6 /opt/st/stm32cubeide_1.6.1/plugins/com.st.stm32cube.ide.mcu.externaltools.gnu-tools-for-stm32.9-2020-q2-update.linux64_2.0.0.202105311346/tools/bin/../lib/gcc/arm-none-eabi/9.3.1/../../../../arm-none-eabi/lib/thumb/v7e-m+fp/hard/libc_nano.a(lib_a-nano-svfprintf.o)
                0x000000000800a0c8                __ssputs_r
 *fill*         0x000000000800a17e        0x2 
 .text._svfprintf_r
                0x000000000800a180      0x200 /opt/st/stm32cubeide_1.6.1/plugins/com.st.stm32cube.ide.mcu.externaltools.gnu-tools-for-stm32.9-2020-q2-update.linux64_2.0.0.202105311346/tools/bin/../lib/gcc/arm-none-eabi/9.3.1/../../../../arm-none-eabi/lib/thumb/v7e-m+fp/hard/libc_nano.a(lib_a-nano-svfprintf.o)
                0x000000000800a180                _svfprintf_r
                0x000000000800a180                _svfiprintf_r
 .text._printf_common
                0x000000000800a380       0xda /opt/st/stm32cubeide_1.6.1/plugins/com.st.stm32cube.ide.mcu.externaltools.gnu-tools-for-stm32.9-2020-q2-update.linux64_2.0.0.202105311346/tools/bin/../lib/gcc/arm-none-eabi/9.3.1/../../../../arm-none-eabi/lib/thumb/v7e-m+fp/hard/libc_nano.a(lib_a-nano-vfprintf_i.o)
                0x000000000800a380                _printf_common
 *fill*         0x000000000800a45a        0x2 
 .text._printf_i
                0x000000000800a45c      0x24c /opt/st/stm32cubeide_1.6.1/plugins/com.st.stm32cube.ide.mcu.externaltools.gnu-tools-for-stm32.9-2020-q2-update.linux64_2.0.0.202105311346/tools/bin/../lib/gcc/arm-none-eabi/9.3.1/../../../../arm-none-eabi/lib/thumb/v7e-m+fp/hard/libc_nano.a(lib_a-nano-vfprintf_i.o)
                0x000000000800a45c                _printf_i
 .text.memmove  0x000000000800a6a8       0x34 /opt/st/stm32cubeide_1.6.1/plugins/com.st.stm32cube.ide.mcu.externaltools.gnu-tools-for-stm32.9-2020-q2-update.linux64_2.0.0.202105311346/tools/bin/../lib/gcc/arm-none-eabi/9.3.1/../../../../arm-none-eabi/lib/thumb/v7e-m+fp/hard/libc_nano.a(lib_a-memmove.o)
                0x000000000800a6a8                memmove
 .text._realloc_r
                0x000000000800a6dc       0x4c /opt/st/stm32cubeide_1.6.1/plugins/com.st.stm32cube.ide.mcu.externaltools.gnu-tools-for-stm32.9-2020-q2-update.linux64_2.0.0.202105311346/tools/bin/../lib/gcc/arm-none-eabi/9.3.1/../../../../arm-none-eabi/lib/thumb/v7e-m+fp/hard/libc_nano.a(lib_a-nano-reallocr.o)
                0x000000000800a6dc                _realloc_r
 .text._malloc_usable_size_r
                0x000000000800a728       0x10 /opt/st/stm32cubeide_1.6.1/plugins/com.st.stm32cube.ide.mcu.externaltools.gnu-tools-for-stm32.9-2020-q2-update.linux64_2.0.0.202105311346/tools/bin/../lib/gcc/arm-none-eabi/9.3.1/../../../../arm-none-eabi/lib/thumb/v7e-m+fp/hard/libc_nano.a(lib_a-nano-msizer.o)
                0x000000000800a728                _malloc_usable_size_r
 *(.glue_7)
 .glue_7        0x000000000800a738        0x0 linker stubs
 *(.glue_7t)
 .glue_7t       0x000000000800a738        0x0 linker stubs
 *(.eh_frame)
 .eh_frame      0x000000000800a738        0x0 /opt/st/stm32cubeide_1.6.1/plugins/com.st.stm32cube.ide.mcu.externaltools.gnu-tools-for-stm32.9-2020-q2-update.linux64_2.0.0.202105311346/tools/bin/../lib/gcc/arm-none-eabi/9.3.1/thumb/v7e-m+fp/hard/crtbegin.o
 *(.init)
 .init          0x000000000800a738        0x4 /opt/st/stm32cubeide_1.6.1/plugins/com.st.stm32cube.ide.mcu.externaltools.gnu-tools-for-stm32.9-2020-q2-update.linux64_2.0.0.202105311346/tools/bin/../lib/gcc/arm-none-eabi/9.3.1/thumb/v7e-m+fp/hard/crti.o
                0x000000000800a738                _init
 .init          0x000000000800a73c        0x8 /opt/st/stm32cubeide_1.6.1/plugins/com.st.stm32cube.ide.mcu.externaltools.gnu-tools-for-stm32.9-2020-q2-update.linux64_2.0.0.202105311346/tools/bin/../lib/gcc/arm-none-eabi/9.3.1/thumb/v7e-m+fp/hard/crtn.o
 *(.fini)
 .fini          0x000000000800a744        0x4 /opt/st/stm32cubeide_1.6.1/plugins/com.st.stm32cube.ide.mcu.externaltools.gnu-tools-for-stm32.9-2020-q2-update.linux64_2.0.0.202105311346/tools/bin/../lib/gcc/arm-none-eabi/9.3.1/thumb/v7e-m+fp/hard/crti.o
                0x000000000800a744                _fini
 .fini          0x000000000800a748        0x8 /opt/st/stm32cubeide_1.6.1/plugins/com.st.stm32cube.ide.mcu.externaltools.gnu-tools-for-stm32.9-2020-q2-update.linux64_2.0.0.202105311346/tools/bin/../lib/gcc/arm-none-eabi/9.3.1/thumb/v7e-m+fp/hard/crtn.o
                0x000000000800a750                . = ALIGN (0x4)
                0x000000000800a750                _etext = .

.vfp11_veneer   0x000000000800a750        0x0
 .vfp11_veneer  0x000000000800a750        0x0 linker stubs

.v4_bx          0x000000000800a750        0x0
 .v4_bx         0x000000000800a750        0x0 linker stubs

.iplt           0x000000000800a750        0x0
 .iplt          0x000000000800a750        0x0 /opt/st/stm32cubeide_1.6.1/plugins/com.st.stm32cube.ide.mcu.externaltools.gnu-tools-for-stm32.9-2020-q2-update.linux64_2.0.0.202105311346/tools/bin/../lib/gcc/arm-none-eabi/9.3.1/thumb/v7e-m+fp/hard/crtbegin.o

.rodata         0x000000000800a750    0x1df54
                0x000000000800a750                . = ALIGN (0x4)
 *(.rodata)
 .rodata        0x000000000800a750       0x59 ./Core/Src/main.o
 *fill*         0x000000000800a7a9        0x3 
 .rodata        0x000000000800a7ac       0x4d ./Drivers/DISPLAY/display.o
 *fill*         0x000000000800a7f9        0x3 
 .rodata        0x000000000800a7fc        0x5 ./Middlewares/Third_Party/FreeRTOS/Source/tasks.o
 *fill*         0x000000000800a801        0x3 
 .rodata        0x000000000800a804        0xd ./Middlewares/Third_Party/FreeRTOS/Source/timers.o
 *(.rodata*)
 *fill*         0x000000000800a811        0x3 
 .rodata.idleTask_attributes
                0x000000000800a814       0x24 ./Core/Src/main.o
                0x000000000800a814                idleTask_attributes
 .rodata.buttonTask_attributes
                0x000000000800a838       0x24 ./Core/Src/main.o
                0x000000000800a838                buttonTask_attributes
 .rodata.fanTask_attributes
                0x000000000800a85c       0x24 ./Core/Src/main.o
                0x000000000800a85c                fanTask_attributes
 .rodata.displayTask_attributes
                0x000000000800a880       0x24 ./Core/Src/main.o
                0x000000000800a880                displayTask_attributes
 .rodata.touchTask_attributes
                0x000000000800a8a4       0x24 ./Core/Src/main.o
                0x000000000800a8a4                touchTask_attributes
 .rodata.dspTask_attributes
                0x000000000800a8c8       0x24 ./Core/Src/main.o
                0x000000000800a8c8                dspTask_attributes
 .rodata.sensorATask_attributes
                0x000000000800a8ec       0x24 ./Core/Src/main.o
                0x000000000800a8ec                sensorATask_attributes
 .rodata.displayQueue_attributes
                0x000000000800a910       0x18 ./Core/Src/main.o
                0x000000000800a910                displayQueue_attributes
 .rodata.AHBPrescTable
                0x000000000800a928       0x10 ./Core/Src/system_stm32f4xx.o
                0x000000000800a928                AHBPrescTable
 .rodata.APBPrescTable
                0x000000000800a938        0x8 ./Core/Src/system_stm32f4xx.o
                0x000000000800a938                APBPrescTable
 .rodata.TM_Font7x10
                0x000000000800a940      0x76c ./Drivers/DISPLAY/tm_stm32f4_fonts.o
                0x000000000800a940                TM_Font7x10
 .rodata.TM_Font16x26
                0x000000000800b0ac     0x134c ./Drivers/DISPLAY/tm_stm32f4_fonts.o
                0x000000000800b0ac                TM_Font16x26
 .rodata.vu_image
                0x000000000800c3f8    0x1c210 ./Drivers/DISPLAY/vu.o
                0x000000000800c3f8                vu_image
 .rodata.flagBitshiftOffset.8748
                0x0000000008028608        0x8 ./Drivers/STM32F4xx_HAL_Driver/Src/stm32f4xx_hal_dma.o
 .rodata.__sf_fake_stderr
                0x0000000008028610       0x20 /opt/st/stm32cubeide_1.6.1/plugins/com.st.stm32cube.ide.mcu.externaltools.gnu-tools-for-stm32.9-2020-q2-update.linux64_2.0.0.202105311346/tools/bin/../lib/gcc/arm-none-eabi/9.3.1/../../../../arm-none-eabi/lib/thumb/v7e-m+fp/hard/libc_nano.a(lib_a-findfp.o)
                0x0000000008028610                __sf_fake_stderr
 .rodata.__sf_fake_stdin
                0x0000000008028630       0x20 /opt/st/stm32cubeide_1.6.1/plugins/com.st.stm32cube.ide.mcu.externaltools.gnu-tools-for-stm32.9-2020-q2-update.linux64_2.0.0.202105311346/tools/bin/../lib/gcc/arm-none-eabi/9.3.1/../../../../arm-none-eabi/lib/thumb/v7e-m+fp/hard/libc_nano.a(lib_a-findfp.o)
                0x0000000008028630                __sf_fake_stdin
 .rodata.__sf_fake_stdout
                0x0000000008028650       0x20 /opt/st/stm32cubeide_1.6.1/plugins/com.st.stm32cube.ide.mcu.externaltools.gnu-tools-for-stm32.9-2020-q2-update.linux64_2.0.0.202105311346/tools/bin/../lib/gcc/arm-none-eabi/9.3.1/../../../../arm-none-eabi/lib/thumb/v7e-m+fp/hard/libc_nano.a(lib_a-findfp.o)
                0x0000000008028650                __sf_fake_stdout
 .rodata._svfprintf_r.str1.1
                0x0000000008028670       0x11 /opt/st/stm32cubeide_1.6.1/plugins/com.st.stm32cube.ide.mcu.externaltools.gnu-tools-for-stm32.9-2020-q2-update.linux64_2.0.0.202105311346/tools/bin/../lib/gcc/arm-none-eabi/9.3.1/../../../../arm-none-eabi/lib/thumb/v7e-m+fp/hard/libc_nano.a(lib_a-nano-svfprintf.o)
 .rodata._printf_i.str1.1
                0x0000000008028681       0x22 /opt/st/stm32cubeide_1.6.1/plugins/com.st.stm32cube.ide.mcu.externaltools.gnu-tools-for-stm32.9-2020-q2-update.linux64_2.0.0.202105311346/tools/bin/../lib/gcc/arm-none-eabi/9.3.1/../../../../arm-none-eabi/lib/thumb/v7e-m+fp/hard/libc_nano.a(lib_a-nano-vfprintf_i.o)
                0x00000000080286a4                . = ALIGN (0x4)
 *fill*         0x00000000080286a3        0x1 

.ARM.extab      0x00000000080286a4        0x0
                0x00000000080286a4                . = ALIGN (0x4)
 *(.ARM.extab* .gnu.linkonce.armextab.*)
                0x00000000080286a4                . = ALIGN (0x4)

.ARM            0x00000000080286a4        0x8
                0x00000000080286a4                . = ALIGN (0x4)
                0x00000000080286a4                __exidx_start = .
 *(.ARM.exidx*)
 .ARM.exidx     0x00000000080286a4        0x8 /opt/st/stm32cubeide_1.6.1/plugins/com.st.stm32cube.ide.mcu.externaltools.gnu-tools-for-stm32.9-2020-q2-update.linux64_2.0.0.202105311346/tools/bin/../lib/gcc/arm-none-eabi/9.3.1/thumb/v7e-m+fp/hard/libgcc.a(_udivmoddi4.o)
                0x00000000080286ac                __exidx_end = .
                0x00000000080286ac                . = ALIGN (0x4)

.rel.dyn        0x00000000080286ac        0x0
 .rel.iplt      0x00000000080286ac        0x0 /opt/st/stm32cubeide_1.6.1/plugins/com.st.stm32cube.ide.mcu.externaltools.gnu-tools-for-stm32.9-2020-q2-update.linux64_2.0.0.202105311346/tools/bin/../lib/gcc/arm-none-eabi/9.3.1/thumb/v7e-m+fp/hard/crtbegin.o

.preinit_array  0x00000000080286ac        0x0
                0x00000000080286ac                . = ALIGN (0x4)
                0x00000000080286ac                PROVIDE (__preinit_array_start = .)
 *(.preinit_array*)
                0x00000000080286ac                PROVIDE (__preinit_array_end = .)
                0x00000000080286ac                . = ALIGN (0x4)

.init_array     0x00000000080286ac        0x4
                0x00000000080286ac                . = ALIGN (0x4)
                0x00000000080286ac                PROVIDE (__init_array_start = .)
 *(SORT_BY_NAME(.init_array.*))
 *(.init_array*)
 .init_array    0x00000000080286ac        0x4 /opt/st/stm32cubeide_1.6.1/plugins/com.st.stm32cube.ide.mcu.externaltools.gnu-tools-for-stm32.9-2020-q2-update.linux64_2.0.0.202105311346/tools/bin/../lib/gcc/arm-none-eabi/9.3.1/thumb/v7e-m+fp/hard/crtbegin.o
                0x00000000080286b0                PROVIDE (__init_array_end = .)
                0x00000000080286b0                . = ALIGN (0x4)

.fini_array     0x00000000080286b0        0x4
                0x00000000080286b0                . = ALIGN (0x4)
                [!provide]                        PROVIDE (__fini_array_start = .)
 *(SORT_BY_NAME(.fini_array.*))
 *(.fini_array*)
 .fini_array    0x00000000080286b0        0x4 /opt/st/stm32cubeide_1.6.1/plugins/com.st.stm32cube.ide.mcu.externaltools.gnu-tools-for-stm32.9-2020-q2-update.linux64_2.0.0.202105311346/tools/bin/../lib/gcc/arm-none-eabi/9.3.1/thumb/v7e-m+fp/hard/crtbegin.o
                [!provide]                        PROVIDE (__fini_array_end = .)
                0x00000000080286b4                . = ALIGN (0x4)
                0x00000000080286b4                _sidata = LOADADDR (.data)

.data           0x0000000020000000       0x84 load address 0x00000000080286b4
                0x0000000020000000                . = ALIGN (0x4)
                0x0000000020000000                _sdata = .
 *(.data)
 *(.data*)
 .data.SystemCoreClock
                0x0000000020000000        0x4 ./Core/Src/system_stm32f4xx.o
                0x0000000020000000                SystemCoreClock
 .data.TM_Font_7x10
                0x0000000020000004        0x8 ./Drivers/DISPLAY/tm_stm32f4_fonts.o
                0x0000000020000004                TM_Font_7x10
 .data.TM_Font_16x26
                0x000000002000000c        0x8 ./Drivers/DISPLAY/tm_stm32f4_fonts.o
                0x000000002000000c                TM_Font_16x26
 .data.uwTickPrio
                0x0000000020000014        0x4 ./Drivers/STM32F4xx_HAL_Driver/Src/stm32f4xx_hal.o
                0x0000000020000014                uwTickPrio
 .data.uwTickFreq
                0x0000000020000018        0x1 ./Drivers/STM32F4xx_HAL_Driver/Src/stm32f4xx_hal.o
                0x0000000020000018                uwTickFreq
 *fill*         0x0000000020000019        0x3 
 .data.uxCriticalNesting
                0x000000002000001c        0x4 ./Middlewares/Third_Party/FreeRTOS/Source/portable/GCC/ARM_CM4F/port.o
 .data._impure_ptr
                0x0000000020000020        0x4 /opt/st/stm32cubeide_1.6.1/plugins/com.st.stm32cube.ide.mcu.externaltools.gnu-tools-for-stm32.9-2020-q2-update.linux64_2.0.0.202105311346/tools/bin/../lib/gcc/arm-none-eabi/9.3.1/../../../../arm-none-eabi/lib/thumb/v7e-m+fp/hard/libc_nano.a(lib_a-impure.o)
                0x0000000020000020                _impure_ptr
 .data.impure_data
                0x0000000020000024       0x60 /opt/st/stm32cubeide_1.6.1/plugins/com.st.stm32cube.ide.mcu.externaltools.gnu-tools-for-stm32.9-2020-q2-update.linux64_2.0.0.202105311346/tools/bin/../lib/gcc/arm-none-eabi/9.3.1/../../../../arm-none-eabi/lib/thumb/v7e-m+fp/hard/libc_nano.a(lib_a-impure.o)
 *(.RamFunc)
 *(.RamFunc*)
                0x0000000020000084                . = ALIGN (0x4)
                0x0000000020000084                _edata = .
                0x0000000008028738                _siccmram = LOADADDR (.ccmram)

.igot.plt       0x0000000020000084        0x0 load address 0x0000000008028738
 .igot.plt      0x0000000020000084        0x0 /opt/st/stm32cubeide_1.6.1/plugins/com.st.stm32cube.ide.mcu.externaltools.gnu-tools-for-stm32.9-2020-q2-update.linux64_2.0.0.202105311346/tools/bin/../lib/gcc/arm-none-eabi/9.3.1/thumb/v7e-m+fp/hard/crtbegin.o

.ccmram         0x0000000010000000        0x0 load address 0x0000000008028738
                0x0000000010000000                . = ALIGN (0x4)
                0x0000000010000000                _sccmram = .
 *(.ccmram)
 *(.ccmram*)
                0x0000000010000000                . = ALIGN (0x4)
                0x0000000010000000                _eccmram = .
                0x0000000010000000                . = ALIGN (0x4)

.bss            0x0000000020000084     0x4dc4
                0x0000000020000084                _sbss = .
                0x0000000020000084                __bss_start__ = _sbss
 *(.bss)
 .bss           0x0000000020000084       0x1c /opt/st/stm32cubeide_1.6.1/plugins/com.st.stm32cube.ide.mcu.externaltools.gnu-tools-for-stm32.9-2020-q2-update.linux64_2.0.0.202105311346/tools/bin/../lib/gcc/arm-none-eabi/9.3.1/thumb/v7e-m+fp/hard/crtbegin.o
 *(.bss*)
 .bss.state     0x00000000200000a0        0x1 ./Core/Src/button.o
                0x00000000200000a0                state
 *fill*         0x00000000200000a1        0x3 
 .bss.__sbrk_heap_end
                0x00000000200000a4        0x4 ./Core/Src/sysmem.o
 .bss.touch_pending
                0x00000000200000a8        0x1 ./Core/Src/touch.o
                0x00000000200000a8                touch_pending
 *fill*         0x00000000200000a9        0x3 
 .bss.KernelState
                0x00000000200000ac        0x4 ./Middlewares/Third_Party/FreeRTOS/Source/CMSIS_RTOS_V2/cmsis_os2.o
 .bss.Idle_TCB.10631
                0x00000000200000b0       0xbc ./Middlewares/Third_Party/FreeRTOS/Source/CMSIS_RTOS_V2/cmsis_os2.o
 .bss.Idle_Stack.10632
                0x000000002000016c      0x200 ./Middlewares/Third_Party/FreeRTOS/Source/CMSIS_RTOS_V2/cmsis_os2.o
 .bss.Timer_TCB.10638
                0x000000002000036c       0xbc ./Middlewares/Third_Party/FreeRTOS/Source/CMSIS_RTOS_V2/cmsis_os2.o
 .bss.Timer_Stack.10639
                0x0000000020000428      0x400 ./Middlewares/Third_Party/FreeRTOS/Source/CMSIS_RTOS_V2/cmsis_os2.o
 .bss.pxCurrentTCB
                0x0000000020000828        0x4 ./Middlewares/Third_Party/FreeRTOS/Source/tasks.o
                0x0000000020000828                pxCurrentTCB
 .bss.pxReadyTasksLists
                0x000000002000082c      0x460 ./Middlewares/Third_Party/FreeRTOS/Source/tasks.o
 .bss.xDelayedTaskList1
                0x0000000020000c8c       0x14 ./Middlewares/Third_Party/FreeRTOS/Source/tasks.o
 .bss.xDelayedTaskList2
                0x0000000020000ca0       0x14 ./Middlewares/Third_Party/FreeRTOS/Source/tasks.o
 .bss.pxDelayedTaskList
                0x0000000020000cb4        0x4 ./Middlewares/Third_Party/FreeRTOS/Source/tasks.o
 .bss.pxOverflowDelayedTaskList
                0x0000000020000cb8        0x4 ./Middlewares/Third_Party/FreeRTOS/Source/tasks.o
 .bss.xPendingReadyList
                0x0000000020000cbc       0x14 ./Middlewares/Third_Party/FreeRTOS/Source/tasks.o
 .bss.xTasksWaitingTermination
                0x0000000020000cd0       0x14 ./Middlewares/Third_Party/FreeRTOS/Source/tasks.o
 .bss.uxDeletedTasksWaitingCleanUp
                0x0000000020000ce4        0x4 ./Middlewares/Third_Party/FreeRTOS/Source/tasks.o
 .bss.xSuspendedTaskList
                0x0000000020000ce8       0x14 ./Middlewares/Third_Party/FreeRTOS/Source/tasks.o
 .bss.uxCurrentNumberOfTasks
                0x0000000020000cfc        0x4 ./Middlewares/Third_Party/FreeRTOS/Source/tasks.o
 .bss.xTickCount
                0x0000000020000d00        0x4 ./Middlewares/Third_Party/FreeRTOS/Source/tasks.o
 .bss.uxTopReadyPriority
                0x0000000020000d04        0x4 ./Middlewares/Third_Party/FreeRTOS/Source/tasks.o
 .bss.xSchedulerRunning
                0x0000000020000d08        0x4 ./Middlewares/Third_Party/FreeRTOS/Source/tasks.o
 .bss.xPendedTicks
                0x0000000020000d0c        0x4 ./Middlewares/Third_Party/FreeRTOS/Source/tasks.o
 .bss.xYieldPending
                0x0000000020000d10        0x4 ./Middlewares/Third_Party/FreeRTOS/Source/tasks.o
 .bss.xNumOfOverflows
                0x0000000020000d14        0x4 ./Middlewares/Third_Party/FreeRTOS/Source/tasks.o
 .bss.uxTaskNumber
                0x0000000020000d18        0x4 ./Middlewares/Third_Party/FreeRTOS/Source/tasks.o
 .bss.xNextTaskUnblockTime
                0x0000000020000d1c        0x4 ./Middlewares/Third_Party/FreeRTOS/Source/tasks.o
 .bss.xIdleTaskHandle
                0x0000000020000d20        0x4 ./Middlewares/Third_Party/FreeRTOS/Source/tasks.o
 .bss.uxSchedulerSuspended
                0x0000000020000d24        0x4 ./Middlewares/Third_Party/FreeRTOS/Source/tasks.o
 .bss.xActiveTimerList1
                0x0000000020000d28       0x14 ./Middlewares/Third_Party/FreeRTOS/Source/timers.o
 .bss.xActiveTimerList2
                0x0000000020000d3c       0x14 ./Middlewares/Third_Party/FreeRTOS/Source/timers.o
 .bss.pxCurrentTimerList
                0x0000000020000d50        0x4 ./Middlewares/Third_Party/FreeRTOS/Source/timers.o
 .bss.pxOverflowTimerList
                0x0000000020000d54        0x4 ./Middlewares/Third_Party/FreeRTOS/Source/timers.o
 .bss.xTimerQueue
                0x0000000020000d58        0x4 ./Middlewares/Third_Party/FreeRTOS/Source/timers.o
 .bss.xTimerTaskHandle
                0x0000000020000d5c        0x4 ./Middlewares/Third_Party/FreeRTOS/Source/timers.o
 .bss.xLastTime.7010
                0x0000000020000d60        0x4 ./Middlewares/Third_Party/FreeRTOS/Source/timers.o
 .bss.ucStaticTimerQueueStorage.7061
                0x0000000020000d64       0xa0 ./Middlewares/Third_Party/FreeRTOS/Source/timers.o
 .bss.xStaticTimerQueue.7060
                0x0000000020000e04       0x50 ./Middlewares/Third_Party/FreeRTOS/Source/timers.o
 .bss.ucMaxSysCallPriority
                0x0000000020000e54        0x1 ./Middlewares/Third_Party/FreeRTOS/Source/portable/GCC/ARM_CM4F/port.o
 *fill*         0x0000000020000e55        0x3 
 .bss.ulMaxPRIGROUPValue
                0x0000000020000e58        0x4 ./Middlewares/Third_Party/FreeRTOS/Source/portable/GCC/ARM_CM4F/port.o
 .bss.ucHeap    0x0000000020000e5c     0x3c00 ./Middlewares/Third_Party/FreeRTOS/Source/portable/MemMang/heap_4.o
 .bss.xStart    0x0000000020004a5c        0x8 ./Middlewares/Third_Party/FreeRTOS/Source/portable/MemMang/heap_4.o
 .bss.pxEnd     0x0000000020004a64        0x4 ./Middlewares/Third_Party/FreeRTOS/Source/portable/MemMang/heap_4.o
 .bss.xFreeBytesRemaining
                0x0000000020004a68        0x4 ./Middlewares/Third_Party/FreeRTOS/Source/portable/MemMang/heap_4.o
 .bss.xMinimumEverFreeBytesRemaining
                0x0000000020004a6c        0x4 ./Middlewares/Third_Party/FreeRTOS/Source/portable/MemMang/heap_4.o
 .bss.xNumberOfSuccessfulAllocations
                0x0000000020004a70        0x4 ./Middlewares/Third_Party/FreeRTOS/Source/portable/MemMang/heap_4.o
 .bss.xNumberOfSuccessfulFrees
                0x0000000020004a74        0x4 ./Middlewares/Third_Party/FreeRTOS/Source/portable/MemMang/heap_4.o
 .bss.xBlockAllocatedBit
                0x0000000020004a78        0x4 ./Middlewares/Third_Party/FreeRTOS/Source/portable/MemMang/heap_4.o
 .bss.__malloc_free_list
                0x0000000020004a7c        0x4 /opt/st/stm32cubeide_1.6.1/plugins/com.st.stm32cube.ide.mcu.externaltools.gnu-tools-for-stm32.9-2020-q2-update.linux64_2.0.0.202105311346/tools/bin/../lib/gcc/arm-none-eabi/9.3.1/../../../../arm-none-eabi/lib/thumb/v7e-m+fp/hard/libc_nano.a(lib_a-nano-mallocr.o)
                0x0000000020004a7c                __malloc_free_list
 .bss.__malloc_sbrk_start
                0x0000000020004a80        0x4 /opt/st/stm32cubeide_1.6.1/plugins/com.st.stm32cube.ide.mcu.externaltools.gnu-tools-for-stm32.9-2020-q2-update.linux64_2.0.0.202105311346/tools/bin/../lib/gcc/arm-none-eabi/9.3.1/../../../../arm-none-eabi/lib/thumb/v7e-m+fp/hard/libc_nano.a(lib_a-nano-mallocr.o)
                0x0000000020004a80                __malloc_sbrk_start
 *(COMMON)
 COMMON         0x0000000020004a84      0x318 ./Core/Src/main.o
                0x0000000020004a84                dspTaskHandle
                0x0000000020004a88                htim4
                0x0000000020004ad0                hi2c1
                0x0000000020004b24                hi2c2
                0x0000000020004b78                displayTaskHandle
                0x0000000020004b7c                htim5
                0x0000000020004bc4                htim3
                0x0000000020004c0c                touchTaskHandle
                0x0000000020004c10                hspi3
                0x0000000020004c68                fanTaskHandle
                0x0000000020004c6c                hrtc
                0x0000000020004c8c                htim1
                0x0000000020004cd4                idleTaskHandle
                0x0000000020004cd8                hspi1
                0x0000000020004d30                buttonTaskHandle
                0x0000000020004d34                displayQueueHandle
                0x0000000020004d38                sensorATaskHandle
                0x0000000020004d3c                hdma_spi1_tx
 COMMON         0x0000000020004d9c       0x48 ./Core/Src/stm32f4xx_hal_timebase_tim.o
                0x0000000020004d9c                htim10
 COMMON         0x0000000020004de4        0x4 ./Core/Src/touch.o
                0x0000000020004de4                qdata
 COMMON         0x0000000020004de8        0xc ./Drivers/DISPLAY/tm_stm32f4_ili9341.o
                0x0000000020004de8                ILI9341_x
                0x0000000020004dec                ILI9341_Opts
                0x0000000020004df2                ILI9341_y
 COMMON         0x0000000020004df4        0x4 ./Drivers/STM32F4xx_HAL_Driver/Src/stm32f4xx_hal.o
                0x0000000020004df4                uwTick
 COMMON         0x0000000020004df8       0x40 ./Middlewares/Third_Party/FreeRTOS/Source/queue.o
                0x0000000020004df8                xQueueRegistry
 COMMON         0x0000000020004e38        0x9 /opt/st/stm32cubeide_1.6.1/plugins/com.st.stm32cube.ide.mcu.externaltools.gnu-tools-for-stm32.9-2020-q2-update.linux64_2.0.0.202105311346/tools/bin/../lib/gcc/arm-none-eabi/9.3.1/../../../../arm-none-eabi/lib/thumb/v7e-m+fp/hard/libc_nano.a(lib_a-lock.o)
                0x0000000020004e38                __lock___atexit_recursive_mutex
                0x0000000020004e39                __lock___arc4random_mutex
                0x0000000020004e3a                __lock___env_recursive_mutex
                0x0000000020004e3b                __lock___sinit_recursive_mutex
                0x0000000020004e3c                __lock___malloc_recursive_mutex
                0x0000000020004e3d                __lock___at_quick_exit_mutex
                0x0000000020004e3e                __lock___dd_hash_mutex
                0x0000000020004e3f                __lock___tz_mutex
                0x0000000020004e40                __lock___sfp_recursive_mutex
 *fill*         0x0000000020004e41        0x3 
 COMMON         0x0000000020004e44        0x4 /opt/st/stm32cubeide_1.6.1/plugins/com.st.stm32cube.ide.mcu.externaltools.gnu-tools-for-stm32.9-2020-q2-update.linux64_2.0.0.202105311346/tools/bin/../lib/gcc/arm-none-eabi/9.3.1/../../../../arm-none-eabi/lib/thumb/v7e-m+fp/hard/libc_nano.a(lib_a-reent.o)
                0x0000000020004e44                errno
                0x0000000020004e48                . = ALIGN (0x4)
                0x0000000020004e48                _ebss = .
                0x0000000020004e48                __bss_end__ = _ebss

._user_heap_stack
                0x0000000020004e48      0x600
                0x0000000020004e48                . = ALIGN (0x8)
                [!provide]                        PROVIDE (end = .)
                0x0000000020004e48                PROVIDE (_end = .)
                0x0000000020005048                . = (. + _Min_Heap_Size)
 *fill*         0x0000000020004e48      0x200 
                0x0000000020005448                . = (. + _Min_Stack_Size)
 *fill*         0x0000000020005048      0x400 
                0x0000000020005448                . = ALIGN (0x8)

/DISCARD/
 libc.a(*)
 libm.a(*)
 libgcc.a(*)

.ARM.attributes
                0x0000000000000000       0x30
 *(.ARM.attributes)
 .ARM.attributes
                0x0000000000000000       0x1e /opt/st/stm32cubeide_1.6.1/plugins/com.st.stm32cube.ide.mcu.externaltools.gnu-tools-for-stm32.9-2020-q2-update.linux64_2.0.0.202105311346/tools/bin/../lib/gcc/arm-none-eabi/9.3.1/thumb/v7e-m+fp/hard/crti.o
 .ARM.attributes
                0x000000000000001e       0x34 /opt/st/stm32cubeide_1.6.1/plugins/com.st.stm32cube.ide.mcu.externaltools.gnu-tools-for-stm32.9-2020-q2-update.linux64_2.0.0.202105311346/tools/bin/../lib/gcc/arm-none-eabi/9.3.1/thumb/v7e-m+fp/hard/crtbegin.o
 .ARM.attributes
                0x0000000000000052       0x34 ./Core/Src/button.o
 .ARM.attributes
                0x0000000000000086       0x34 ./Core/Src/dsp_control.o
 .ARM.attributes
                0x00000000000000ba       0x34 ./Core/Src/fan_control.o
 .ARM.attributes
                0x00000000000000ee       0x34 ./Core/Src/main.o
 .ARM.attributes
                0x0000000000000122       0x34 ./Core/Src/stm32f4xx_hal_msp.o
 .ARM.attributes
                0x0000000000000156       0x34 ./Core/Src/stm32f4xx_hal_timebase_tim.o
 .ARM.attributes
                0x000000000000018a       0x34 ./Core/Src/stm32f4xx_it.o
 .ARM.attributes
                0x00000000000001be       0x34 ./Core/Src/sysmem.o
 .ARM.attributes
                0x00000000000001f2       0x34 ./Core/Src/system_stm32f4xx.o
 .ARM.attributes
                0x0000000000000226       0x34 ./Core/Src/temp_sensors.o
 .ARM.attributes
                0x000000000000025a       0x34 ./Core/Src/touch.o
 .ARM.attributes
                0x000000000000028e       0x21 ./Core/Startup/startup_stm32f407vetx.o
 .ARM.attributes
                0x00000000000002af       0x34 ./Drivers/DISPLAY/display.o
 .ARM.attributes
                0x00000000000002e3       0x34 ./Drivers/DISPLAY/tm_stm32f4_fonts.o
 .ARM.attributes
                0x0000000000000317       0x34 ./Drivers/DISPLAY/tm_stm32f4_ili9341.o
 .ARM.attributes
                0x000000000000034b       0x39 ./Drivers/DISPLAY/vu.o
 .ARM.attributes
                0x0000000000000384       0x34 ./Drivers/STM32F4xx_HAL_Driver/Src/stm32f4xx_hal.o
 .ARM.attributes
                0x00000000000003b8       0x34 ./Drivers/STM32F4xx_HAL_Driver/Src/stm32f4xx_hal_cortex.o
 .ARM.attributes
                0x00000000000003ec       0x34 ./Drivers/STM32F4xx_HAL_Driver/Src/stm32f4xx_hal_dma.o
 .ARM.attributes
                0x0000000000000420       0x34 ./Drivers/STM32F4xx_HAL_Driver/Src/stm32f4xx_hal_gpio.o
 .ARM.attributes
                0x0000000000000454       0x34 ./Drivers/STM32F4xx_HAL_Driver/Src/stm32f4xx_hal_i2c.o
 .ARM.attributes
                0x0000000000000488       0x34 ./Drivers/STM32F4xx_HAL_Driver/Src/stm32f4xx_hal_rcc.o
 .ARM.attributes
                0x00000000000004bc       0x34 ./Drivers/STM32F4xx_HAL_Driver/Src/stm32f4xx_hal_rcc_ex.o
 .ARM.attributes
                0x00000000000004f0       0x34 ./Drivers/STM32F4xx_HAL_Driver/Src/stm32f4xx_hal_rtc.o
 .ARM.attributes
                0x0000000000000524       0x34 ./Drivers/STM32F4xx_HAL_Driver/Src/stm32f4xx_hal_spi.o
 .ARM.attributes
                0x0000000000000558       0x34 ./Drivers/STM32F4xx_HAL_Driver/Src/stm32f4xx_hal_tim.o
 .ARM.attributes
                0x000000000000058c       0x34 ./Drivers/STM32F4xx_HAL_Driver/Src/stm32f4xx_hal_tim_ex.o
 .ARM.attributes
                0x00000000000005c0       0x34 ./Middlewares/Third_Party/FreeRTOS/Source/CMSIS_RTOS_V2/cmsis_os2.o
 .ARM.attributes
                0x00000000000005f4       0x34 ./Middlewares/Third_Party/FreeRTOS/Source/list.o
 .ARM.attributes
                0x0000000000000628       0x34 ./Middlewares/Third_Party/FreeRTOS/Source/queue.o
 .ARM.attributes
                0x000000000000065c       0x34 ./Middlewares/Third_Party/FreeRTOS/Source/tasks.o
 .ARM.attributes
                0x0000000000000690       0x34 ./Middlewares/Third_Party/FreeRTOS/Source/timers.o
 .ARM.attributes
                0x00000000000006c4       0x34 ./Middlewares/Third_Party/FreeRTOS/Source/portable/GCC/ARM_CM4F/port.o
 .ARM.attributes
                0x00000000000006f8       0x34 ./Middlewares/Third_Party/FreeRTOS/Source/portable/MemMang/heap_4.o
 .ARM.attributes
                0x000000000000072c       0x34 /opt/st/stm32cubeide_1.6.1/plugins/com.st.stm32cube.ide.mcu.externaltools.gnu-tools-for-stm32.9-2020-q2-update.linux64_2.0.0.202105311346/tools/bin/../lib/gcc/arm-none-eabi/9.3.1/../../../../arm-none-eabi/lib/thumb/v7e-m+fp/hard/libc_nano.a(lib_a-errno.o)
 .ARM.attributes
                0x0000000000000760       0x34 /opt/st/stm32cubeide_1.6.1/plugins/com.st.stm32cube.ide.mcu.externaltools.gnu-tools-for-stm32.9-2020-q2-update.linux64_2.0.0.202105311346/tools/bin/../lib/gcc/arm-none-eabi/9.3.1/../../../../arm-none-eabi/lib/thumb/v7e-m+fp/hard/libc_nano.a(lib_a-findfp.o)
 .ARM.attributes
                0x0000000000000794       0x32 /opt/st/stm32cubeide_1.6.1/plugins/com.st.stm32cube.ide.mcu.externaltools.gnu-tools-for-stm32.9-2020-q2-update.linux64_2.0.0.202105311346/tools/bin/../lib/gcc/arm-none-eabi/9.3.1/../../../../arm-none-eabi/lib/thumb/v7e-m+fp/hard/libc_nano.a(lib_a-impure.o)
 .ARM.attributes
                0x00000000000007c6       0x34 /opt/st/stm32cubeide_1.6.1/plugins/com.st.stm32cube.ide.mcu.externaltools.gnu-tools-for-stm32.9-2020-q2-update.linux64_2.0.0.202105311346/tools/bin/../lib/gcc/arm-none-eabi/9.3.1/../../../../arm-none-eabi/lib/thumb/v7e-m+fp/hard/libc_nano.a(lib_a-init.o)
 .ARM.attributes
                0x00000000000007fa       0x34 /opt/st/stm32cubeide_1.6.1/plugins/com.st.stm32cube.ide.mcu.externaltools.gnu-tools-for-stm32.9-2020-q2-update.linux64_2.0.0.202105311346/tools/bin/../lib/gcc/arm-none-eabi/9.3.1/../../../../arm-none-eabi/lib/thumb/v7e-m+fp/hard/libc_nano.a(lib_a-lock.o)
 .ARM.attributes
                0x000000000000082e       0x34 /opt/st/stm32cubeide_1.6.1/plugins/com.st.stm32cube.ide.mcu.externaltools.gnu-tools-for-stm32.9-2020-q2-update.linux64_2.0.0.202105311346/tools/bin/../lib/gcc/arm-none-eabi/9.3.1/../../../../arm-none-eabi/lib/thumb/v7e-m+fp/hard/libc_nano.a(lib_a-malloc.o)
 .ARM.attributes
                0x0000000000000862       0x34 /opt/st/stm32cubeide_1.6.1/plugins/com.st.stm32cube.ide.mcu.externaltools.gnu-tools-for-stm32.9-2020-q2-update.linux64_2.0.0.202105311346/tools/bin/../lib/gcc/arm-none-eabi/9.3.1/../../../../arm-none-eabi/lib/thumb/v7e-m+fp/hard/libc_nano.a(lib_a-memcpy-stub.o)
 .ARM.attributes
                0x0000000000000896       0x34 /opt/st/stm32cubeide_1.6.1/plugins/com.st.stm32cube.ide.mcu.externaltools.gnu-tools-for-stm32.9-2020-q2-update.linux64_2.0.0.202105311346/tools/bin/../lib/gcc/arm-none-eabi/9.3.1/../../../../arm-none-eabi/lib/thumb/v7e-m+fp/hard/libc_nano.a(lib_a-memset.o)
 .ARM.attributes
                0x00000000000008ca       0x34 /opt/st/stm32cubeide_1.6.1/plugins/com.st.stm32cube.ide.mcu.externaltools.gnu-tools-for-stm32.9-2020-q2-update.linux64_2.0.0.202105311346/tools/bin/../lib/gcc/arm-none-eabi/9.3.1/../../../../arm-none-eabi/lib/thumb/v7e-m+fp/hard/libc_nano.a(lib_a-nano-freer.o)
 .ARM.attributes
                0x00000000000008fe       0x34 /opt/st/stm32cubeide_1.6.1/plugins/com.st.stm32cube.ide.mcu.externaltools.gnu-tools-for-stm32.9-2020-q2-update.linux64_2.0.0.202105311346/tools/bin/../lib/gcc/arm-none-eabi/9.3.1/../../../../arm-none-eabi/lib/thumb/v7e-m+fp/hard/libc_nano.a(lib_a-nano-mallocr.o)
 .ARM.attributes